Archive member included to satisfy reference by file (symbol)

c:/st/stm32cubeide_1.2.0/stm32cubeide/plugins/com.st.stm32cube.ide.mcu.externaltools.gnu-tools-for-stm32.7-2018-q2-update.win32_1.0.0.201904181610/tools/bin/../lib/gcc/arm-none-eabi/7.3.1/../../../../arm-none-eabi/lib/thumb/v7-m\libc_nano.a(lib_a-errno.o)
                              Core/Src/syscalls.o (__errno)
c:/st/stm32cubeide_1.2.0/stm32cubeide/plugins/com.st.stm32cube.ide.mcu.externaltools.gnu-tools-for-stm32.7-2018-q2-update.win32_1.0.0.201904181610/tools/bin/../lib/gcc/arm-none-eabi/7.3.1/../../../../arm-none-eabi/lib/thumb/v7-m\libc_nano.a(lib_a-exit.o)
                              c:/st/stm32cubeide_1.2.0/stm32cubeide/plugins/com.st.stm32cube.ide.mcu.externaltools.gnu-tools-for-stm32.7-2018-q2-update.win32_1.0.0.201904181610/tools/bin/../lib/gcc/arm-none-eabi/7.3.1/../../../../arm-none-eabi/lib/thumb/v7-m/crt0.o (exit)
c:/st/stm32cubeide_1.2.0/stm32cubeide/plugins/com.st.stm32cube.ide.mcu.externaltools.gnu-tools-for-stm32.7-2018-q2-update.win32_1.0.0.201904181610/tools/bin/../lib/gcc/arm-none-eabi/7.3.1/../../../../arm-none-eabi/lib/thumb/v7-m\libc_nano.a(lib_a-impure.o)
                              c:/st/stm32cubeide_1.2.0/stm32cubeide/plugins/com.st.stm32cube.ide.mcu.externaltools.gnu-tools-for-stm32.7-2018-q2-update.win32_1.0.0.201904181610/tools/bin/../lib/gcc/arm-none-eabi/7.3.1/../../../../arm-none-eabi/lib/thumb/v7-m\libc_nano.a(lib_a-exit.o) (_global_impure_ptr)
c:/st/stm32cubeide_1.2.0/stm32cubeide/plugins/com.st.stm32cube.ide.mcu.externaltools.gnu-tools-for-stm32.7-2018-q2-update.win32_1.0.0.201904181610/tools/bin/../lib/gcc/arm-none-eabi/7.3.1/../../../../arm-none-eabi/lib/thumb/v7-m\libc_nano.a(lib_a-init.o)
                              c:/st/stm32cubeide_1.2.0/stm32cubeide/plugins/com.st.stm32cube.ide.mcu.externaltools.gnu-tools-for-stm32.7-2018-q2-update.win32_1.0.0.201904181610/tools/bin/../lib/gcc/arm-none-eabi/7.3.1/../../../../arm-none-eabi/lib/thumb/v7-m/crt0.o (__libc_init_array)
c:/st/stm32cubeide_1.2.0/stm32cubeide/plugins/com.st.stm32cube.ide.mcu.externaltools.gnu-tools-for-stm32.7-2018-q2-update.win32_1.0.0.201904181610/tools/bin/../lib/gcc/arm-none-eabi/7.3.1/../../../../arm-none-eabi/lib/thumb/v7-m\libc_nano.a(lib_a-memcpy-stub.o)
                              Core/Src/MY_NRF24.o (memcpy)
c:/st/stm32cubeide_1.2.0/stm32cubeide/plugins/com.st.stm32cube.ide.mcu.externaltools.gnu-tools-for-stm32.7-2018-q2-update.win32_1.0.0.201904181610/tools/bin/../lib/gcc/arm-none-eabi/7.3.1/../../../../arm-none-eabi/lib/thumb/v7-m\libc_nano.a(lib_a-memset.o)
                              c:/st/stm32cubeide_1.2.0/stm32cubeide/plugins/com.st.stm32cube.ide.mcu.externaltools.gnu-tools-for-stm32.7-2018-q2-update.win32_1.0.0.201904181610/tools/bin/../lib/gcc/arm-none-eabi/7.3.1/../../../../arm-none-eabi/lib/thumb/v7-m/crt0.o (memset)
c:/st/stm32cubeide_1.2.0/stm32cubeide/plugins/com.st.stm32cube.ide.mcu.externaltools.gnu-tools-for-stm32.7-2018-q2-update.win32_1.0.0.201904181610/tools/bin/../lib/gcc/arm-none-eabi/7.3.1/../../../../arm-none-eabi/lib/thumb/v7-m\libc_nano.a(lib_a-sprintf.o)
                              Core/Src/MY_NRF24.o (sprintf)
c:/st/stm32cubeide_1.2.0/stm32cubeide/plugins/com.st.stm32cube.ide.mcu.externaltools.gnu-tools-for-stm32.7-2018-q2-update.win32_1.0.0.201904181610/tools/bin/../lib/gcc/arm-none-eabi/7.3.1/../../../../arm-none-eabi/lib/thumb/v7-m\libc_nano.a(lib_a-strlen.o)
                              Core/Src/MY_NRF24.o (strlen)
c:/st/stm32cubeide_1.2.0/stm32cubeide/plugins/com.st.stm32cube.ide.mcu.externaltools.gnu-tools-for-stm32.7-2018-q2-update.win32_1.0.0.201904181610/tools/bin/../lib/gcc/arm-none-eabi/7.3.1/../../../../arm-none-eabi/lib/thumb/v7-m\libc_nano.a(lib_a-nano-svfprintf.o)
                              c:/st/stm32cubeide_1.2.0/stm32cubeide/plugins/com.st.stm32cube.ide.mcu.externaltools.gnu-tools-for-stm32.7-2018-q2-update.win32_1.0.0.201904181610/tools/bin/../lib/gcc/arm-none-eabi/7.3.1/../../../../arm-none-eabi/lib/thumb/v7-m\libc_nano.a(lib_a-sprintf.o) (_svfprintf_r)
c:/st/stm32cubeide_1.2.0/stm32cubeide/plugins/com.st.stm32cube.ide.mcu.externaltools.gnu-tools-for-stm32.7-2018-q2-update.win32_1.0.0.201904181610/tools/bin/../lib/gcc/arm-none-eabi/7.3.1/../../../../arm-none-eabi/lib/thumb/v7-m\libc_nano.a(lib_a-nano-vfprintf_i.o)
                              c:/st/stm32cubeide_1.2.0/stm32cubeide/plugins/com.st.stm32cube.ide.mcu.externaltools.gnu-tools-for-stm32.7-2018-q2-update.win32_1.0.0.201904181610/tools/bin/../lib/gcc/arm-none-eabi/7.3.1/../../../../arm-none-eabi/lib/thumb/v7-m\libc_nano.a(lib_a-nano-svfprintf.o) (_printf_i)
c:/st/stm32cubeide_1.2.0/stm32cubeide/plugins/com.st.stm32cube.ide.mcu.externaltools.gnu-tools-for-stm32.7-2018-q2-update.win32_1.0.0.201904181610/tools/bin/../lib/gcc/arm-none-eabi/7.3.1/../../../../arm-none-eabi/lib/thumb/v7-m\libc_nano.a(lib_a-memchr-stub.o)
[...]
Memory Configuration

Name             Origin             Length             Attributes
RAM              0x0000000020000000 0x0000000000005000 xrw
FLASH            0x0000000008000000 0x0000000000010000 xr
*default*        0x0000000000000000 0xffffffffffffffff

Linker script and memory map

LOAD c:/st/stm32cubeide_1.2.0/stm32cubeide/plugins/com.st.stm32cube.ide.mcu.externaltools.gnu-tools-for-stm32.7-2018-q2-update.win32_1.0.0.201904181610/tools/bin/../lib/gcc/arm-none-eabi/7.3.1/thumb/v7-m/crti.o
LOAD c:/st/stm32cubeide_1.2.0/stm32cubeide/plugins/com.st.stm32cube.ide.mcu.externaltools.gnu-tools-for-stm32.7-2018-q2-update.win32_1.0.0.201904181610/tools/bin/../lib/gcc/arm-none-eabi/7.3.1/thumb/v7-m/crtbegin.o
LOAD c:/st/stm32cubeide_1.2.0/stm32cubeide/plugins/com.st.stm32cube.ide.mcu.externaltools.gnu-tools-for-stm32.7-2018-q2-update.win32_1.0.0.201904181610/tools/bin/../lib/gcc/arm-none-eabi/7.3.1/../../../../arm-none-eabi/lib/thumb/v7-m/crt0.o
LOAD Core/Src/MY_NRF24.o
LOAD Core/Src/main.o
LOAD Core/Src/stm32f1xx_hal_msp.o
LOAD Core/Src/stm32f1xx_it.o
LOAD Core/Src/syscalls.o
LOAD Core/Src/sysmem.o
LOAD Core/Src/system_stm32f1xx.o
LOAD Core/Startup/startup_stm32f103c8tx.o
LOAD Drivers/STM32F1xx_HAL_Driver/Src/stm32f1xx_hal.o
LOAD Drivers/STM32F1xx_HAL_Driver/Src/stm32f1xx_hal_cortex.o
LOAD Drivers/STM32F1xx_HAL_Driver/Src/stm32f1xx_hal_dma.o
LOAD Drivers/STM32F1xx_HAL_Driver/Src/stm32f1xx_hal_exti.o
LOAD Drivers/STM32F1xx_HAL_Driver/Src/stm32f1xx_hal_flash.o
LOAD Drivers/STM32F1xx_HAL_Driver/Src/stm32f1xx_hal_flash_ex.o
LOAD Drivers/STM32F1xx_HAL_Driver/Src/stm32f1xx_hal_gpio.o
LOAD Drivers/STM32F1xx_HAL_Driver/Src/stm32f1xx_hal_gpio_ex.o
LOAD Drivers/STM32F1xx_HAL_Driver/Src/stm32f1xx_hal_pwr.o
LOAD Drivers/STM32F1xx_HAL_Driver/Src/stm32f1xx_hal_rcc.o
LOAD Drivers/STM32F1xx_HAL_Driver/Src/stm32f1xx_hal_rcc_ex.o
LOAD Drivers/STM32F1xx_HAL_Driver/Src/stm32f1xx_hal_spi.o
LOAD Drivers/STM32F1xx_HAL_Driver/Src/stm32f1xx_hal_tim.o
LOAD Drivers/STM32F1xx_HAL_Driver/Src/stm32f1xx_hal_tim_ex.o
LOAD Drivers/STM32F1xx_HAL_Driver/Src/stm32f1xx_hal_uart.o
START GROUP
LOAD c:/st/stm32cubeide_1.2.0/stm32cubeide/plugins/com.st.stm32cube.ide.mcu.externaltools.gnu-tools-for-stm32.7-2018-q2-update.win32_1.0.0.201904181610/tools/bin/../lib/gcc/arm-none-eabi/7.3.1/../../../../arm-none-eabi/lib/thumb/v7-m\libc_nano.a
LOAD c:/st/stm32cubeide_1.2.0/stm32cubeide/plugins/com.st.stm32cube.ide.mcu.externaltools.gnu-tools-for-stm32.7-2018-q2-update.win32_1.0.0.201904181610/tools/bin/../lib/gcc/arm-none-eabi/7.3.1/../../../../arm-none-eabi/lib/thumb/v7-m\libm.a
END GROUP
START GROUP
LOAD c:/st/stm32cubeide_1.2.0/stm32cubeide/plugins/com.st.stm32cube.ide.mcu.externaltools.gnu-tools-for-stm32.7-2018-q2-update.win32_1.0.0.201904181610/tools/bin/../lib/gcc/arm-none-eabi/7.3.1/thumb/v7-m\libgcc.a
LOAD c:/st/stm32cubeide_1.2.0/stm32cubeide/plugins/com.st.stm32cube.ide.mcu.externaltools.gnu-tools-for-stm32.7-2018-q2-update.win32_1.0.0.201904181610/tools/bin/../lib/gcc/arm-none-eabi/7.3.1/../../../../arm-none-eabi/lib/thumb/v7-m\libc_nano.a
END GROUP
START GROUP
LOAD c:/st/stm32cubeide_1.2.0/stm32cubeide/plugins/com.st.stm32cube.ide.mcu.externaltools.gnu-tools-for-stm32.7-2018-q2-update.win32_1.0.0.201904181610/tools/bin/../lib/gcc/arm-none-eabi/7.3.1/thumb/v7-m\libgcc.a
LOAD c:/st/stm32cubeide_1.2.0/stm32cubeide/plugins/com.st.stm32cube.ide.mcu.externaltools.gnu-tools-for-stm32.7-2018-q2-update.win32_1.0.0.201904181610/tools/bin/../lib/gcc/arm-none-eabi/7.3.1/../../../../arm-none-eabi/lib/thumb/v7-m\libc_nano.a
LOAD c:/st/stm32cubeide_1.2.0/stm32cubeide/plugins/com.st.stm32cube.ide.mcu.externaltools.gnu-tools-for-stm32.7-2018-q2-update.win32_1.0.0.201904181610/tools/bin/../lib/gcc/arm-none-eabi/7.3.1/../../../../arm-none-eabi/lib/thumb/v7-m\libnosys.a
END GROUP
START GROUP
LOAD c:/st/stm32cubeide_1.2.0/stm32cubeide/plugins/com.st.stm32cube.ide.mcu.externaltools.gnu-tools-for-stm32.7-2018-q2-update.win32_1.0.0.201904181610/tools/bin/../lib/gcc/arm-none-eabi/7.3.1/thumb/v7-m\libgcc.a
LOAD c:/st/stm32cubeide_1.2.0/stm32cubeide/plugins/com.st.stm32cube.ide.mcu.externaltools.gnu-tools-for-stm32.7-2018-q2-update.win32_1.0.0.201904181610/tools/bin/../lib/gcc/arm-none-eabi/7.3.1/../../../../arm-none-eabi/lib/thumb/v7-m\libc_nano.a
LOAD c:/st/stm32cubeide_1.2.0/stm32cubeide/plugins/com.st.stm32cube.ide.mcu.externaltools.gnu-tools-for-stm32.7-2018-q2-update.win32_1.0.0.201904181610/tools/bin/../lib/gcc/arm-none-eabi/7.3.1/../../../../arm-none-eabi/lib/thumb/v7-m\libnosys.a
END GROUP
LOAD c:/st/stm32cubeide_1.2.0/stm32cubeide/plugins/com.st.stm32cube.ide.mcu.externaltools.gnu-tools-for-stm32.7-2018-q2-update.win32_1.0.0.201904181610/tools/bin/../lib/gcc/arm-none-eabi/7.3.1/thumb/v7-m/crtend.o
LOAD c:/st/stm32cubeide_1.2.0/stm32cubeide/plugins/com.st.stm32cube.ide.mcu.externaltools.gnu-tools-for-stm32.7-2018-q2-update.win32_1.0.0.201904181610/tools/bin/../lib/gcc/arm-none-eabi/7.3.1/thumb/v7-m/crtn.o
                0x0000000020005000                _estack = (ORIGIN (RAM) + LENGTH (RAM))
                0x0000000000000200                _Min_Heap_Size = 0x200
                0x0000000000000400                _Min_Stack_Size = 0x400

.isr_vector     0x0000000008000000      0x10c
                0x0000000008000000                . = ALIGN (0x4)
 *(.isr_vector)
 .isr_vector    0x0000000008000000      0x10c Core/Startup/startup_stm32f103c8tx.o
                0x0000000008000000                g_pfnVectors
                0x000000000800010c                . = ALIGN (0x4)

.text           0x000000000800010c     0x3a78
                0x000000000800010c                . = ALIGN (0x4)
 *(.text)
 .text          0x000000000800010c       0x40 c:/st/stm32cubeide_1.2.0/stm32cubeide/plugins/com.st.stm32cube.ide.mcu.externaltools.gnu-tools-for-stm32.7-2018-q2-update.win32_1.0.0.201904181610/tools/bin/../lib/gcc/arm-none-eabi/7.3.1/thumb/v7-m/crtbegin.o
 .text          0x000000000800014c       0x10 c:/st/stm32cubeide_1.2.0/stm32cubeide/plugins/com.st.stm32cube.ide.mcu.externaltools.gnu-tools-for-stm32.7-2018-q2-update.win32_1.0.0.201904181610/tools/bin/../lib/gcc/arm-none-eabi/7.3.1/../../../../arm-none-eabi/lib/thumb/v7-m\libc_nano.a(lib_a-strlen.o)
                0x000000000800014c                strlen
 *(.text*)
 .text.NRF24_csn
                0x000000000800015c       0x40 Core/Src/MY_NRF24.o
                0x000000000800015c                NRF24_csn
 .text.NRF24_ce
                0x000000000800019c       0x40 Core/Src/MY_NRF24.o
                0x000000000800019c                NRF24_ce
 .text.NRF24_read_register
                0x00000000080001dc       0x50 Core/Src/MY_NRF24.o
                0x00000000080001dc                NRF24_read_register
 .text.NRF24_read_registerN
                0x000000000800022c       0x50 Core/Src/MY_NRF24.o
                0x000000000800022c                NRF24_read_registerN
 .text.NRF24_write_register
                0x000000000800027c       0x44 Core/Src/MY_NRF24.o
                0x000000000800027c                NRF24_write_register
 .text.NRF24_write_registerN
                0x00000000080002c0       0x50 Core/Src/MY_NRF24.o
                0x00000000080002c0                NRF24_write_registerN
 .text.NRF24_flush_tx
                0x0000000008000310       0x10 Core/Src/MY_NRF24.o
                0x0000000008000310                NRF24_flush_tx
 .text.NRF24_flush_rx
                0x0000000008000320       0x10 Core/Src/MY_NRF24.o
                0x0000000008000320                NRF24_flush_rx
 .text.NRF24_begin
                0x0000000008000330      0x1c0 Core/Src/MY_NRF24.o
                0x0000000008000330                NRF24_begin
 .text.NRF24_stopListening
                0x00000000080004f0       0x16 Core/Src/MY_NRF24.o
                0x00000000080004f0                NRF24_stopListening
 *fill*         0x0000000008000506        0x2 
 .text.NRF24_openWritingPipe
                0x0000000008000508       0x48 Core/Src/MY_NRF24.o
                0x0000000008000508                NRF24_openWritingPipe
 .text.NRF24_setRetries
                0x0000000008000550       0x36 Core/Src/MY_NRF24.o
                0x0000000008000550                NRF24_setRetries
 .text.NRF24_setChannel
                0x0000000008000586       0x2a Core/Src/MY_NRF24.o
                0x0000000008000586                NRF24_setChannel
 .text.NRF24_setPayloadSize
                0x00000000080005b0       0x2c Core/Src/MY_NRF24.o
                0x00000000080005b0                NRF24_setPayloadSize
 .text.NRF24_disableDynamicPayloads
                0x00000000080005dc       0x30 Core/Src/MY_NRF24.o
                0x00000000080005dc                NRF24_disableDynamicPayloads
 .text.NRF24_setAutoAck
                0x000000000800060c       0x2a Core/Src/MY_NRF24.o
                0x000000000800060c                NRF24_setAutoAck
 .text.NRF24_setPALevel
                0x0000000008000636       0x72 Core/Src/MY_NRF24.o
                0x0000000008000636                NRF24_setPALevel
 .text.NRF24_setDataRate
                0x00000000080006a8       0x8c Core/Src/MY_NRF24.o
                0x00000000080006a8                NRF24_setDataRate
 .text.NRF24_setCRCLength
                0x0000000008000734       0x50 Core/Src/MY_NRF24.o
                0x0000000008000734                NRF24_setCRCLength
 .text.NRF24_powerDown
                0x0000000008000784       0x1e Core/Src/MY_NRF24.o
                0x0000000008000784                NRF24_powerDown
 .text.NRF24_resetStatus
                0x00000000080007a2       0x10 Core/Src/MY_NRF24.o
                0x00000000080007a2                NRF24_resetStatus
 *fill*         0x00000000080007b2        0x2 
 .text.NRF24_ACTIVATE_cmd
                0x00000000080007b4       0x34 Core/Src/MY_NRF24.o
                0x00000000080007b4                NRF24_ACTIVATE_cmd
 .text.printRadioSettings
                0x00000000080007e8      0x924 Core/Src/MY_NRF24.o
                0x00000000080007e8                printRadioSettings
 .text.nrf24_DebugUART_Init
                0x000000000800110c       0x38 Core/Src/MY_NRF24.o
                0x000000000800110c                nrf24_DebugUART_Init
 .text.main     0x0000000008001144       0x90 Core/Src/main.o
                0x0000000008001144                main
 .text.SystemClock_Config
                0x00000000080011d4       0x8a Core/Src/main.o
                0x00000000080011d4                SystemClock_Config
 *fill*         0x000000000800125e        0x2 
 .text.MX_SPI1_Init
                0x0000000008001260       0x6c Core/Src/main.o
 .text.MX_USART2_UART_Init
                0x00000000080012cc       0x54 Core/Src/main.o
 .text.MX_GPIO_Init
                0x0000000008001320       0x94 Core/Src/main.o
 .text.Error_Handler
                0x00000000080013b4        0xc Core/Src/main.o
                0x00000000080013b4                Error_Handler
 .text.HAL_MspInit
                0x00000000080013c0       0x64 Core/Src/stm32f1xx_hal_msp.o
                0x00000000080013c0                HAL_MspInit
 .text.HAL_SPI_MspInit
                0x0000000008001424       0x94 Core/Src/stm32f1xx_hal_msp.o
                0x0000000008001424                HAL_SPI_MspInit
 .text.HAL_UART_MspInit
                0x00000000080014b8       0x94 Core/Src/stm32f1xx_hal_msp.o
                0x00000000080014b8                HAL_UART_MspInit
 .text.NMI_Handler
                0x000000000800154c        0xc Core/Src/stm32f1xx_it.o
                0x000000000800154c                NMI_Handler
 .text.HardFault_Handler
                0x0000000008001558        0x6 Core/Src/stm32f1xx_it.o
                0x0000000008001558                HardFault_Handler
 .text.MemManage_Handler
                0x000000000800155e        0x6 Core/Src/stm32f1xx_it.o
                0x000000000800155e                MemManage_Handler
 .text.BusFault_Handler
                0x0000000008001564        0x6 Core/Src/stm32f1xx_it.o
                0x0000000008001564                BusFault_Handler
 .text.UsageFault_Handler
                0x000000000800156a        0x6 Core/Src/stm32f1xx_it.o
                0x000000000800156a                UsageFault_Handler
 .text.SVC_Handler
                0x0000000008001570        0xc Core/Src/stm32f1xx_it.o
                0x0000000008001570                SVC_Handler
 .text.DebugMon_Handler
                0x000000000800157c        0xc Core/Src/stm32f1xx_it.o
                0x000000000800157c                DebugMon_Handler
 .text.PendSV_Handler
                0x0000000008001588        0xc Core/Src/stm32f1xx_it.o
                0x0000000008001588                PendSV_Handler
 .text.SysTick_Handler
                0x0000000008001594        0xc Core/Src/stm32f1xx_it.o
                0x0000000008001594                SysTick_Handler
 .text._sbrk    0x00000000080015a0       0x58 Core/Src/sysmem.o
                0x00000000080015a0                _sbrk
 .text.SystemInit
                0x00000000080015f8       0x68 Core/Src/system_stm32f1xx.o
                0x00000000080015f8                SystemInit
 .text.Reset_Handler
                0x0000000008001660       0x48 Core/Startup/startup_stm32f103c8tx.o
                0x0000000008001660                Reset_Handler
 .text.Default_Handler
                0x00000000080016a8        0x2 Core/Startup/startup_stm32f103c8tx.o
                0x00000000080016a8                RTC_Alarm_IRQHandler
                0x00000000080016a8                EXTI2_IRQHandler
                0x00000000080016a8                TIM1_CC_IRQHandler
                0x00000000080016a8                PVD_IRQHandler
                0x00000000080016a8                EXTI3_IRQHandler
                0x00000000080016a8                EXTI0_IRQHandler
                0x00000000080016a8                I2C2_EV_IRQHandler
                0x00000000080016a8                ADC1_2_IRQHandler
                0x00000000080016a8                SPI1_IRQHandler
                0x00000000080016a8                TAMPER_IRQHandler
                0x00000000080016a8                DMA1_Channel4_IRQHandler
                0x00000000080016a8                USART3_IRQHandler
                0x00000000080016a8                RTC_IRQHandler
                0x00000000080016a8                DMA1_Channel7_IRQHandler
                0x00000000080016a8                CAN1_RX1_IRQHandler
                0x00000000080016a8                TIM4_IRQHandler
                0x00000000080016a8                I2C1_EV_IRQHandler
                0x00000000080016a8                DMA1_Channel6_IRQHandler
                0x00000000080016a8                TIM3_IRQHandler
                0x00000000080016a8                RCC_IRQHandler
                0x00000000080016a8                TIM1_TRG_COM_IRQHandler
                0x00000000080016a8                DMA1_Channel1_IRQHandler
                0x00000000080016a8                Default_Handler
                0x00000000080016a8                EXTI15_10_IRQHandler
                0x00000000080016a8                EXTI9_5_IRQHandler
                0x00000000080016a8                SPI2_IRQHandler
                0x00000000080016a8                DMA1_Channel5_IRQHandler
                0x00000000080016a8                EXTI4_IRQHandler
                0x00000000080016a8                USB_LP_CAN1_RX0_IRQHandler
                0x00000000080016a8                USB_HP_CAN1_TX_IRQHandler
                0x00000000080016a8                DMA1_Channel3_IRQHandler
                0x00000000080016a8                TIM1_UP_IRQHandler
                0x00000000080016a8                WWDG_IRQHandler
                0x00000000080016a8                TIM2_IRQHandler
                0x00000000080016a8                TIM1_BRK_IRQHandler
                0x00000000080016a8                EXTI1_IRQHandler
                0x00000000080016a8                USART2_IRQHandler
                0x00000000080016a8                I2C2_ER_IRQHandler
                0x00000000080016a8                DMA1_Channel2_IRQHandler
                0x00000000080016a8                CAN1_SCE_IRQHandler
                0x00000000080016a8                FLASH_IRQHandler
                0x00000000080016a8                USART1_IRQHandler
                0x00000000080016a8                I2C1_ER_IRQHandler
                0x00000000080016a8                USBWakeUp_IRQHandler
 *fill*         0x00000000080016aa        0x2 
 .text.HAL_Init
                0x00000000080016ac       0x2c Drivers/STM32F1xx_HAL_Driver/Src/stm32f1xx_hal.o
                0x00000000080016ac                HAL_Init
 .text.HAL_InitTick
                0x00000000080016d8       0x60 Drivers/STM32F1xx_HAL_Driver/Src/stm32f1xx_hal.o
                0x00000000080016d8                HAL_InitTick
 .text.HAL_IncTick
                0x0000000008001738       0x24 Drivers/STM32F1xx_HAL_Driver/Src/stm32f1xx_hal.o
                0x0000000008001738                HAL_IncTick
 .text.HAL_GetTick
                0x000000000800175c       0x14 Drivers/STM32F1xx_HAL_Driver/Src/stm32f1xx_hal.o
                0x000000000800175c                HAL_GetTick
 .text.HAL_Delay
                0x0000000008001770       0x44 Drivers/STM32F1xx_HAL_Driver/Src/stm32f1xx_hal.o
                0x0000000008001770                HAL_Delay
 .text.__NVIC_SetPriorityGrouping
                0x00000000080017b4       0x48 Drivers/STM32F1xx_HAL_Driver/Src/stm32f1xx_hal_cortex.o
 .text.__NVIC_GetPriorityGrouping
                0x00000000080017fc       0x1c Drivers/STM32F1xx_HAL_Driver/Src/stm32f1xx_hal_cortex.o
 .text.__NVIC_SetPriority
                0x0000000008001818       0x54 Drivers/STM32F1xx_HAL_Driver/Src/stm32f1xx_hal_cortex.o
 .text.NVIC_EncodePriority
                0x000000000800186c       0x64 Drivers/STM32F1xx_HAL_Driver/Src/stm32f1xx_hal_cortex.o
 .text.SysTick_Config
                0x00000000080018d0       0x44 Drivers/STM32F1xx_HAL_Driver/Src/stm32f1xx_hal_cortex.o
 .text.HAL_NVIC_SetPriorityGrouping
                0x0000000008001914       0x16 Drivers/STM32F1xx_HAL_Driver/Src/stm32f1xx_hal_cortex.o
                0x0000000008001914                HAL_NVIC_SetPriorityGrouping
 .text.HAL_NVIC_SetPriority
                0x000000000800192a       0x38 Drivers/STM32F1xx_HAL_Driver/Src/stm32f1xx_hal_cortex.o
                0x000000000800192a                HAL_NVIC_SetPriority
 .text.HAL_SYSTICK_Config
                0x0000000008001962       0x18 Drivers/STM32F1xx_HAL_Driver/Src/stm32f1xx_hal_cortex.o
                0x0000000008001962                HAL_SYSTICK_Config
 *fill*         0x000000000800197a        0x2 
 .text.HAL_GPIO_Init
                0x000000000800197c      0x2b4 Drivers/STM32F1xx_HAL_Driver/Src/stm32f1xx_hal_gpio.o
                0x000000000800197c                HAL_GPIO_Init
 .text.HAL_GPIO_WritePin
                0x0000000008001c30       0x30 Drivers/STM32F1xx_HAL_Driver/Src/stm32f1xx_hal_gpio.o
                0x0000000008001c30                HAL_GPIO_WritePin
 .text.HAL_RCC_OscConfig
                0x0000000008001c60      0x500 Drivers/STM32F1xx_HAL_Driver/Src/stm32f1xx_hal_rcc.o
                0x0000000008001c60                HAL_RCC_OscConfig
 .text.HAL_RCC_ClockConfig
                0x0000000008002160      0x1d4 Drivers/STM32F1xx_HAL_Driver/Src/stm32f1xx_hal_rcc.o
                0x0000000008002160                HAL_RCC_ClockConfig
 .text.HAL_RCC_GetSysClockFreq
                0x0000000008002334       0xc4 Drivers/STM32F1xx_HAL_Driver/Src/stm32f1xx_hal_rcc.o
                0x0000000008002334                HAL_RCC_GetSysClockFreq
 .text.HAL_RCC_GetHCLKFreq
                0x00000000080023f8       0x14 Drivers/STM32F1xx_HAL_Driver/Src/stm32f1xx_hal_rcc.o
                0x00000000080023f8                HAL_RCC_GetHCLKFreq
 .text.HAL_RCC_GetPCLK1Freq
                0x000000000800240c       0x28 Drivers/STM32F1xx_HAL_Driver/Src/stm32f1xx_hal_rcc.o
                0x000000000800240c                HAL_RCC_GetPCLK1Freq
 .text.HAL_RCC_GetPCLK2Freq
                0x0000000008002434       0x28 Drivers/STM32F1xx_HAL_Driver/Src/stm32f1xx_hal_rcc.o
                0x0000000008002434                HAL_RCC_GetPCLK2Freq
 .text.RCC_Delay
                0x000000000800245c       0x3c Drivers/STM32F1xx_HAL_Driver/Src/stm32f1xx_hal_rcc.o
 .text.HAL_SPI_Init
                0x0000000008002498       0xc2 Drivers/STM32F1xx_HAL_Driver/Src/stm32f1xx_hal_spi.o
                0x0000000008002498                HAL_SPI_Init
 .text.HAL_SPI_Transmit
                0x000000000800255a      0x268 Drivers/STM32F1xx_HAL_Driver/Src/stm32f1xx_hal_spi.o
                0x000000000800255a                HAL_SPI_Transmit
 .text.HAL_SPI_Receive
                0x00000000080027c2      0x212 Drivers/STM32F1xx_HAL_Driver/Src/stm32f1xx_hal_spi.o
                0x00000000080027c2                HAL_SPI_Receive
 .text.HAL_SPI_TransmitReceive
                0x00000000080029d4      0x344 Drivers/STM32F1xx_HAL_Driver/Src/stm32f1xx_hal_spi.o
                0x00000000080029d4                HAL_SPI_TransmitReceive
 .text.SPI_WaitFlagStateUntilTimeout
                0x0000000008002d18       0xd4 Drivers/STM32F1xx_HAL_Driver/Src/stm32f1xx_hal_spi.o
 .text.SPI_EndRxTransaction
                0x0000000008002dec       0xa4 Drivers/STM32F1xx_HAL_Driver/Src/stm32f1xx_hal_spi.o
 .text.SPI_EndRxTxTransaction
                0x0000000008002e90       0x3c Drivers/STM32F1xx_HAL_Driver/Src/stm32f1xx_hal_spi.o
 .text.HAL_UART_Init
                0x0000000008002ecc       0x9a Drivers/STM32F1xx_HAL_Driver/Src/stm32f1xx_hal_uart.o
                0x0000000008002ecc                HAL_UART_Init
 .text.HAL_UART_Transmit
                0x0000000008002f66      0x132 Drivers/STM32F1xx_HAL_Driver/Src/stm32f1xx_hal_uart.o
                0x0000000008002f66                HAL_UART_Transmit
 .text.UART_WaitOnFlagUntilTimeout
                0x0000000008003098       0x94 Drivers/STM32F1xx_HAL_Driver/Src/stm32f1xx_hal_uart.o
 .text.UART_SetConfig
                0x000000000800312c      0x1b4 Drivers/STM32F1xx_HAL_Driver/Src/stm32f1xx_hal_uart.o
 .text.__errno  0x00000000080032e0        0xc c:/st/stm32cubeide_1.2.0/stm32cubeide/plugins/com.st.stm32cube.ide.mcu.externaltools.gnu-tools-for-stm32.7-2018-q2-update.win32_1.0.0.201904181610/tools/bin/../lib/gcc/arm-none-eabi/7.3.1/../../../../arm-none-eabi/lib/thumb/v7-m\libc_nano.a(lib_a-errno.o)
                0x00000000080032e0                __errno
 .text.__libc_init_array
                0x00000000080032ec       0x48 c:/st/stm32cubeide_1.2.0/stm32cubeide/plugins/com.st.stm32cube.ide.mcu.externaltools.gnu-tools-for-stm32.7-2018-q2-update.win32_1.0.0.201904181610/tools/bin/../lib/gcc/arm-none-eabi/7.3.1/../../../../arm-none-eabi/lib/thumb/v7-m\libc_nano.a(lib_a-init.o)
                0x00000000080032ec                __libc_init_array
 .text.memcpy   0x0000000008003334       0x16 c:/st/stm32cubeide_1.2.0/stm32cubeide/plugins/com.st.stm32cube.ide.mcu.externaltools.gnu-tools-for-stm32.7-2018-q2-update.win32_1.0.0.201904181610/tools/bin/../lib/gcc/arm-none-eabi/7.3.1/../../../../arm-none-eabi/lib/thumb/v7-m\libc_nano.a(lib_a-memcpy-stub.o)
                0x0000000008003334                memcpy
 .text.memset   0x000000000800334a       0x10 c:/st/stm32cubeide_1.2.0/stm32cubeide/plugins/com.st.stm32cube.ide.mcu.externaltools.gnu-tools-for-stm32.7-2018-q2-update.win32_1.0.0.201904181610/tools/bin/../lib/gcc/arm-none-eabi/7.3.1/../../../../arm-none-eabi/lib/thumb/v7-m\libc_nano.a(lib_a-memset.o)
                0x000000000800334a                memset
 *fill*         0x000000000800335a        0x2 
 .text.sprintf  0x000000000800335c       0x40 c:/st/stm32cubeide_1.2.0/stm32cubeide/plugins/com.st.stm32cube.ide.mcu.externaltools.gnu-tools-for-stm32.7-2018-q2-update.win32_1.0.0.201904181610/tools/bin/../lib/gcc/arm-none-eabi/7.3.1/../../../../arm-none-eabi/lib/thumb/v7-m\libc_nano.a(lib_a-sprintf.o)
                0x000000000800335c                siprintf
                0x000000000800335c                sprintf
 .text.__ssputs_r
                0x000000000800339c       0xb4 c:/st/stm32cubeide_1.2.0/stm32cubeide/plugins/com.st.stm32cube.ide.mcu.externaltools.gnu-tools-for-stm32.7-2018-q2-update.win32_1.0.0.201904181610/tools/bin/../lib/gcc/arm-none-eabi/7.3.1/../../../../arm-none-eabi/lib/thumb/v7-m\libc_nano.a(lib_a-nano-svfprintf.o)
                0x000000000800339c                __ssputs_r
 .text._svfprintf_r
                0x0000000008003450      0x1f0 c:/st/stm32cubeide_1.2.0/stm32cubeide/plugins/com.st.stm32cube.ide.mcu.externaltools.gnu-tools-for-stm32.7-2018-q2-update.win32_1.0.0.201904181610/tools/bin/../lib/gcc/arm-none-eabi/7.3.1/../../../../arm-none-eabi/lib/thumb/v7-m\libc_nano.a(lib_a-nano-svfprintf.o)
                0x0000000008003450                _svfiprintf_r
                0x0000000008003450                _svfprintf_r
 .text._printf_common
                0x0000000008003640       0xec c:/st/stm32cubeide_1.2.0/stm32cubeide/plugins/com.st.stm32cube.ide.mcu.externaltools.gnu-tools-for-stm32.7-2018-q2-update.win32_1.0.0.201904181610/tools/bin/../lib/gcc/arm-none-eabi/7.3.1/../../../../arm-none-eabi/lib/thumb/v7-m\libc_nano.a(lib_a-nano-vfprintf_i.o)
                0x0000000008003640                _printf_common
 .text._printf_i
                0x000000000800372c      0x224 c:/st/stm32cubeide_1.2.0/stm32cubeide/plugins/com.st.stm32cube.ide.mcu.externaltools.gnu-tools-for-stm32.7-2018-q2-update.win32_1.0.0.201904181610/tools/bin/../lib/gcc/arm-none-eabi/7.3.1/../../../../arm-none-eabi/lib/thumb/v7-m\libc_nano.a(lib_a-nano-vfprintf_i.o)
                0x000000000800372c                _printf_i
 .text.memchr   0x0000000008003950       0x1c c:/st/stm32cubeide_1.2.0/stm32cubeide/plugins/com.st.stm32cube.ide.mcu.externaltools.gnu-tools-for-stm32.7-2018-q2-update.win32_1.0.0.201904181610/tools/bin/../lib/gcc/arm-none-eabi/7.3.1/../../../../arm-none-eabi/lib/thumb/v7-m\libc_nano.a(lib_a-memchr-stub.o)
                0x0000000008003950                memchr
 .text.memmove  0x000000000800396c       0x32 c:/st/stm32cubeide_1.2.0/stm32cubeide/plugins/com.st.stm32cube.ide.mcu.externaltools.gnu-tools-for-stm32.7-2018-q2-update.win32_1.0.0.201904181610/tools/bin/../lib/gcc/arm-none-eabi/7.3.1/../../../../arm-none-eabi/lib/thumb/v7-m\libc_nano.a(lib_a-memmove.o)
                0x000000000800396c                memmove
 *fill*         0x000000000800399e        0x2 
 .text._free_r  0x00000000080039a0       0x98 c:/st/stm32cubeide_1.2.0/stm32cubeide/plugins/com.st.stm32cube.ide.mcu.externaltools.gnu-tools-for-stm32.7-2018-q2-update.win32_1.0.0.201904181610/tools/bin/../lib/gcc/arm-none-eabi/7.3.1/../../../../arm-none-eabi/lib/thumb/v7-m\libc_nano.a(lib_a-nano-freer.o)
                0x00000000080039a0                _free_r
 .text._malloc_r
                0x0000000008003a38       0xb4 c:/st/stm32cubeide_1.2.0/stm32cubeide/plugins/com.st.stm32cube.ide.mcu.externaltools.gnu-tools-for-stm32.7-2018-q2-update.win32_1.0.0.201904181610/tools/bin/../lib/gcc/arm-none-eabi/7.3.1/../../../../arm-none-eabi/lib/thumb/v7-m\libc_nano.a(lib_a-nano-mallocr.o)
                0x0000000008003a38                _malloc_r
 .text._realloc_r
                0x0000000008003aec       0x4c c:/st/stm32cubeide_1.2.0/stm32cubeide/plugins/com.st.stm32cube.ide.mcu.externaltools.gnu-tools-for-stm32.7-2018-q2-update.win32_1.0.0.201904181610/tools/bin/../lib/gcc/arm-none-eabi/7.3.1/../../../../arm-none-eabi/lib/thumb/v7-m\libc_nano.a(lib_a-nano-reallocr.o)
                0x0000000008003aec                _realloc_r
 .text._sbrk_r  0x0000000008003b38       0x20 c:/st/stm32cubeide_1.2.0/stm32cubeide/plugins/com.st.stm32cube.ide.mcu.externaltools.gnu-tools-for-stm32.7-2018-q2-update.win32_1.0.0.201904181610/tools/bin/../lib/gcc/arm-none-eabi/7.3.1/../../../../arm-none-eabi/lib/thumb/v7-m\libc_nano.a(lib_a-sbrkr.o)
                0x0000000008003b38                _sbrk_r
 .text.__malloc_lock
                0x0000000008003b58        0x2 c:/st/stm32cubeide_1.2.0/stm32cubeide/plugins/com.st.stm32cube.ide.mcu.externaltools.gnu-tools-for-stm32.7-2018-q2-update.win32_1.0.0.201904181610/tools/bin/../lib/gcc/arm-none-eabi/7.3.1/../../../../arm-none-eabi/lib/thumb/v7-m\libc_nano.a(lib_a-mlock.o)
                0x0000000008003b58                __malloc_lock
 .text.__malloc_unlock
                0x0000000008003b5a        0x2 c:/st/stm32cubeide_1.2.0/stm32cubeide/plugins/com.st.stm32cube.ide.mcu.externaltools.gnu-tools-for-stm32.7-2018-q2-update.win32_1.0.0.201904181610/tools/bin/../lib/gcc/arm-none-eabi/7.3.1/../../../../arm-none-eabi/lib/thumb/v7-m\libc_nano.a(lib_a-mlock.o)
                0x0000000008003b5a                __malloc_unlock
 .text._malloc_usable_size_r
                0x0000000008003b5c       0x10 c:/st/stm32cubeide_1.2.0/stm32cubeide/plugins/com.st.stm32cube.ide.mcu.externaltools.gnu-tools-for-stm32.7-2018-q2-update.win32_1.0.0.201904181610/tools/bin/../lib/gcc/arm-none-eabi/7.3.1/../../../../arm-none-eabi/lib/thumb/v7-m\libc_nano.a(lib_a-nano-msizer.o)
                0x0000000008003b5c                _malloc_usable_size_r
 *(.glue_7)
 .glue_7        0x0000000008003b6c        0x0 linker stubs
 *(.glue_7t)
 .glue_7t       0x0000000008003b6c        0x0 linker stubs
 *(.eh_frame)
 .eh_frame      0x0000000008003b6c        0x0 c:/st/stm32cubeide_1.2.0/stm32cubeide/plugins/com.st.stm32cube.ide.mcu.externaltools.gnu-tools-for-stm32.7-2018-q2-update.win32_1.0.0.201904181610/tools/bin/../lib/gcc/arm-none-eabi/7.3.1/thumb/v7-m/crtbegin.o
 *(.init)
 .init          0x0000000008003b6c        0x4 c:/st/stm32cubeide_1.2.0/stm32cubeide/plugins/com.st.stm32cube.ide.mcu.externaltools.gnu-tools-for-stm32.7-2018-q2-update.win32_1.0.0.201904181610/tools/bin/../lib/gcc/arm-none-eabi/7.3.1/thumb/v7-m/crti.o
                0x0000000008003b6c                _init
 .init          0x0000000008003b70        0x8 c:/st/stm32cubeide_1.2.0/stm32cubeide/plugins/com.st.stm32cube.ide.mcu.externaltools.gnu-tools-for-stm32.7-2018-q2-update.win32_1.0.0.201904181610/tools/bin/../lib/gcc/arm-none-eabi/7.3.1/thumb/v7-m/crtn.o
 *(.fini)
 .fini          0x0000000008003b78        0x4 c:/st/stm32cubeide_1.2.0/stm32cubeide/plugins/com.st.stm32cube.ide.mcu.externaltools.gnu-tools-for-stm32.7-2018-q2-update.win32_1.0.0.201904181610/tools/bin/../lib/gcc/arm-none-eabi/7.3.1/thumb/v7-m/crti.o
                0x0000000008003b78                _fini
 .fini          0x0000000008003b7c        0x8 c:/st/stm32cubeide_1.2.0/stm32cubeide/plugins/com.st.stm32cube.ide.mcu.externaltools.gnu-tools-for-stm32.7-2018-q2-update.win32_1.0.0.201904181610/tools/bin/../lib/gcc/arm-none-eabi/7.3.1/thumb/v7-m/crtn.o
                0x0000000008003b84                . = ALIGN (0x4)
                0x0000000008003b84                _etext = .

.vfp11_veneer   0x0000000008003b84        0x0
 .vfp11_veneer  0x0000000008003b84        0x0 linker stubs

.v4_bx          0x0000000008003b84        0x0
 .v4_bx         0x0000000008003b84        0x0 linker stubs

.iplt           0x0000000008003b84        0x0
 .iplt          0x0000000008003b84        0x0 c:/st/stm32cubeide_1.2.0/stm32cubeide/plugins/com.st.stm32cube.ide.mcu.externaltools.gnu-tools-for-stm32.7-2018-q2-update.win32_1.0.0.201904181610/tools/bin/../lib/gcc/arm-none-eabi/7.3.1/thumb/v7-m/crtbegin.o

.rodata         0x0000000008003b84      0x5a4
                0x0000000008003b84                . = ALIGN (0x4)
 *(.rodata)
 .rodata        0x0000000008003b84      0x541 Core/Src/MY_NRF24.o
 *fill*         0x00000000080040c5        0x3 
 .rodata        0x00000000080040c8       0x12 Drivers/STM32F1xx_HAL_Driver/Src/stm32f1xx_hal_rcc.o
 *(.rodata*)
 *fill*         0x00000000080040da        0x2 
 .rodata.AHBPrescTable
                0x00000000080040dc       0x10 Core/Src/system_stm32f1xx.o
                0x00000000080040dc                AHBPrescTable
 .rodata.APBPrescTable
                0x00000000080040ec        0x8 Core/Src/system_stm32f1xx.o
                0x00000000080040ec                APBPrescTable
 .rodata._svfprintf_r.str1.1
                0x00000000080040f4       0x11 c:/st/stm32cubeide_1.2.0/stm32cubeide/plugins/com.st.stm32cube.ide.mcu.externaltools.gnu-tools-for-stm32.7-2018-q2-update.win32_1.0.0.201904181610/tools/bin/../lib/gcc/arm-none-eabi/7.3.1/../../../../arm-none-eabi/lib/thumb/v7-m\libc_nano.a(lib_a-nano-svfprintf.o)
 .rodata._printf_i.str1.1
                0x0000000008004105       0x22 c:/st/stm32cubeide_1.2.0/stm32cubeide/plugins/com.st.stm32cube.ide.mcu.externaltools.gnu-tools-for-stm32.7-2018-q2-update.win32_1.0.0.201904181610/tools/bin/../lib/gcc/arm-none-eabi/7.3.1/../../../../arm-none-eabi/lib/thumb/v7-m\libc_nano.a(lib_a-nano-vfprintf_i.o)
                0x0000000008004128                . = ALIGN (0x4)
 *fill*         0x0000000008004127        0x1 

.rel.dyn        0x0000000008004128        0x0
 .rel.iplt      0x0000000008004128        0x0 c:/st/stm32cubeide_1.2.0/stm32cubeide/plugins/com.st.stm32cube.ide.mcu.externaltools.gnu-tools-for-stm32.7-2018-q2-update.win32_1.0.0.201904181610/tools/bin/../lib/gcc/arm-none-eabi/7.3.1/thumb/v7-m/crtbegin.o

.ARM.extab      0x0000000008004128        0x0
                0x0000000008004128                . = ALIGN (0x4)
 *(.ARM.extab* .gnu.linkonce.armextab.*)
                0x0000000008004128                . = ALIGN (0x4)

.ARM            0x0000000008004128        0x0
                0x0000000008004128                . = ALIGN (0x4)
                0x0000000008004128                __exidx_start = .
 *(.ARM.exidx*)
                0x0000000008004128                __exidx_end = .
                0x0000000008004128                . = ALIGN (0x4)

.preinit_array  0x0000000008004128        0x0
                0x0000000008004128                . = ALIGN (0x4)
                0x0000000008004128                PROVIDE (__preinit_array_start = .)
 *(.preinit_array*)
                0x0000000008004128                PROVIDE (__preinit_array_end = .)
                0x0000000008004128                . = ALIGN (0x4)

.init_array     0x0000000008004128        0x4
                0x0000000008004128                . = ALIGN (0x4)
                0x0000000008004128                PROVIDE (__init_array_start = .)
 *(SORT_BY_NAME(.init_array.*))
 *(.init_array*)
 .init_array    0x0000000008004128        0x4 c:/st/stm32cubeide_1.2.0/stm32cubeide/plugins/com.st.stm32cube.ide.mcu.externaltools.gnu-tools-for-stm32.7-2018-q2-update.win32_1.0.0.201904181610/tools/bin/../lib/gcc/arm-none-eabi/7.3.1/thumb/v7-m/crtbegin.o
                0x000000000800412c                PROVIDE (__init_array_end = .)
                0x000000000800412c                . = ALIGN (0x4)

.fini_array     0x000000000800412c        0x4
                0x000000000800412c                . = ALIGN (0x4)
                [!provide]                        PROVIDE (__fini_array_start = .)
 *(SORT_BY_NAME(.fini_array.*))
 *(.fini_array*)
 .fini_array    0x000000000800412c        0x4 c:/st/stm32cubeide_1.2.0/stm32cubeide/plugins/com.st.stm32cube.ide.mcu.externaltools.gnu-tools-for-stm32.7-2018-q2-update.win32_1.0.0.201904181610/tools/bin/../lib/gcc/arm-none-eabi/7.3.1/thumb/v7-m/crtbegin.o
                [!provide]                        PROVIDE (__fini_array_end = .)
                0x0000000008004130                . = ALIGN (0x4)
                0x0000000008004130                _sidata = LOADADDR (.data)

.data           0x0000000020000000       0x78 load address 0x0000000008004130
                0x0000000020000000                . = ALIGN (0x4)
                0x0000000020000000                _sdata = .
 *(.data)
 *(.data*)
 .data.TxpipeAddrs
                0x0000000020000000        0x8 Core/Src/main.o
                0x0000000020000000                TxpipeAddrs
 .data.SystemCoreClock
                0x0000000020000008        0x4 Core/Src/system_stm32f1xx.o
                0x0000000020000008                SystemCoreClock
 .data.uwTickPrio
                0x000000002000000c        0x4 Drivers/STM32F1xx_HAL_Driver/Src/stm32f1xx_hal.o
                0x000000002000000c                uwTickPrio
 .data.uwTickFreq
                0x0000000020000010        0x1 Drivers/STM32F1xx_HAL_Driver/Src/stm32f1xx_hal.o
                0x0000000020000010                uwTickFreq
 *fill*         0x0000000020000011        0x3 
 .data._impure_ptr
                0x0000000020000014        0x4 c:/st/stm32cubeide_1.2.0/stm32cubeide/plugins/com.st.stm32cube.ide.mcu.externaltools.gnu-tools-for-stm32.7-2018-q2-update.win32_1.0.0.201904181610/tools/bin/../lib/gcc/arm-none-eabi/7.3.1/../../../../arm-none-eabi/lib/thumb/v7-m\libc_nano.a(lib_a-impure.o)
                0x0000000020000014                _impure_ptr
 .data.impure_data
                0x0000000020000018       0x60 c:/st/stm32cubeide_1.2.0/stm32cubeide/plugins/com.st.stm32cube.ide.mcu.externaltools.gnu-tools-for-stm32.7-2018-q2-update.win32_1.0.0.201904181610/tools/bin/../lib/gcc/arm-none-eabi/7.3.1/../../../../arm-none-eabi/lib/thumb/v7-m\libc_nano.a(lib_a-impure.o)
                0x0000000020000078                . = ALIGN (0x4)
                0x0000000020000078                _edata = .

.igot.plt       0x0000000020000078        0x0 load address 0x00000000080041a8
 .igot.plt      0x0000000020000078        0x0 c:/st/stm32cubeide_1.2.0/stm32cubeide/plugins/com.st.stm32cube.ide.mcu.externaltools.gnu-tools-for-stm32.7-2018-q2-update.win32_1.0.0.201904181610/tools/bin/../lib/gcc/arm-none-eabi/7.3.1/thumb/v7-m/crtbegin.o
                0x0000000020000078                . = ALIGN (0x4)

.bss            0x0000000020000078      0x16c load address 0x00000000080041a8
                0x0000000020000078                _sbss = .
                0x0000000020000078                __bss_start__ = _sbss
 *(.bss)
 .bss           0x0000000020000078       0x1c c:/st/stm32cubeide_1.2.0/stm32cubeide/plugins/com.st.stm32cube.ide.mcu.externaltools.gnu-tools-for-stm32.7-2018-q2-update.win32_1.0.0.201904181610/tools/bin/../lib/gcc/arm-none-eabi/7.3.1/thumb/v7-m/crtbegin.o
 *(.bss*)
 .bss.payload_size
                0x0000000020000094        0x1 Core/Src/MY_NRF24.o
 .bss.dynamic_payloads_enabled
                0x0000000020000095        0x1 Core/Src/MY_NRF24.o
 .bss.wide_band
                0x0000000020000096        0x1 Core/Src/MY_NRF24.o
 *fill*         0x0000000020000097        0x1 
 .bss.nrf24_PORT
                0x0000000020000098        0x4 Core/Src/MY_NRF24.o
 .bss.nrf24_CSN_PIN
                0x000000002000009c        0x2 Core/Src/MY_NRF24.o
 .bss.nrf24_CE_PIN
                0x000000002000009e        0x2 Core/Src/MY_NRF24.o
 .bss.nrf24_hspi
                0x00000000200000a0       0x58 Core/Src/MY_NRF24.o
 .bss.nrf24_huart
                0x00000000200000f8       0x40 Core/Src/MY_NRF24.o
 .bss.heap_end.5149
                0x0000000020000138        0x4 Core/Src/sysmem.o
 .bss.__malloc_free_list
                0x000000002000013c        0x4 c:/st/stm32cubeide_1.2.0/stm32cubeide/plugins/com.st.stm32cube.ide.mcu.externaltools.gnu-tools-for-stm32.7-2018-q2-update.win32_1.0.0.201904181610/tools/bin/../lib/gcc/arm-none-eabi/7.3.1/../../../../arm-none-eabi/lib/thumb/v7-m\libc_nano.a(lib_a-nano-mallocr.o)
                0x000000002000013c                __malloc_free_list
 .bss.__malloc_sbrk_start
                0x0000000020000140        0x4 c:/st/stm32cubeide_1.2.0/stm32cubeide/plugins/com.st.stm32cube.ide.mcu.externaltools.gnu-tools-for-stm32.7-2018-q2-update.win32_1.0.0.201904181610/tools/bin/../lib/gcc/arm-none-eabi/7.3.1/../../../../arm-none-eabi/lib/thumb/v7-m\libc_nano.a(lib_a-nano-mallocr.o)
                0x0000000020000140                __malloc_sbrk_start
 *(COMMON)
 COMMON         0x0000000020000144       0x98 Core/Src/main.o
                0x0000000020000144                hspi1
                0x000000002000019c                huart2
 COMMON         0x00000000200001dc        0x4 Drivers/STM32F1xx_HAL_Driver/Src/stm32f1xx_hal.o
                0x00000000200001dc                uwTick
 COMMON         0x00000000200001e0        0x4 c:/st/stm32cubeide_1.2.0/stm32cubeide/plugins/com.st.stm32cube.ide.mcu.externaltools.gnu-tools-for-stm32.7-2018-q2-update.win32_1.0.0.201904181610/tools/bin/../lib/gcc/arm-none-eabi/7.3.1/../../../../arm-none-eabi/lib/thumb/v7-m\libc_nano.a(lib_a-reent.o)
                0x00000000200001e0                errno
                0x00000000200001e4                . = ALIGN (0x4)
                0x00000000200001e4                _ebss = .
                0x00000000200001e4                __bss_end__ = _ebss

._user_heap_stack
                0x00000000200001e4      0x604 load address 0x00000000080041a8
                0x00000000200001e8                . = ALIGN (0x8)
 *fill*         0x00000000200001e4        0x4 
                0x00000000200001e8                PROVIDE (end = .)
                [!provide]                        PROVIDE (_end = .)
                0x00000000200003e8                . = (. + _Min_Heap_Size)
 *fill*         0x00000000200001e8      0x200 
                0x00000000200007e8                . = (. + _Min_Stack_Size)
 *fill*         0x00000000200003e8      0x400 
                0x00000000200007e8                . = ALIGN (0x8)

/DISCARD/
 libc.a(*)
 libm.a(*)
 libgcc.a(*)

.ARM.attributes
                0x0000000000000000       0x29
 *(.ARM.attributes)
 .ARM.attributes
                0x0000000000000000       0x1d c:/st/stm32cubeide_1.2.0/stm32cubeide/plugins/com.st.stm32cube.ide.mcu.externaltools.gnu-tools-for-stm32.7-2018-q2-update.win32_1.0.0.201904181610/tools/bin/../lib/gcc/arm-none-eabi/7.3.1/thumb/v7-m/crti.o
 .ARM.attributes
                0x000000000000001d       0x2d c:/st/stm32cubeide_1.2.0/stm32cubeide/plugins/com.st.stm32cube.ide.mcu.externaltools.gnu-tools-for-stm32.7-2018-q2-update.win32_1.0.0.201904181610/tools/bin/../lib/gcc/arm-none-eabi/7.3.1/thumb/v7-m/crtbegin.o
 .ARM.attributes
                0x000000000000004a       0x33 Core/Src/MY_NRF24.o
 .ARM.attributes
                0x000000000000007d       0x33 Core/Src/main.o
 .ARM.attributes
                0x00000000000000b0       0x33 Core/Src/stm32f1xx_hal_msp.o
 .ARM.attributes
                0x00000000000000e3       0x33 Core/Src/stm32f1xx_it.o
 .ARM.attributes
                0x0000000000000116       0x33 Core/Src/sysmem.o
 .ARM.attributes
                0x0000000000000149       0x33 Core/Src/system_stm32f1xx.o
 .ARM.attributes
                0x000000000000017c       0x21 Core/Startup/startup_stm32f103c8tx.o
 .ARM.attributes
                0x000000000000019d       0x33 Drivers/STM32F1xx_HAL_Driver/Src/stm32f1xx_hal.o
 .ARM.attributes
                0x00000000000001d0       0x33 Drivers/STM32F1xx_HAL_Driver/Src/stm32f1xx_hal_cortex.o
 .ARM.attributes
                0x0000000000000203       0x33 Drivers/STM32F1xx_HAL_Driver/Src/stm32f1xx_hal_gpio.o
 .ARM.attributes
                0x0000000000000236       0x33 Drivers/STM32F1xx_HAL_Driver/Src/stm32f1xx_hal_rcc.o
 .ARM.attributes
                0x0000000000000269       0x33 Drivers/STM32F1xx_HAL_Driver/Src/stm32f1xx_hal_spi.o
 .ARM.attributes
                0x000000000000029c       0x33 Drivers/STM32F1xx_HAL_Driver/Src/stm32f1xx_hal_uart.o
 .ARM.attributes
                0x00000000000002cf       0x2d c:/st/stm32cubeide_1.2.0/stm32cubeide/plugins/com.st.stm32cube.ide.mcu.externaltools.gnu-tools-for-stm32.7-2018-q2-update.win32_1.0.0.201904181610/tools/bin/../lib/gcc/arm-none-eabi/7.3.1/../../../../arm-none-eabi/lib/thumb/v7-m\libc_nano.a(lib_a-errno.o)
 .ARM.attributes
                0x00000000000002fc       0x2d c:/st/stm32cubeide_1.2.0/stm32cubeide/plugins/com.st.stm32cube.ide.mcu.externaltools.gnu-tools-for-stm32.7-2018-q2-update.win32_1.0.0.201904181610/tools/bin/../lib/gcc/arm-none-eabi/7.3.1/../../../../arm-none-eabi/lib/thumb/v7-m\libc_nano.a(lib_a-impure.o)
 .ARM.attributes
                0x0000000000000329       0x2d c:/st/stm32cubeide_1.2.0/stm32cubeide/plugins/com.st.stm32cube.ide.mcu.externaltools.gnu-tools-for-stm32.7-2018-q2-update.win32_1.0.0.201904181610/tools/bin/../lib/gcc/arm-none-eabi/7.3.1/../../../../arm-none-eabi/lib/thumb/v7-m\libc_nano.a(lib_a-init.o)
 .ARM.attributes
                0x0000000000000356       0x2d c:/st/stm32cubeide_1.2.0/stm32cubeide/plugins/com.st.stm32cube.ide.mcu.externaltools.gnu-tools-for-stm32.7-2018-q2-update.win32_1.0.0.201904181610/tools/bin/../lib/gcc/arm-none-eabi/7.3.1/../../../../arm-none-eabi/lib/thumb/v7-m\libc_nano.a(lib_a-memcpy-stub.o)
 .ARM.attributes
                0x0000000000000383       0x2d c:/st/stm32cubeide_1.2.0/stm32cubeide/plugins/com.st.stm32cube.ide.mcu.externaltools.gnu-tools-for-stm32.7-2018-q2-update.win32_1.0.0.201904181610/tools/bin/../lib/gcc/arm-none-eabi/7.3.1/../../../../arm-none-eabi/lib/thumb/v7-m\libc_nano.a(lib_a-memset.o)
 .ARM.attributes
                0x00000000000003b0       0x2d c:/st/stm32cubeide_1.2.0/stm32cubeide/plugins/com.st.stm32cube.ide.mcu.externaltools.gnu-tools-for-stm32.7-2018-q2-update.win32_1.0.0.201904181610/tools/bin/../lib/gcc/arm-none-eabi/7.3.1/../../../../arm-none-eabi/lib/thumb/v7-m\libc_nano.a(lib_a-sprintf.o)
 .ARM.attributes
                0x00000000000003dd       0x17 c:/st/stm32cubeide_1.2.0/stm32cubeide/plugins/com.st.stm32cube.ide.mcu.externaltools.gnu-tools-for-stm32.7-2018-q2-update.win32_1.0.0.201904181610/tools/bin/../lib/gcc/arm-none-eabi/7.3.1/../../../../arm-none-eabi/lib/thumb/v7-m\libc_nano.a(lib_a-strlen.o)
 .ARM.attributes
                0x00000000000003f4       0x2d c:/st/stm32cubeide_1.2.0/stm32cubeide/plugins/com.st.stm32cube.ide.mcu.externaltools.gnu-tools-for-stm32.7-2018-q2-update.win32_1.0.0.201904181610/tools/bin/../lib/gcc/arm-none-eabi/7.3.1/../../../../arm-none-eabi/lib/thumb/v7-m\libc_nano.a(lib_a-nano-svfprintf.o)
 .ARM.attributes
                0x0000000000000421       0x2d c:/st/stm32cubeide_1.2.0/stm32cubeide/plugins/com.st.stm32cube.ide.mcu.externaltools.gnu-tools-for-stm32.7-2018-q2-update.win32_1.0.0.201904181610/tools/bin/../lib/gcc/arm-none-eabi/7.3.1/../../../../arm-none-eabi/lib/thumb/v7-m\libc_nano.a(lib_a-nano-vfprintf_i.o)
 .ARM.attributes
                0x000000000000044e       0x2d c:/st/stm32cubeide_1.2.0/stm32cubeide/plugins/com.st.stm32cube.ide.mcu.externaltools.gnu-tools-for-stm32.7-2018-q2-update.win32_1.0.0.201904181610/tools/bin/../lib/gcc/arm-none-eabi/7.3.1/../../../../arm-none-eabi/lib/thumb/v7-m\libc_nano.a(lib_a-memchr-stub.o)
 .ARM.attributes
                0x000000000000047b       0x2d c:/st/stm32cubeide_1.2.0/stm32cubeide/plugins/com.st.stm32cube.ide.mcu.externaltools.gnu-tools-for-stm32.7-2018-q2-update.win32_1.0.0.201904181610/tools/bin/../lib/gcc/arm-none-eabi/7.3.1/../../../../arm-none-eabi/lib/thumb/v7-m\libc_nano.a(lib_a-memmove.o)
 .ARM.attributes
                0x00000000000004a8       0x2d c:/st/stm32cubeide_1.2.0/stm32cubeide/plugins/com.st.stm32cube.ide.mcu.externaltools.gnu-tools-for-stm32.7-2018-q2-update.win32_1.0.0.201904181610/tools/bin/../lib/gcc/arm-none-eabi/7.3.1/../../../../arm-none-eabi/lib/thumb/v7-m\libc_nano.a(lib_a-nano-freer.o)
 .ARM.attributes
                0x00000000000004d5       0x2d c:/st/stm32cubeide_1.2.0/stm32cubeide/plugins/com.st.stm32cube.ide.mcu.externaltools.gnu-tools-for-stm32.7-2018-q2-update.win32_1.0.0.201904181610/tools/bin/../lib/gcc/arm-none-eabi/7.3.1/../../../../arm-none-eabi/lib/thumb/v7-m\libc_nano.a(lib_a-nano-mallocr.o)
 .ARM.attributes
                0x0000000000000502       0x2d c:/st/stm32cubeide_1.2.0/stm32cubeide/plugins/com.st.stm32cube.ide.mcu.externaltools.gnu-tools-for-stm32.7-2018-q2-update.win32_1.0.0.201904181610/tools/bin/../lib/gcc/arm-none-eabi/7.3.1/../../../../arm-none-eabi/lib/thumb/v7-m\libc_nano.a(lib_a-nano-reallocr.o)
 .ARM.attributes
                0x000000000000052f       0x2d c:/st/stm32cubeide_1.2.0/stm32cubeide/plugins/com.st.stm32cube.ide.mcu.externaltools.gnu-tools-for-stm32.7-2018-q2-update.win32_1.0.0.201904181610/tools/bin/../lib/gcc/arm-none-eabi/7.3.1/../../../../arm-none-eabi/lib/thumb/v7-m\libc_nano.a(lib_a-sbrkr.o)
 .ARM.attributes
                0x000000000000055c       0x2d c:/st/stm32cubeide_1.2.0/stm32cubeide/plugins/com.st.stm32cube.ide.mcu.externaltools.gnu-tools-for-stm32.7-2018-q2-update.win32_1.0.0.201904181610/tools/bin/../lib/gcc/arm-none-eabi/7.3.1/../../../../arm-none-eabi/lib/thumb/v7-m\libc_nano.a(lib_a-mlock.o)
 .ARM.attributes
                0x0000000000000589       0x2d c:/st/stm32cubeide_1.2.0/stm32cubeide/plugins/com.st.stm32cube.ide.mcu.externaltools.gnu-tools-for-stm32.7-2018-q2-update.win32_1.0.0.201904181610/tools/bin/../lib/gcc/arm-none-eabi/7.3.1/../../../../arm-none-eabi/lib/thumb/v7-m\libc_nano.a(lib_a-nano-msizer.o)
 .ARM.attributes
                0x00000000000005b6       0x2d c:/st/stm32cubeide_1.2.0/stm32cubeide/plugins/com.st.stm32cube.ide.mcu.externaltools.gnu-tools-for-stm32.7-2018-q2-update.win32_1.0.0.201904181610/tools/bin/../lib/gcc/arm-none-eabi/7.3.1/../../../../arm-none-eabi/lib/thumb/v7-m\libc_nano.a(lib_a-reent.o)
 .ARM.attributes
                0x00000000000005e3       0x1d c:/st/stm32cubeide_1.2.0/stm32cubeide/plugins/com.st.stm32cube.ide.mcu.externaltools.gnu-tools-for-stm32.7-2018-q2-update.win32_1.0.0.201904181610/tools/bin/../lib/gcc/arm-none-eabi/7.3.1/thumb/v7-m/crtn.o
OUTPUT(Receptor NRF.elf elf32-littlearm)

.debug_info     0x0000000000000000     0x93cf
 .debug_info    0x0000000000000000     0x1d69 Core/Src/MY_NRF24.o
 .debug_info    0x0000000000001d69     0x1413 Core/Src/main.o
 .debug_info    0x000000000000317c      0xb02 Core/Src/stm32f1xx_hal_msp.o
 .debug_info    0x0000000000003c7e      0x1fa Core/Src/stm32f1xx_it.o
 .debug_info    0x0000000000003e78      0x91c Core/Src/sysmem.o
 .debug_info    0x0000000000004794      0x433 Core/Src/system_stm32f1xx.o
 .debug_info    0x0000000000004bc7       0x22 Core/Startup/startup_stm32f103c8tx.o
 .debug_info    0x0000000000004be9      0x6fe Drivers/STM32F1xx_HAL_Driver/Src/stm32f1xx_hal.o
 .debug_info    0x00000000000052e7      0xb46 Drivers/STM32F1xx_HAL_Driver/Src/stm32f1xx_hal_cortex.o
 .debug_info    0x0000000000005e2d      0x681 Drivers/STM32F1xx_HAL_Driver/Src/stm32f1xx_hal_gpio.o
 .debug_info    0x00000000000064ae      0x804 Drivers/STM32F1xx_HAL_Driver/Src/stm32f1xx_hal_rcc.o
 .debug_info    0x0000000000006cb2     0x153a Drivers/STM32F1xx_HAL_Driver/Src/stm32f1xx_hal_spi.o
 .debug_info    0x00000000000081ec     0x11e3 Drivers/STM32F1xx_HAL_Driver/Src/stm32f1xx_hal_uart.o

.debug_abbrev   0x0000000000000000     0x1809
 .debug_abbrev  0x0000000000000000      0x34c Core/Src/MY_NRF24.o
 .debug_abbrev  0x000000000000034c      0x238 Core/Src/main.o
 .debug_abbrev  0x0000000000000584      0x18c Core/Src/stm32f1xx_hal_msp.o
 .debug_abbrev  0x0000000000000710       0xc6 Core/Src/stm32f1xx_it.o
 .debug_abbrev  0x00000000000007d6      0x1bb Core/Src/sysmem.o
 .debug_abbrev  0x0000000000000991      0x134 Core/Src/system_stm32f1xx.o
 .debug_abbrev  0x0000000000000ac5       0x12 Core/Startup/startup_stm32f103c8tx.o
 .debug_abbrev  0x0000000000000ad7      0x1d8 Drivers/STM32F1xx_HAL_Driver/Src/stm32f1xx_hal.o
 .debug_abbrev  0x0000000000000caf      0x2d5 Drivers/STM32F1xx_HAL_Driver/Src/stm32f1xx_hal_cortex.o
 .debug_abbrev  0x0000000000000f84      0x1c0 Drivers/STM32F1xx_HAL_Driver/Src/stm32f1xx_hal_gpio.o
 .debug_abbrev  0x0000000000001144      0x243 Drivers/STM32F1xx_HAL_Driver/Src/stm32f1xx_hal_rcc.o
 .debug_abbrev  0x0000000000001387      0x240 Drivers/STM32F1xx_HAL_Driver/Src/stm32f1xx_hal_spi.o
 .debug_abbrev  0x00000000000015c7      0x242 Drivers/STM32F1xx_HAL_Driver/Src/stm32f1xx_hal_uart.o

.debug_aranges  0x0000000000000000      0x990
 .debug_aranges
                0x0000000000000000      0x1d0 Core/Src/MY_NRF24.o
 .debug_aranges
                0x00000000000001d0       0x48 Core/Src/main.o
 .debug_aranges
                0x0000000000000218       0x40 Core/Src/stm32f1xx_hal_msp.o
 .debug_aranges
                0x0000000000000258       0x60 Core/Src/stm32f1xx_it.o
 .debug_aranges
                0x00000000000002b8       0x20 Core/Src/sysmem.o
 .debug_aranges
                0x00000000000002d8       0x28 Core/Src/system_stm32f1xx.o
 .debug_aranges
                0x0000000000000300       0x28 Core/Startup/startup_stm32f103c8tx.o
 .debug_aranges
                0x0000000000000328       0xe0 Drivers/STM32F1xx_HAL_Driver/Src/stm32f1xx_hal.o
 .debug_aranges
                0x0000000000000408      0x100 Drivers/STM32F1xx_HAL_Driver/Src/stm32f1xx_hal_cortex.o
 .debug_aranges
                0x0000000000000508       0x58 Drivers/STM32F1xx_HAL_Driver/Src/stm32f1xx_hal_gpio.o
 .debug_aranges
                0x0000000000000560       0x90 Drivers/STM32F1xx_HAL_Driver/Src/stm32f1xx_hal_rcc.o
 .debug_aranges
                0x00000000000005f0      0x1d0 Drivers/STM32F1xx_HAL_Driver/Src/stm32f1xx_hal_spi.o
 .debug_aranges
                0x00000000000007c0      0x1d0 Drivers/STM32F1xx_HAL_Driver/Src/stm32f1xx_hal_uart.o

.debug_ranges   0x0000000000000000      0x8c8
 .debug_ranges  0x0000000000000000      0x1c0 Core/Src/MY_NRF24.o
 .debug_ranges  0x00000000000001c0       0x38 Core/Src/main.o
 .debug_ranges  0x00000000000001f8       0x30 Core/Src/stm32f1xx_hal_msp.o
 .debug_ranges  0x0000000000000228       0x50 Core/Src/stm32f1xx_it.o
 .debug_ranges  0x0000000000000278       0x10 Core/Src/sysmem.o
 .debug_ranges  0x0000000000000288       0x18 Core/Src/system_stm32f1xx.o
 .debug_ranges  0x00000000000002a0       0x20 Core/Startup/startup_stm32f103c8tx.o
 .debug_ranges  0x00000000000002c0       0xd0 Drivers/STM32F1xx_HAL_Driver/Src/stm32f1xx_hal.o
 .debug_ranges  0x0000000000000390       0xf0 Drivers/STM32F1xx_HAL_Driver/Src/stm32f1xx_hal_cortex.o
 .debug_ranges  0x0000000000000480       0x48 Drivers/STM32F1xx_HAL_Driver/Src/stm32f1xx_hal_gpio.o
 .debug_ranges  0x00000000000004c8       0x80 Drivers/STM32F1xx_HAL_Driver/Src/stm32f1xx_hal_rcc.o
 .debug_ranges  0x0000000000000548      0x1c0 Drivers/STM32F1xx_HAL_Driver/Src/stm32f1xx_hal_spi.o
 .debug_ranges  0x0000000000000708      0x1c0 Drivers/STM32F1xx_HAL_Driver/Src/stm32f1xx_hal_uart.o

.debug_macro    0x0000000000000000    0x13d52
 .debug_macro   0x0000000000000000      0x2a6 Core/Src/MY_NRF24.o
 .debug_macro   0x00000000000002a6      0xa5a Core/Src/MY_NRF24.o
 .debug_macro   0x0000000000000d00      0x21b Core/Src/MY_NRF24.o
 .debug_macro   0x0000000000000f1b       0x2e Core/Src/MY_NRF24.o
 .debug_macro   0x0000000000000f49       0x22 Core/Src/MY_NRF24.o
 .debug_macro   0x0000000000000f6b       0x22 Core/Src/MY_NRF24.o
 .debug_macro   0x0000000000000f8d       0x8e Core/Src/MY_NRF24.o
 .debug_macro   0x000000000000101b       0x51 Core/Src/MY_NRF24.o
 .debug_macro   0x000000000000106c       0xef Core/Src/MY_NRF24.o
 .debug_macro   0x000000000000115b       0x6a Core/Src/MY_NRF24.o
 .debug_macro   0x00000000000011c5      0x1df Core/Src/MY_NRF24.o
 .debug_macro   0x00000000000013a4       0x1c Core/Src/MY_NRF24.o
 .debug_macro   0x00000000000013c0       0x22 Core/Src/MY_NRF24.o
 .debug_macro   0x00000000000013e2       0xc3 Core/Src/MY_NRF24.o
 .debug_macro   0x00000000000014a5      0xd23 Core/Src/MY_NRF24.o
 .debug_macro   0x00000000000021c8     0xe09e Core/Src/MY_NRF24.o
 .debug_macro   0x0000000000010266       0x43 Core/Src/MY_NRF24.o
 .debug_macro   0x00000000000102a9      0x174 Core/Src/MY_NRF24.o
 .debug_macro   0x000000000001041d       0x5a Core/Src/MY_NRF24.o
 .debug_macro   0x0000000000010477      0x5be Core/Src/MY_NRF24.o
 .debug_macro   0x0000000000010a35      0x289 Core/Src/MY_NRF24.o
 .debug_macro   0x0000000000010cbe      0x1cb Core/Src/MY_NRF24.o
 .debug_macro   0x0000000000010e89      0x114 Core/Src/MY_NRF24.o
 .debug_macro   0x0000000000010f9d      0x1b2 Core/Src/MY_NRF24.o
 .debug_macro   0x000000000001114f       0x27 Core/Src/MY_NRF24.o
 .debug_macro   0x0000000000011176      0x136 Core/Src/MY_NRF24.o
 .debug_macro   0x00000000000112ac      0x1bc Core/Src/MY_NRF24.o
 .debug_macro   0x0000000000011468       0x34 Core/Src/MY_NRF24.o
 .debug_macro   0x000000000001149c       0x3c Core/Src/MY_NRF24.o
 .debug_macro   0x00000000000114d8       0x57 Core/Src/MY_NRF24.o
 .debug_macro   0x000000000001152f       0x88 Core/Src/MY_NRF24.o
 .debug_macro   0x00000000000115b7      0x241 Core/Src/MY_NRF24.o
 .debug_macro   0x00000000000117f8      0x141 Core/Src/MY_NRF24.o
 .debug_macro   0x0000000000011939      0x217 Core/Src/MY_NRF24.o
 .debug_macro   0x0000000000011b50      0x26b Core/Src/MY_NRF24.o
 .debug_macro   0x0000000000011dbb       0x83 Core/Src/MY_NRF24.o
 .debug_macro   0x0000000000011e3e      0x226 Core/Src/MY_NRF24.o
 .debug_macro   0x0000000000012064       0x18 Core/Src/MY_NRF24.o
 .debug_macro   0x000000000001207c       0x46 Core/Src/MY_NRF24.o
 .debug_macro   0x00000000000120c2       0x3c Core/Src/MY_NRF24.o
 .debug_macro   0x00000000000120fe       0x34 Core/Src/MY_NRF24.o
 .debug_macro   0x0000000000012132       0x16 Core/Src/MY_NRF24.o
 .debug_macro   0x0000000000012148       0x35 Core/Src/MY_NRF24.o
 .debug_macro   0x000000000001217d       0x52 Core/Src/MY_NRF24.o
 .debug_macro   0x00000000000121cf       0x1f Core/Src/MY_NRF24.o
 .debug_macro   0x00000000000121ee       0x43 Core/Src/MY_NRF24.o
 .debug_macro   0x0000000000012231       0x20 Core/Src/MY_NRF24.o
 .debug_macro   0x0000000000012251      0x1a3 Core/Src/MY_NRF24.o
 .debug_macro   0x00000000000123f4      0x32a Core/Src/MY_NRF24.o
 .debug_macro   0x000000000001271e       0x16 Core/Src/MY_NRF24.o
 .debug_macro   0x0000000000012734       0x29 Core/Src/MY_NRF24.o
 .debug_macro   0x000000000001275d       0x22 Core/Src/MY_NRF24.o
 .debug_macro   0x000000000001277f       0x16 Core/Src/MY_NRF24.o
 .debug_macro   0x0000000000012795       0x20 Core/Src/MY_NRF24.o
 .debug_macro   0x00000000000127b5      0x2a3 Core/Src/main.o
 .debug_macro   0x0000000000012a58       0x1c Core/Src/main.o
 .debug_macro   0x0000000000012a74      0x19e Core/Src/stm32f1xx_hal_msp.o
 .debug_macro   0x0000000000012c12      0x1a8 Core/Src/stm32f1xx_it.o
 .debug_macro   0x0000000000012dba      0x1ae Core/Src/sysmem.o
 .debug_macro   0x0000000000012f68      0x23b Core/Src/sysmem.o
 .debug_macro   0x00000000000131a3       0x16 Core/Src/sysmem.o
 .debug_macro   0x00000000000131b9      0x195 Core/Src/system_stm32f1xx.o
 .debug_macro   0x000000000001334e      0x1b3 Drivers/STM32F1xx_HAL_Driver/Src/stm32f1xx_hal.o
 .debug_macro   0x0000000000013501      0x18f Drivers/STM32F1xx_HAL_Driver/Src/stm32f1xx_hal_cortex.o
 .debug_macro   0x0000000000013690      0x1fa Drivers/STM32F1xx_HAL_Driver/Src/stm32f1xx_hal_gpio.o
 .debug_macro   0x000000000001388a      0x1a1 Drivers/STM32F1xx_HAL_Driver/Src/stm32f1xx_hal_rcc.o
 .debug_macro   0x0000000000013a2b      0x197 Drivers/STM32F1xx_HAL_Driver/Src/stm32f1xx_hal_spi.o
 .debug_macro   0x0000000000013bc2      0x190 Drivers/STM32F1xx_HAL_Driver/Src/stm32f1xx_hal_uart.o

.debug_line     0x0000000000000000     0x6f82
 .debug_line    0x0000000000000000      0xd92 Core/Src/MY_NRF24.o
 .debug_line    0x0000000000000d92      0x850 Core/Src/main.o
 .debug_line    0x00000000000015e2      0x67f Core/Src/stm32f1xx_hal_msp.o
 .debug_line    0x0000000000001c61      0x6c0 Core/Src/stm32f1xx_it.o
 .debug_line    0x0000000000002321      0x55e Core/Src/sysmem.o
 .debug_line    0x000000000000287f      0x64d Core/Src/system_stm32f1xx.o
 .debug_line    0x0000000000002ecc       0x84 Core/Startup/startup_stm32f103c8tx.o
 .debug_line    0x0000000000002f50      0x7f5 Drivers/STM32F1xx_HAL_Driver/Src/stm32f1xx_hal.o
 .debug_line    0x0000000000003745      0x8ce Drivers/STM32F1xx_HAL_Driver/Src/stm32f1xx_hal_cortex.o
 .debug_line    0x0000000000004013      0x7f5 Drivers/STM32F1xx_HAL_Driver/Src/stm32f1xx_hal_gpio.o
 .debug_line    0x0000000000004808      0x8b7 Drivers/STM32F1xx_HAL_Driver/Src/stm32f1xx_hal_rcc.o
 .debug_line    0x00000000000050bf      0xfc3 Drivers/STM32F1xx_HAL_Driver/Src/stm32f1xx_hal_spi.o
 .debug_line    0x0000000000006082      0xf00 Drivers/STM32F1xx_HAL_Driver/Src/stm32f1xx_hal_uart.o

.debug_str      0x0000000000000000    0x6cf47
 .debug_str     0x0000000000000000    0x69b12 Core/Src/MY_NRF24.o
                                      0x69f1f (size before relaxing)
 .debug_str     0x0000000000069b12      0x292 Core/Src/main.o
                                      0x69a2a (size before relaxing)
 .debug_str     0x0000000000069da4       0xa0 Core/Src/stm32f1xx_hal_msp.o
                                      0x66292 (size before relaxing)
 .debug_str     0x0000000000069e44       0xbd Core/Src/stm32f1xx_it.o
                                      0x65cfc (size before relaxing)
 .debug_str     0x0000000000069f01     0x1695 Core/Src/sysmem.o
                                       0x7ade (size before relaxing)
 .debug_str     0x000000000006b596       0xc2 Core/Src/system_stm32f1xx.o
                                      0x65cea (size before relaxing)
 .debug_str     0x000000000006b658       0x36 Core/Startup/startup_stm32f103c8tx.o
                                         0x83 (size before relaxing)
 .debug_str     0x000000000006b68e      0x629 Drivers/STM32F1xx_HAL_Driver/Src/stm32f1xx_hal.o
                                      0x662fb (size before relaxing)
 .debug_str     0x000000000006bcb7      0x2c8 Drivers/STM32F1xx_HAL_Driver/Src/stm32f1xx_hal_cortex.o
                                      0x66309 (size before relaxing)
 .debug_str     0x000000000006bf7f      0x324 Drivers/STM32F1xx_HAL_Driver/Src/stm32f1xx_hal_gpio.o
                                      0x66034 (size before relaxing)
 .debug_str     0x000000000006c2a3      0x263 Drivers/STM32F1xx_HAL_Driver/Src/stm32f1xx_hal_rcc.o
                                      0x6606d (size before relaxing)
 .debug_str     0x000000000006c506      0x534 Drivers/STM32F1xx_HAL_Driver/Src/stm32f1xx_hal_spi.o
                                      0x6655b (size before relaxing)
 .debug_str     0x000000000006ca3a      0x50d Drivers/STM32F1xx_HAL_Driver/Src/stm32f1xx_hal_uart.o
                                      0x6655c (size before relaxing)

.comment        0x0000000000000000       0x7b
 .comment       0x0000000000000000       0x7b Core/Src/MY_NRF24.o
                                         0x7c (size before relaxing)
 .comment       0x000000000000007b       0x7c Core/Src/main.o
 .comment       0x000000000000007b       0x7c Core/Src/stm32f1xx_hal_msp.o
 .comment       0x000000000000007b       0x7c Core/Src/stm32f1xx_it.o
 .comment       0x000000000000007b       0x7c Core/Src/sysmem.o
 .comment       0x000000000000007b       0x7c Core/Src/system_stm32f1xx.o
 .comment       0x000000000000007b       0x7c Drivers/STM32F1xx_HAL_Driver/Src/stm32f1xx_hal.o
 .comment       0x000000000000007b       0x7c Drivers/STM32F1xx_HAL_Driver/Src/stm32f1xx_hal_cortex.o
 .comment       0x000000000000007b       0x7c Drivers/STM32F1xx_HAL_Driver/Src/stm32f1xx_hal_gpio.o
 .comment       0x000000000000007b       0x7c Drivers/STM32F1xx_HAL_Driver/Src/stm32f1xx_hal_rcc.o
 .comment       0x000000000000007b       0x7c Drivers/STM32F1xx_HAL_Driver/Src/stm32f1xx_hal_spi.o
 .comment       0x000000000000007b       0x7c Drivers/STM32F1xx_HAL_Driver/Src/stm32f1xx_hal_uart.o

.debug_frame    0x0000000000000000     0x29a0
 .debug_frame   0x0000000000000000      0x798 Core/Src/MY_NRF24.o
 .debug_frame   0x0000000000000798       0xd4 Core/Src/main.o
 .debug_frame   0x000000000000086c       0xc8 Core/Src/stm32f1xx_hal_msp.o
 .debug_frame   0x0000000000000934      0x10c Core/Src/stm32f1xx_it.o
 .debug_frame   0x0000000000000a40       0x34 Core/Src/sysmem.o
 .debug_frame   0x0000000000000a74       0x58 Core/Src/system_stm32f1xx.o
 .debug_frame   0x0000000000000acc      0x334 Drivers/STM32F1xx_HAL_Driver/Src/stm32f1xx_hal.o
 .debug_frame   0x0000000000000e00      0x428 Drivers/STM32F1xx_HAL_Driver/Src/stm32f1xx_hal_cortex.o
 .debug_frame   0x0000000000001228      0x14c Drivers/STM32F1xx_HAL_Driver/Src/stm32f1xx_hal_gpio.o
 .debug_frame   0x0000000000001374      0x21c Drivers/STM32F1xx_HAL_Driver/Src/stm32f1xx_hal_rcc.o
 .debug_frame   0x0000000000001590      0x824 Drivers/STM32F1xx_HAL_Driver/Src/stm32f1xx_hal_spi.o
 .debug_frame   0x0000000000001db4      0x834 Drivers/STM32F1xx_HAL_Driver/Src/stm32f1xx_hal_uart.o
 .debug_frame   0x00000000000025e8       0x20 c:/st/stm32cubeide_1.2.0/stm32cubeide/plugins/com.st.stm32cube.ide.mcu.externaltools.gnu-tools-for-stm32.7-2018-q2-update.win32_1.0.0.201904181610/tools/bin/../lib/gcc/arm-none-eabi/7.3.1/../../../../arm-none-eabi/lib/thumb/v7-m\libc_nano.a(lib_a-errno.o)
 .debug_frame   0x0000000000002608       0x2c c:/st/stm32cubeide_1.2.0/stm32cubeide/plugins/com.st.stm32cube.ide.mcu.externaltools.gnu-tools-for-stm32.7-2018-q2-update.win32_1.0.0.201904181610/tools/bin/../lib/gcc/arm-none-eabi/7.3.1/../../../../arm-none-eabi/lib/thumb/v7-m\libc_nano.a(lib_a-init.o)
 .debug_frame   0x0000000000002634       0x28 c:/st/stm32cubeide_1.2.0/stm32cubeide/plugins/com.st.stm32cube.ide.mcu.externaltools.gnu-tools-for-stm32.7-2018-q2-update.win32_1.0.0.201904181610/tools/bin/../lib/gcc/arm-none-eabi/7.3.1/../../../../arm-none-eabi/lib/thumb/v7-m\libc_nano.a(lib_a-memcpy-stub.o)
 .debug_frame   0x000000000000265c       0x20 c:/st/stm32cubeide_1.2.0/stm32cubeide/plugins/com.st.stm32cube.ide.mcu.externaltools.gnu-tools-for-stm32.7-2018-q2-update.win32_1.0.0.201904181610/tools/bin/../lib/gcc/arm-none-eabi/7.3.1/../../../../arm-none-eabi/lib/thumb/v7-m\libc_nano.a(lib_a-memset.o)
 .debug_frame   0x000000000000267c       0x6c c:/st/stm32cubeide_1.2.0/stm32cubeide/plugins/com.st.stm32cube.ide.mcu.externaltools.gnu-tools-for-stm32.7-2018-q2-update.win32_1.0.0.201904181610/tools/bin/../lib/gcc/arm-none-eabi/7.3.1/../../../../arm-none-eabi/lib/thumb/v7-m\libc_nano.a(lib_a-sprintf.o)
 .debug_frame   0x00000000000026e8       0x90 c:/st/stm32cubeide_1.2.0/stm32cubeide/plugins/com.st.stm32cube.ide.mcu.externaltools.gnu-tools-for-stm32.7-2018-q2-update.win32_1.0.0.201904181610/tools/bin/../lib/gcc/arm-none-eabi/7.3.1/../../../../arm-none-eabi/lib/thumb/v7-m\libc_nano.a(lib_a-nano-svfprintf.o)
 .debug_frame   0x0000000000002778       0x60 c:/st/stm32cubeide_1.2.0/stm32cubeide/plugins/com.st.stm32cube.ide.mcu.externaltools.gnu-tools-for-stm32.7-2018-q2-update.win32_1.0.0.201904181610/tools/bin/../lib/gcc/arm-none-eabi/7.3.1/../../../../arm-none-eabi/lib/thumb/v7-m\libc_nano.a(lib_a-nano-vfprintf_i.o)
 .debug_frame   0x00000000000027d8       0x28 c:/st/stm32cubeide_1.2.0/stm32cubeide/plugins/com.st.stm32cube.ide.mcu.externaltools.gnu-tools-for-stm32.7-2018-q2-update.win32_1.0.0.201904181610/tools/bin/../lib/gcc/arm-none-eabi/7.3.1/../../../../arm-none-eabi/lib/thumb/v7-m\libc_nano.a(lib_a-memchr-stub.o)
 .debug_frame   0x0000000000002800       0x28 c:/st/stm32cubeide_1.2.0/stm32cubeide/plugins/com.st.stm32cube.ide.mcu.externaltools.gnu-tools-for-stm32.7-2018-q2-update.win32_1.0.0.201904181610/tools/bin/../lib/gcc/arm-none-eabi/7.3.1/../../../../arm-none-eabi/lib/thumb/v7-m\libc_nano.a(lib_a-memmove.o)
 .debug_frame   0x0000000000002828       0x38 c:/st/stm32cubeide_1.2.0/stm32cubeide/plugins/com.st.stm32cube.ide.mcu.externaltools.gnu-tools-for-stm32.7-2018-q2-update.win32_1.0.0.201904181610/tools/bin/../lib/gcc/arm-none-eabi/7.3.1/../../../../arm-none-eabi/lib/thumb/v7-m\libc_nano.a(lib_a-nano-freer.o)
 .debug_frame   0x0000000000002860       0x2c c:/st/stm32cubeide_1.2.0/stm32cubeide/plugins/com.st.stm32cube.ide.mcu.externaltools.gnu-tools-for-stm32.7-2018-q2-update.win32_1.0.0.201904181610/tools/bin/../lib/gcc/arm-none-eabi/7.3.1/../../../../arm-none-eabi/lib/thumb/v7-m\libc_nano.a(lib_a-nano-mallocr.o)
 .debug_frame   0x000000000000288c       0x3c c:/st/stm32cubeide_1.2.0/stm32cubeide/plugins/com.st.stm32cube.ide.mcu.externaltools.gnu-tools-for-stm32.7-2018-q2-update.win32_1.0.0.201904181610/tools/bin/../lib/gcc/arm-none-eabi/7.3.1/../../../../arm-none-eabi/lib/thumb/v7-m\libc_nano.a(lib_a-nano-reallocr.o)
 .debug_frame   0x00000000000028c8       0x2c c:/st/stm32cubeide_1.2.0/stm32cubeide/plugins/com.st.stm32cube.ide.mcu.externaltools.gnu-tools-for-stm32.7-2018-q2-update.win32_1.0.0.201904181610/tools/bin/../lib/gcc/arm-none-eabi/7.3.1/../../../../arm-none-eabi/lib/thumb/v7-m\libc_nano.a(lib_a-sbrkr.o)
 .debug_frame   0x00000000000028f4       0x30 c:/st/stm32cubeide_1.2.0/stm32cubeide/plugins/com.st.stm32cube.ide.mcu.externaltools.gnu-tools-for-stm32.7-2018-q2-update.win32_1.0.0.201904181610/tools/bin/../lib/gcc/arm-none-eabi/7.3.1/../../../../arm-none-eabi/lib/thumb/v7-m\libc_nano.a(lib_a-mlock.o)
 .debug_frame   0x0000000000002924       0x20 c:/st/stm32cubeide_1.2.0/stm32cubeide/plugins/com.st.stm32cube.ide.mcu.externaltools.gnu-tools-for-stm32.7-2018-q2-update.win32_1.0.0.201904181610/tools/bin/../lib/gcc/arm-none-eabi/7.3.1/../../../../arm-none-eabi/lib/thumb/v7-m\libc_nano.a(lib_a-nano-msizer.o)
 .debug_frame   0x0000000000002944       0x5c c:/st/stm32cubeide_1.2.0/stm32cubeide/plugins/com.st.stm32cube.ide.mcu.externaltools.gnu-tools-for-stm32.7-2018-q2-update.win32_1.0.0.201904181610/tools/bin/../lib/gcc/arm-none-eabi/7.3.1/../../../../arm-none-eabi/lib/thumb/v7-m\libc_nano.a(lib_a-reent.o)
