stm32f1xx_hal_i2c.c:449:19:HAL_I2C_Init	24	static
stm32f1xx_hal_i2c.c:560:19:HAL_I2C_DeInit	16	static
stm32f1xx_hal_i2c.c:606:13:HAL_I2C_MspInit	16	static
stm32f1xx_hal_i2c.c:622:13:HAL_I2C_MspDeInit	16	static
stm32f1xx_hal_i2c.c:1042:19:HAL_I2C_Master_Transmit	40	static
stm32f1xx_hal_i2c.c:1163:19:HAL_I2C_Master_Receive	56	static,ignoring_inline_asm
stm32f1xx_hal_i2c.c:1435:19:HAL_I2C_Slave_Transmit	48	static
stm32f1xx_hal_i2c.c:1565:19:HAL_I2C_Slave_Receive	48	static
stm32f1xx_hal_i2c.c:1686:19:HAL_I2C_Master_Transmit_IT	32	static
stm32f1xx_hal_i2c.c:1766:19:HAL_I2C_Master_Receive_IT	32	static
stm32f1xx_hal_i2c.c:1848:19:HAL_I2C_Slave_Transmit_IT	24	static
stm32f1xx_hal_i2c.c:1910:19:HAL_I2C_Slave_Receive_IT	24	static
stm32f1xx_hal_i2c.c:1974:19:HAL_I2C_Master_Transmit_DMA	32	static
stm32f1xx_hal_i2c.c:2113:19:HAL_I2C_Master_Receive_DMA	32	static
stm32f1xx_hal_i2c.c:2250:19:HAL_I2C_Slave_Transmit_DMA	32	static
stm32f1xx_hal_i2c.c:2345:19:HAL_I2C_Slave_Receive_DMA	32	static
stm32f1xx_hal_i2c.c:2445:19:HAL_I2C_Mem_Write	40	static
stm32f1xx_hal_i2c.c:2568:19:HAL_I2C_Mem_Read	56	static,ignoring_inline_asm
stm32f1xx_hal_i2c.c:2845:19:HAL_I2C_Mem_Write_IT	32	static
stm32f1xx_hal_i2c.c:2933:19:HAL_I2C_Mem_Read_IT	32	static
stm32f1xx_hal_i2c.c:3027:19:HAL_I2C_Mem_Write_DMA	48	static
stm32f1xx_hal_i2c.c:3171:19:HAL_I2C_Mem_Read_DMA	56	static
stm32f1xx_hal_i2c.c:3329:19:HAL_I2C_IsDeviceReady	48	static
stm32f1xx_hal_i2c.c:3463:19:HAL_I2C_Master_Seq_Transmit_IT	32	static
stm32f1xx_hal_i2c.c:3561:19:HAL_I2C_Master_Seq_Transmit_DMA	40	static
stm32f1xx_hal_i2c.c:3727:19:HAL_I2C_Master_Seq_Receive_IT	40	static
stm32f1xx_hal_i2c.c:3851:19:HAL_I2C_Master_Seq_Receive_DMA	40	static
stm32f1xx_hal_i2c.c:4054:19:HAL_I2C_Slave_Seq_Transmit_IT	32	static
stm32f1xx_hal_i2c.c:4120:19:HAL_I2C_Slave_Seq_Transmit_DMA	32	static
stm32f1xx_hal_i2c.c:4277:19:HAL_I2C_Slave_Seq_Receive_IT	32	static
stm32f1xx_hal_i2c.c:4343:19:HAL_I2C_Slave_Seq_Receive_DMA	32	static
stm32f1xx_hal_i2c.c:4496:19:HAL_I2C_EnableListen_IT	16	static
stm32f1xx_hal_i2c.c:4529:19:HAL_I2C_DisableListen_IT	24	static
stm32f1xx_hal_i2c.c:4564:19:HAL_I2C_Master_Abort_IT	16	static
stm32f1xx_hal_i2c.c:4619:6:HAL_I2C_EV_IRQHandler	40	static
stm32f1xx_hal_i2c.c:4778:6:HAL_I2C_ER_IRQHandler	48	static
stm32f1xx_hal_i2c.c:4860:13:HAL_I2C_MasterTxCpltCallback	16	static
stm32f1xx_hal_i2c.c:4876:13:HAL_I2C_MasterRxCpltCallback	16	static
stm32f1xx_hal_i2c.c:4891:13:HAL_I2C_SlaveTxCpltCallback	16	static
stm32f1xx_hal_i2c.c:4907:13:HAL_I2C_SlaveRxCpltCallback	16	static
stm32f1xx_hal_i2c.c:4925:13:HAL_I2C_AddrCallback	16	static
stm32f1xx_hal_i2c.c:4943:13:HAL_I2C_ListenCpltCallback	16	static
stm32f1xx_hal_i2c.c:4959:13:HAL_I2C_MemTxCpltCallback	16	static
stm32f1xx_hal_i2c.c:4975:13:HAL_I2C_MemRxCpltCallback	16	static
stm32f1xx_hal_i2c.c:4991:13:HAL_I2C_ErrorCallback	16	static
stm32f1xx_hal_i2c.c:5007:13:HAL_I2C_AbortCpltCallback	16	static
stm32f1xx_hal_i2c.c:5042:22:HAL_I2C_GetState	16	static
stm32f1xx_hal_i2c.c:5054:21:HAL_I2C_GetMode	16	static
stm32f1xx_hal_i2c.c:5065:10:HAL_I2C_GetError	16	static
stm32f1xx_hal_i2c.c:5088:13:I2C_MasterTransmit_TXE	24	static
stm32f1xx_hal_i2c.c:5234:13:I2C_MasterTransmit_BTF	24	static
stm32f1xx_hal_i2c.c:5310:13:I2C_MasterReceive_RXNE	24	static
stm32f1xx_hal_i2c.c:5391:13:I2C_MasterReceive_BTF	24	static
stm32f1xx_hal_i2c.c:5517:13:I2C_Master_SB	16	static
stm32f1xx_hal_i2c.c:5580:13:I2C_Master_ADD10	16	static
stm32f1xx_hal_i2c.c:5601:13:I2C_Master_ADDR	72	static
stm32f1xx_hal_i2c.c:5749:13:I2C_SlaveTransmit_TXE	24	static
stm32f1xx_hal_i2c.c:5790:13:I2C_SlaveTransmit_BTF	16	static
stm32f1xx_hal_i2c.c:5811:13:I2C_SlaveReceive_RXNE	24	static
stm32f1xx_hal_i2c.c:5852:13:I2C_SlaveReceive_BTF	16	static
stm32f1xx_hal_i2c.c:5874:13:I2C_Slave_ADDR	24	static
stm32f1xx_hal_i2c.c:5925:13:I2C_Slave_STOPF	24	static
stm32f1xx_hal_i2c.c:6094:13:I2C_Slave_AF	24	static
stm32f1xx_hal_i2c.c:6160:13:I2C_ITError	24	static
stm32f1xx_hal_i2c.c:6315:26:I2C_MasterRequestWrite	40	static
stm32f1xx_hal_i2c.c:6381:26:I2C_MasterRequestRead	40	static
stm32f1xx_hal_i2c.c:6473:26:I2C_RequestMemoryWrite	40	static
stm32f1xx_hal_i2c.c:6549:26:I2C_RequestMemoryRead	40	static
stm32f1xx_hal_i2c.c:6650:13:I2C_DMAXferCplt	32	static
stm32f1xx_hal_i2c.c:6782:13:I2C_DMAError	24	static
stm32f1xx_hal_i2c.c:6811:13:I2C_DMAAbort	24	static
stm32f1xx_hal_i2c.c:6887:26:I2C_WaitOnFlagUntilTimeout	24	static
stm32f1xx_hal_i2c.c:6921:26:I2C_WaitOnMasterAddressFlagUntilTimeout	24	static
stm32f1xx_hal_i2c.c:6972:26:I2C_WaitOnTXEFlagUntilTimeout	24	static
stm32f1xx_hal_i2c.c:7010:26:I2C_WaitOnBTFFlagUntilTimeout	24	static
stm32f1xx_hal_i2c.c:7048:26:I2C_WaitOnSTOPFlagUntilTimeout	24	static
stm32f1xx_hal_i2c.c:7083:26:I2C_WaitOnRXNEFlagUntilTimeout	24	static
stm32f1xx_hal_i2c.c:7128:26:I2C_IsAcknowledgeFailed	16	static
stm32f1xx_hal_i2c.c:7153:13:I2C_ConvertOtherXferOptions	16	static
