23:41:10 **** Clean-only build of configuration Debug for project Cronometro ****
make -j8 clean 
rm -rf *
 
23:41:11 **** Build of configuration Debug for project Cronometro ****
make -j8 all 
arm-none-eabi-gcc "../Drivers/STM32F1xx_HAL_Driver/Src/stm32f1xx_hal.c" -mcpu=cortex-m3 -std=gnu11 -g3 -DUSE_HAL_DRIVER -DSTM32F103xB -DDEBUG -c -I../Drivers/CMSIS/Device/ST/STM32F1xx/Include -I../Drivers/CMSIS/Include -I../Core/Inc -I../Drivers/STM32F1xx_HAL_Driver/Inc/Legacy -I../Drivers/STM32F1xx_HAL_Driver/Inc -O0 -ffunction-sections -fdata-sections -Wall -fstack-usage -MMD -MP -MF"Drivers/STM32F1xx_HAL_Driver/Src/stm32f1xx_hal.d" -MT"Drivers/STM32F1xx_HAL_Driver/Src/stm32f1xx_hal.o" --specs=nano.specs -mfloat-abi=soft -mthumb -o "Drivers/STM32F1xx_HAL_Driver/Src/stm32f1xx_hal.o"
arm-none-eabi-gcc "../Drivers/STM32F1xx_HAL_Driver/Src/stm32f1xx_hal_cortex.c" -mcpu=cortex-m3 -std=gnu11 -g3 -DUSE_HAL_DRIVER -DSTM32F103xB -DDEBUG -c -I../Drivers/CMSIS/Device/ST/STM32F1xx/Include -I../Drivers/CMSIS/Include -I../Core/Inc -I../Drivers/STM32F1xx_HAL_Driver/Inc/Legacy -I../Drivers/STM32F1xx_HAL_Driver/Inc -O0 -ffunction-sections -fdata-sections -Wall -fstack-usage -MMD -MP -MF"Drivers/STM32F1xx_HAL_Driver/Src/stm32f1xx_hal_cortex.d" -MT"Drivers/STM32F1xx_HAL_Driver/Src/stm32f1xx_hal_cortex.o" --specs=nano.specs -mfloat-abi=soft -mthumb -o "Drivers/STM32F1xx_HAL_Driver/Src/stm32f1xx_hal_cortex.o"
arm-none-eabi-gcc "../Drivers/STM32F1xx_HAL_Driver/Src/stm32f1xx_hal_dma.c" -mcpu=cortex-m3 -std=gnu11 -g3 -DUSE_HAL_DRIVER -DSTM32F103xB -DDEBUG -c -I../Drivers/CMSIS/Device/ST/STM32F1xx/Include -I../Drivers/CMSIS/Include -I../Core/Inc -I../Drivers/STM32F1xx_HAL_Driver/Inc/Legacy -I../Drivers/STM32F1xx_HAL_Driver/Inc -O0 -ffunction-sections -fdata-sections -Wall -fstack-usage -MMD -MP -MF"Drivers/STM32F1xx_HAL_Driver/Src/stm32f1xx_hal_dma.d" -MT"Drivers/STM32F1xx_HAL_Driver/Src/stm32f1xx_hal_dma.o" --specs=nano.specs -mfloat-abi=soft -mthumb -o "Drivers/STM32F1xx_HAL_Driver/Src/stm32f1xx_hal_dma.o"
arm-none-eabi-gcc "../Drivers/STM32F1xx_HAL_Driver/Src/stm32f1xx_hal_exti.c" -mcpu=cortex-m3 -std=gnu11 -g3 -DUSE_HAL_DRIVER -DSTM32F103xB -DDEBUG -c -I../Drivers/CMSIS/Device/ST/STM32F1xx/Include -I../Drivers/CMSIS/Include -I../Core/Inc -I../Drivers/STM32F1xx_HAL_Driver/Inc/Legacy -I../Drivers/STM32F1xx_HAL_Driver/Inc -O0 -ffunction-sections -fdata-sections -Wall -fstack-usage -MMD -MP -MF"Drivers/STM32F1xx_HAL_Driver/Src/stm32f1xx_hal_exti.d" -MT"Drivers/STM32F1xx_HAL_Driver/Src/stm32f1xx_hal_exti.o" --specs=nano.specs -mfloat-abi=soft -mthumb -o "Drivers/STM32F1xx_HAL_Driver/Src/stm32f1xx_hal_exti.o"
arm-none-eabi-gcc "../Drivers/STM32F1xx_HAL_Driver/Src/stm32f1xx_hal_flash.c" -mcpu=cortex-m3 -std=gnu11 -g3 -DUSE_HAL_DRIVER -DSTM32F103xB -DDEBUG -c -I../Drivers/CMSIS/Device/ST/STM32F1xx/Include -I../Drivers/CMSIS/Include -I../Core/Inc -I../Drivers/STM32F1xx_HAL_Driver/Inc/Legacy -I../Drivers/STM32F1xx_HAL_Driver/Inc -O0 -ffunction-sections -fdata-sections -Wall -fstack-usage -MMD -MP -MF"Drivers/STM32F1xx_HAL_Driver/Src/stm32f1xx_hal_flash.d" -MT"Drivers/STM32F1xx_HAL_Driver/Src/stm32f1xx_hal_flash.o" --specs=nano.specs -mfloat-abi=soft -mthumb -o "Drivers/STM32F1xx_HAL_Driver/Src/stm32f1xx_hal_flash.o"
arm-none-eabi-gcc "../Drivers/STM32F1xx_HAL_Driver/Src/stm32f1xx_hal_flash_ex.c" -mcpu=cortex-m3 -std=gnu11 -g3 -DUSE_HAL_DRIVER -DSTM32F103xB -DDEBUG -c -I../Drivers/CMSIS/Device/ST/STM32F1xx/Include -I../Drivers/CMSIS/Include -I../Core/Inc -I../Drivers/STM32F1xx_HAL_Driver/Inc/Legacy -I../Drivers/STM32F1xx_HAL_Driver/Inc -O0 -ffunction-sections -fdata-sections -Wall -fstack-usage -MMD -MP -MF"Drivers/STM32F1xx_HAL_Driver/Src/stm32f1xx_hal_flash_ex.d" -MT"Drivers/STM32F1xx_HAL_Driver/Src/stm32f1xx_hal_flash_ex.o" --specs=nano.specs -mfloat-abi=soft -mthumb -o "Drivers/STM32F1xx_HAL_Driver/Src/stm32f1xx_hal_flash_ex.o"
arm-none-eabi-gcc "../Drivers/STM32F1xx_HAL_Driver/Src/stm32f1xx_hal_gpio.c" -mcpu=cortex-m3 -std=gnu11 -g3 -DUSE_HAL_DRIVER -DSTM32F103xB -DDEBUG -c -I../Drivers/CMSIS/Device/ST/STM32F1xx/Include -I../Drivers/CMSIS/Include -I../Core/Inc -I../Drivers/STM32F1xx_HAL_Driver/Inc/Legacy -I../Drivers/STM32F1xx_HAL_Driver/Inc -O0 -ffunction-sections -fdata-sections -Wall -fstack-usage -MMD -MP -MF"Drivers/STM32F1xx_HAL_Driver/Src/stm32f1xx_hal_gpio.d" -MT"Drivers/STM32F1xx_HAL_Driver/Src/stm32f1xx_hal_gpio.o" --specs=nano.specs -mfloat-abi=soft -mthumb -o "Drivers/STM32F1xx_HAL_Driver/Src/stm32f1xx_hal_gpio.o"
arm-none-eabi-gcc "../Drivers/STM32F1xx_HAL_Driver/Src/stm32f1xx_hal_gpio_ex.c" -mcpu=cortex-m3 -std=gnu11 -g3 -DUSE_HAL_DRIVER -DSTM32F103xB -DDEBUG -c -I../Drivers/CMSIS/Device/ST/STM32F1xx/Include -I../Drivers/CMSIS/Include -I../Core/Inc -I../Drivers/STM32F1xx_HAL_Driver/Inc/Legacy -I../Drivers/STM32F1xx_HAL_Driver/Inc -O0 -ffunction-sections -fdata-sections -Wall -fstack-usage -MMD -MP -MF"Drivers/STM32F1xx_HAL_Driver/Src/stm32f1xx_hal_gpio_ex.d" -MT"Drivers/STM32F1xx_HAL_Driver/Src/stm32f1xx_hal_gpio_ex.o" --specs=nano.specs -mfloat-abi=soft -mthumb -o "Drivers/STM32F1xx_HAL_Driver/Src/stm32f1xx_hal_gpio_ex.o"
arm-none-eabi-gcc "../Drivers/STM32F1xx_HAL_Driver/Src/stm32f1xx_hal_i2c.c" -mcpu=cortex-m3 -std=gnu11 -g3 -DUSE_HAL_DRIVER -DSTM32F103xB -DDEBUG -c -I../Drivers/CMSIS/Device/ST/STM32F1xx/Include -I../Drivers/CMSIS/Include -I../Core/Inc -I../Drivers/STM32F1xx_HAL_Driver/Inc/Legacy -I../Drivers/STM32F1xx_HAL_Driver/Inc -O0 -ffunction-sections -fdata-sections -Wall -fstack-usage -MMD -MP -MF"Drivers/STM32F1xx_HAL_Driver/Src/stm32f1xx_hal_i2c.d" -MT"Drivers/STM32F1xx_HAL_Driver/Src/stm32f1xx_hal_i2c.o" --specs=nano.specs -mfloat-abi=soft -mthumb -o "Drivers/STM32F1xx_HAL_Driver/Src/stm32f1xx_hal_i2c.o"
arm-none-eabi-gcc "../Drivers/STM32F1xx_HAL_Driver/Src/stm32f1xx_hal_pwr.c" -mcpu=cortex-m3 -std=gnu11 -g3 -DUSE_HAL_DRIVER -DSTM32F103xB -DDEBUG -c -I../Drivers/CMSIS/Device/ST/STM32F1xx/Include -I../Drivers/CMSIS/Include -I../Core/Inc -I../Drivers/STM32F1xx_HAL_Driver/Inc/Legacy -I../Drivers/STM32F1xx_HAL_Driver/Inc -O0 -ffunction-sections -fdata-sections -Wall -fstack-usage -MMD -MP -MF"Drivers/STM32F1xx_HAL_Driver/Src/stm32f1xx_hal_pwr.d" -MT"Drivers/STM32F1xx_HAL_Driver/Src/stm32f1xx_hal_pwr.o" --specs=nano.specs -mfloat-abi=soft -mthumb -o "Drivers/STM32F1xx_HAL_Driver/Src/stm32f1xx_hal_pwr.o"
arm-none-eabi-gcc "../Drivers/STM32F1xx_HAL_Driver/Src/stm32f1xx_hal_rcc.c" -mcpu=cortex-m3 -std=gnu11 -g3 -DUSE_HAL_DRIVER -DSTM32F103xB -DDEBUG -c -I../Drivers/CMSIS/Device/ST/STM32F1xx/Include -I../Drivers/CMSIS/Include -I../Core/Inc -I../Drivers/STM32F1xx_HAL_Driver/Inc/Legacy -I../Drivers/STM32F1xx_HAL_Driver/Inc -O0 -ffunction-sections -fdata-sections -Wall -fstack-usage -MMD -MP -MF"Drivers/STM32F1xx_HAL_Driver/Src/stm32f1xx_hal_rcc.d" -MT"Drivers/STM32F1xx_HAL_Driver/Src/stm32f1xx_hal_rcc.o" --specs=nano.specs -mfloat-abi=soft -mthumb -o "Drivers/STM32F1xx_HAL_Driver/Src/stm32f1xx_hal_rcc.o"
arm-none-eabi-gcc "../Drivers/STM32F1xx_HAL_Driver/Src/stm32f1xx_hal_rcc_ex.c" -mcpu=cortex-m3 -std=gnu11 -g3 -DUSE_HAL_DRIVER -DSTM32F103xB -DDEBUG -c -I../Drivers/CMSIS/Device/ST/STM32F1xx/Include -I../Drivers/CMSIS/Include -I../Core/Inc -I../Drivers/STM32F1xx_HAL_Driver/Inc/Legacy -I../Drivers/STM32F1xx_HAL_Driver/Inc -O0 -ffunction-sections -fdata-sections -Wall -fstack-usage -MMD -MP -MF"Drivers/STM32F1xx_HAL_Driver/Src/stm32f1xx_hal_rcc_ex.d" -MT"Drivers/STM32F1xx_HAL_Driver/Src/stm32f1xx_hal_rcc_ex.o" --specs=nano.specs -mfloat-abi=soft -mthumb -o "Drivers/STM32F1xx_HAL_Driver/Src/stm32f1xx_hal_rcc_ex.o"
arm-none-eabi-gcc "../Drivers/STM32F1xx_HAL_Driver/Src/stm32f1xx_hal_tim.c" -mcpu=cortex-m3 -std=gnu11 -g3 -DUSE_HAL_DRIVER -DSTM32F103xB -DDEBUG -c -I../Drivers/CMSIS/Device/ST/STM32F1xx/Include -I../Drivers/CMSIS/Include -I../Core/Inc -I../Drivers/STM32F1xx_HAL_Driver/Inc/Legacy -I../Drivers/STM32F1xx_HAL_Driver/Inc -O0 -ffunction-sections -fdata-sections -Wall -fstack-usage -MMD -MP -MF"Drivers/STM32F1xx_HAL_Driver/Src/stm32f1xx_hal_tim.d" -MT"Drivers/STM32F1xx_HAL_Driver/Src/stm32f1xx_hal_tim.o" --specs=nano.specs -mfloat-abi=soft -mthumb -o "Drivers/STM32F1xx_HAL_Driver/Src/stm32f1xx_hal_tim.o"
arm-none-eabi-gcc "../Drivers/STM32F1xx_HAL_Driver/Src/stm32f1xx_hal_tim_ex.c" -mcpu=cortex-m3 -std=gnu11 -g3 -DUSE_HAL_DRIVER -DSTM32F103xB -DDEBUG -c -I../Drivers/CMSIS/Device/ST/STM32F1xx/Include -I../Drivers/CMSIS/Include -I../Core/Inc -I../Drivers/STM32F1xx_HAL_Driver/Inc/Legacy -I../Drivers/STM32F1xx_HAL_Driver/Inc -O0 -ffunction-sections -fdata-sections -Wall -fstack-usage -MMD -MP -MF"Drivers/STM32F1xx_HAL_Driver/Src/stm32f1xx_hal_tim_ex.d" -MT"Drivers/STM32F1xx_HAL_Driver/Src/stm32f1xx_hal_tim_ex.o" --specs=nano.specs -mfloat-abi=soft -mthumb -o "Drivers/STM32F1xx_HAL_Driver/Src/stm32f1xx_hal_tim_ex.o"
arm-none-eabi-gcc -mcpu=cortex-m3 -g3 -c -x assembler-with-cpp --specs=nano.specs -mfloat-abi=soft -mthumb -o "Core/Startup/startup_stm32f103c8tx.o" "../Core/Startup/startup_stm32f103c8tx.s"
arm-none-eabi-gcc "../Core/Src/fonts.c" -mcpu=cortex-m3 -std=gnu11 -g3 -DUSE_HAL_DRIVER -DSTM32F103xB -DDEBUG -c -I../Drivers/CMSIS/Device/ST/STM32F1xx/Include -I../Drivers/CMSIS/Include -I../Core/Inc -I../Drivers/STM32F1xx_HAL_Driver/Inc/Legacy -I../Drivers/STM32F1xx_HAL_Driver/Inc -O0 -ffunction-sections -fdata-sections -Wall -fstack-usage -MMD -MP -MF"Core/Src/fonts.d" -MT"Core/Src/fonts.o" --specs=nano.specs -mfloat-abi=soft -mthumb -o "Core/Src/fonts.o"
arm-none-eabi-gcc "../Core/Src/main.c" -mcpu=cortex-m3 -std=gnu11 -g3 -DUSE_HAL_DRIVER -DSTM32F103xB -DDEBUG -c -I../Drivers/CMSIS/Device/ST/STM32F1xx/Include -I../Drivers/CMSIS/Include -I../Core/Inc -I../Drivers/STM32F1xx_HAL_Driver/Inc/Legacy -I../Drivers/STM32F1xx_HAL_Driver/Inc -O0 -ffunction-sections -fdata-sections -Wall -fstack-usage -MMD -MP -MF"Core/Src/main.d" -MT"Core/Src/main.o" --specs=nano.specs -mfloat-abi=soft -mthumb -o "Core/Src/main.o"
arm-none-eabi-gcc "../Core/Src/ssd1306.c" -mcpu=cortex-m3 -std=gnu11 -g3 -DUSE_HAL_DRIVER -DSTM32F103xB -DDEBUG -c -I../Drivers/CMSIS/Device/ST/STM32F1xx/Include -I../Drivers/CMSIS/Include -I../Core/Inc -I../Drivers/STM32F1xx_HAL_Driver/Inc/Legacy -I../Drivers/STM32F1xx_HAL_Driver/Inc -O0 -ffunction-sections -fdata-sections -Wall -fstack-usage -MMD -MP -MF"Core/Src/ssd1306.d" -MT"Core/Src/ssd1306.o" --specs=nano.specs -mfloat-abi=soft -mthumb -o "Core/Src/ssd1306.o"
arm-none-eabi-gcc "../Core/Src/stm32f1xx_hal_msp.c" -mcpu=cortex-m3 -std=gnu11 -g3 -DUSE_HAL_DRIVER -DSTM32F103xB -DDEBUG -c -I../Drivers/CMSIS/Device/ST/STM32F1xx/Include -I../Drivers/CMSIS/Include -I../Core/Inc -I../Drivers/STM32F1xx_HAL_Driver/Inc/Legacy -I../Drivers/STM32F1xx_HAL_Driver/Inc -O0 -ffunction-sections -fdata-sections -Wall -fstack-usage -MMD -MP -MF"Core/Src/stm32f1xx_hal_msp.d" -MT"Core/Src/stm32f1xx_hal_msp.o" --specs=nano.specs -mfloat-abi=soft -mthumb -o "Core/Src/stm32f1xx_hal_msp.o"
arm-none-eabi-gcc "../Core/Src/stm32f1xx_it.c" -mcpu=cortex-m3 -std=gnu11 -g3 -DUSE_HAL_DRIVER -DSTM32F103xB -DDEBUG -c -I../Drivers/CMSIS/Device/ST/STM32F1xx/Include -I../Drivers/CMSIS/Include -I../Core/Inc -I../Drivers/STM32F1xx_HAL_Driver/Inc/Legacy -I../Drivers/STM32F1xx_HAL_Driver/Inc -O0 -ffunction-sections -fdata-sections -Wall -fstack-usage -MMD -MP -MF"Core/Src/stm32f1xx_it.d" -MT"Core/Src/stm32f1xx_it.o" --specs=nano.specs -mfloat-abi=soft -mthumb -o "Core/Src/stm32f1xx_it.o"
arm-none-eabi-gcc "../Core/Src/syscalls.c" -mcpu=cortex-m3 -std=gnu11 -g3 -DUSE_HAL_DRIVER -DSTM32F103xB -DDEBUG -c -I../Drivers/CMSIS/Device/ST/STM32F1xx/Include -I../Drivers/CMSIS/Include -I../Core/Inc -I../Drivers/STM32F1xx_HAL_Driver/Inc/Legacy -I../Drivers/STM32F1xx_HAL_Driver/Inc -O0 -ffunction-sections -fdata-sections -Wall -fstack-usage -MMD -MP -MF"Core/Src/syscalls.d" -MT"Core/Src/syscalls.o" --specs=nano.specs -mfloat-abi=soft -mthumb -o "Core/Src/syscalls.o"
arm-none-eabi-gcc "../Core/Src/sysmem.c" -mcpu=cortex-m3 -std=gnu11 -g3 -DUSE_HAL_DRIVER -DSTM32F103xB -DDEBUG -c -I../Drivers/CMSIS/Device/ST/STM32F1xx/Include -I../Drivers/CMSIS/Include -I../Core/Inc -I../Drivers/STM32F1xx_HAL_Driver/Inc/Legacy -I../Drivers/STM32F1xx_HAL_Driver/Inc -O0 -ffunction-sections -fdata-sections -Wall -fstack-usage -MMD -MP -MF"Core/Src/sysmem.d" -MT"Core/Src/sysmem.o" --specs=nano.specs -mfloat-abi=soft -mthumb -o "Core/Src/sysmem.o"
arm-none-eabi-gcc "../Core/Src/system_stm32f1xx.c" -mcpu=cortex-m3 -std=gnu11 -g3 -DUSE_HAL_DRIVER -DSTM32F103xB -DDEBUG -c -I../Drivers/CMSIS/Device/ST/STM32F1xx/Include -I../Drivers/CMSIS/Include -I../Core/Inc -I../Drivers/STM32F1xx_HAL_Driver/Inc/Legacy -I../Drivers/STM32F1xx_HAL_Driver/Inc -O0 -ffunction-sections -fdata-sections -Wall -fstack-usage -MMD -MP -MF"Core/Src/system_stm32f1xx.d" -MT"Core/Src/system_stm32f1xx.o" --specs=nano.specs -mfloat-abi=soft -mthumb -o "Core/Src/system_stm32f1xx.o"
arm-none-eabi-gcc "../Core/Src/test.c" -mcpu=cortex-m3 -std=gnu11 -g3 -DUSE_HAL_DRIVER -DSTM32F103xB -DDEBUG -c -I../Drivers/CMSIS/Device/ST/STM32F1xx/Include -I../Drivers/CMSIS/Include -I../Core/Inc -I../Drivers/STM32F1xx_HAL_Driver/Inc/Legacy -I../Drivers/STM32F1xx_HAL_Driver/Inc -O0 -ffunction-sections -fdata-sections -Wall -fstack-usage -MMD -MP -MF"Core/Src/test.d" -MT"Core/Src/test.o" --specs=nano.specs -mfloat-abi=soft -mthumb -o "Core/Src/test.o"
arm-none-eabi-gcc -o "Cronometro.elf" @"objects.list"   -mcpu=cortex-m3 -T"C:\Users\cesar\STM32CubeIDE\workspace_1.2.0\Projeto-stm32\Cronometro\STM32F103C8TX_FLASH.ld" --specs=nosys.specs -Wl,-Map="Cronometro.map" -Wl,--gc-sections -static --specs=nano.specs -mfloat-abi=soft -mthumb -Wl,--start-group -lc -lm -Wl,--end-group
Finished building target: Cronometro.elf
 
arm-none-eabi-size   Cronometro.elf 
arm-none-eabi-objdump -h -S  Cronometro.elf  > "Cronometro.list"
arm-none-eabi-objcopy  -O binary  Cronometro.elf  "Cronometro.bin"
   text	   data	    bss	    dec	    hex	filename
  14708	     28	   2684	  17420	   440c	Cronometro.elf
Finished building: default.size.stdout
 
Finished building: Cronometro.bin
Finished building: Cronometro.list
 
 
15:23:18 **** Build of configuration Debug for project Acelerometro ****
make -j8 all 
arm-none-eabi-gcc "../Drivers/STM32F1xx_HAL_Driver/Src/stm32f1xx_hal.c" -mcpu=cortex-m3 -std=gnu11 -g3 -DUSE_HAL_DRIVER -DSTM32F103xB -DDEBUG -c -I../Drivers/CMSIS/Device/ST/STM32F1xx/Include -I../Drivers/CMSIS/Include -I../Core/Inc -I../Drivers/STM32F1xx_HAL_Driver/Inc/Legacy -I../Drivers/STM32F1xx_HAL_Driver/Inc -O0 -ffunction-sections -fdata-sections -Wall -fstack-usage -MMD -MP -MF"Drivers/STM32F1xx_HAL_Driver/Src/stm32f1xx_hal.d" -MT"Drivers/STM32F1xx_HAL_Driver/Src/stm32f1xx_hal.o" --specs=nano.specs -mfloat-abi=soft -mthumb -o "Drivers/STM32F1xx_HAL_Driver/Src/stm32f1xx_hal.o"
arm-none-eabi-gcc "../Drivers/STM32F1xx_HAL_Driver/Src/stm32f1xx_hal_cortex.c" -mcpu=cortex-m3 -std=gnu11 -g3 -DUSE_HAL_DRIVER -DSTM32F103xB -DDEBUG -c -I../Drivers/CMSIS/Device/ST/STM32F1xx/Include -I../Drivers/CMSIS/Include -I../Core/Inc -I../Drivers/STM32F1xx_HAL_Driver/Inc/Legacy -I../Drivers/STM32F1xx_HAL_Driver/Inc -O0 -ffunction-sections -fdata-sections -Wall -fstack-usage -MMD -MP -MF"Drivers/STM32F1xx_HAL_Driver/Src/stm32f1xx_hal_cortex.d" -MT"Drivers/STM32F1xx_HAL_Driver/Src/stm32f1xx_hal_cortex.o" --specs=nano.specs -mfloat-abi=soft -mthumb -o "Drivers/STM32F1xx_HAL_Driver/Src/stm32f1xx_hal_cortex.o"
arm-none-eabi-gcc "../Drivers/STM32F1xx_HAL_Driver/Src/stm32f1xx_hal_dma.c" -mcpu=cortex-m3 -std=gnu11 -g3 -DUSE_HAL_DRIVER -DSTM32F103xB -DDEBUG -c -I../Drivers/CMSIS/Device/ST/STM32F1xx/Include -I../Drivers/CMSIS/Include -I../Core/Inc -I../Drivers/STM32F1xx_HAL_Driver/Inc/Legacy -I../Drivers/STM32F1xx_HAL_Driver/Inc -O0 -ffunction-sections -fdata-sections -Wall -fstack-usage -MMD -MP -MF"Drivers/STM32F1xx_HAL_Driver/Src/stm32f1xx_hal_dma.d" -MT"Drivers/STM32F1xx_HAL_Driver/Src/stm32f1xx_hal_dma.o" --specs=nano.specs -mfloat-abi=soft -mthumb -o "Drivers/STM32F1xx_HAL_Driver/Src/stm32f1xx_hal_dma.o"
arm-none-eabi-gcc "../Drivers/STM32F1xx_HAL_Driver/Src/stm32f1xx_hal_exti.c" -mcpu=cortex-m3 -std=gnu11 -g3 -DUSE_HAL_DRIVER -DSTM32F103xB -DDEBUG -c -I../Drivers/CMSIS/Device/ST/STM32F1xx/Include -I../Drivers/CMSIS/Include -I../Core/Inc -I../Drivers/STM32F1xx_HAL_Driver/Inc/Legacy -I../Drivers/STM32F1xx_HAL_Driver/Inc -O0 -ffunction-sections -fdata-sections -Wall -fstack-usage -MMD -MP -MF"Drivers/STM32F1xx_HAL_Driver/Src/stm32f1xx_hal_exti.d" -MT"Drivers/STM32F1xx_HAL_Driver/Src/stm32f1xx_hal_exti.o" --specs=nano.specs -mfloat-abi=soft -mthumb -o "Drivers/STM32F1xx_HAL_Driver/Src/stm32f1xx_hal_exti.o"
arm-none-eabi-gcc "../Drivers/STM32F1xx_HAL_Driver/Src/stm32f1xx_hal_flash.c" -mcpu=cortex-m3 -std=gnu11 -g3 -DUSE_HAL_DRIVER -DSTM32F103xB -DDEBUG -c -I../Drivers/CMSIS/Device/ST/STM32F1xx/Include -I../Drivers/CMSIS/Include -I../Core/Inc -I../Drivers/STM32F1xx_HAL_Driver/Inc/Legacy -I../Drivers/STM32F1xx_HAL_Driver/Inc -O0 -ffunction-sections -fdata-sections -Wall -fstack-usage -MMD -MP -MF"Drivers/STM32F1xx_HAL_Driver/Src/stm32f1xx_hal_flash.d" -MT"Drivers/STM32F1xx_HAL_Driver/Src/stm32f1xx_hal_flash.o" --specs=nano.specs -mfloat-abi=soft -mthumb -o "Drivers/STM32F1xx_HAL_Driver/Src/stm32f1xx_hal_flash.o"
arm-none-eabi-gcc "../Drivers/STM32F1xx_HAL_Driver/Src/stm32f1xx_hal_flash_ex.c" -mcpu=cortex-m3 -std=gnu11 -g3 -DUSE_HAL_DRIVER -DSTM32F103xB -DDEBUG -c -I../Drivers/CMSIS/Device/ST/STM32F1xx/Include -I../Drivers/CMSIS/Include -I../Core/Inc -I../Drivers/STM32F1xx_HAL_Driver/Inc/Legacy -I../Drivers/STM32F1xx_HAL_Driver/Inc -O0 -ffunction-sections -fdata-sections -Wall -fstack-usage -MMD -MP -MF"Drivers/STM32F1xx_HAL_Driver/Src/stm32f1xx_hal_flash_ex.d" -MT"Drivers/STM32F1xx_HAL_Driver/Src/stm32f1xx_hal_flash_ex.o" --specs=nano.specs -mfloat-abi=soft -mthumb -o "Drivers/STM32F1xx_HAL_Driver/Src/stm32f1xx_hal_flash_ex.o"
arm-none-eabi-gcc "../Drivers/STM32F1xx_HAL_Driver/Src/stm32f1xx_hal_gpio.c" -mcpu=cortex-m3 -std=gnu11 -g3 -DUSE_HAL_DRIVER -DSTM32F103xB -DDEBUG -c -I../Drivers/CMSIS/Device/ST/STM32F1xx/Include -I../Drivers/CMSIS/Include -I../Core/Inc -I../Drivers/STM32F1xx_HAL_Driver/Inc/Legacy -I../Drivers/STM32F1xx_HAL_Driver/Inc -O0 -ffunction-sections -fdata-sections -Wall -fstack-usage -MMD -MP -MF"Drivers/STM32F1xx_HAL_Driver/Src/stm32f1xx_hal_gpio.d" -MT"Drivers/STM32F1xx_HAL_Driver/Src/stm32f1xx_hal_gpio.o" --specs=nano.specs -mfloat-abi=soft -mthumb -o "Drivers/STM32F1xx_HAL_Driver/Src/stm32f1xx_hal_gpio.o"
arm-none-eabi-gcc "../Drivers/STM32F1xx_HAL_Driver/Src/stm32f1xx_hal_gpio_ex.c" -mcpu=cortex-m3 -std=gnu11 -g3 -DUSE_HAL_DRIVER -DSTM32F103xB -DDEBUG -c -I../Drivers/CMSIS/Device/ST/STM32F1xx/Include -I../Drivers/CMSIS/Include -I../Core/Inc -I../Drivers/STM32F1xx_HAL_Driver/Inc/Legacy -I../Drivers/STM32F1xx_HAL_Driver/Inc -O0 -ffunction-sections -fdata-sections -Wall -fstack-usage -MMD -MP -MF"Drivers/STM32F1xx_HAL_Driver/Src/stm32f1xx_hal_gpio_ex.d" -MT"Drivers/STM32F1xx_HAL_Driver/Src/stm32f1xx_hal_gpio_ex.o" --specs=nano.specs -mfloat-abi=soft -mthumb -o "Drivers/STM32F1xx_HAL_Driver/Src/stm32f1xx_hal_gpio_ex.o"
arm-none-eabi-gcc "../Drivers/STM32F1xx_HAL_Driver/Src/stm32f1xx_hal_i2c.c" -mcpu=cortex-m3 -std=gnu11 -g3 -DUSE_HAL_DRIVER -DSTM32F103xB -DDEBUG -c -I../Drivers/CMSIS/Device/ST/STM32F1xx/Include -I../Drivers/CMSIS/Include -I../Core/Inc -I../Drivers/STM32F1xx_HAL_Driver/Inc/Legacy -I../Drivers/STM32F1xx_HAL_Driver/Inc -O0 -ffunction-sections -fdata-sections -Wall -fstack-usage -MMD -MP -MF"Drivers/STM32F1xx_HAL_Driver/Src/stm32f1xx_hal_i2c.d" -MT"Drivers/STM32F1xx_HAL_Driver/Src/stm32f1xx_hal_i2c.o" --specs=nano.specs -mfloat-abi=soft -mthumb -o "Drivers/STM32F1xx_HAL_Driver/Src/stm32f1xx_hal_i2c.o"
arm-none-eabi-gcc "../Drivers/STM32F1xx_HAL_Driver/Src/stm32f1xx_hal_pwr.c" -mcpu=cortex-m3 -std=gnu11 -g3 -DUSE_HAL_DRIVER -DSTM32F103xB -DDEBUG -c -I../Drivers/CMSIS/Device/ST/STM32F1xx/Include -I../Drivers/CMSIS/Include -I../Core/Inc -I../Drivers/STM32F1xx_HAL_Driver/Inc/Legacy -I../Drivers/STM32F1xx_HAL_Driver/Inc -O0 -ffunction-sections -fdata-sections -Wall -fstack-usage -MMD -MP -MF"Drivers/STM32F1xx_HAL_Driver/Src/stm32f1xx_hal_pwr.d" -MT"Drivers/STM32F1xx_HAL_Driver/Src/stm32f1xx_hal_pwr.o" --specs=nano.specs -mfloat-abi=soft -mthumb -o "Drivers/STM32F1xx_HAL_Driver/Src/stm32f1xx_hal_pwr.o"
arm-none-eabi-gcc "../Drivers/STM32F1xx_HAL_Driver/Src/stm32f1xx_hal_rcc.c" -mcpu=cortex-m3 -std=gnu11 -g3 -DUSE_HAL_DRIVER -DSTM32F103xB -DDEBUG -c -I../Drivers/CMSIS/Device/ST/STM32F1xx/Include -I../Drivers/CMSIS/Include -I../Core/Inc -I../Drivers/STM32F1xx_HAL_Driver/Inc/Legacy -I../Drivers/STM32F1xx_HAL_Driver/Inc -O0 -ffunction-sections -fdata-sections -Wall -fstack-usage -MMD -MP -MF"Drivers/STM32F1xx_HAL_Driver/Src/stm32f1xx_hal_rcc.d" -MT"Drivers/STM32F1xx_HAL_Driver/Src/stm32f1xx_hal_rcc.o" --specs=nano.specs -mfloat-abi=soft -mthumb -o "Drivers/STM32F1xx_HAL_Driver/Src/stm32f1xx_hal_rcc.o"
arm-none-eabi-gcc "../Drivers/STM32F1xx_HAL_Driver/Src/stm32f1xx_hal_rcc_ex.c" -mcpu=cortex-m3 -std=gnu11 -g3 -DUSE_HAL_DRIVER -DSTM32F103xB -DDEBUG -c -I../Drivers/CMSIS/Device/ST/STM32F1xx/Include -I../Drivers/CMSIS/Include -I../Core/Inc -I../Drivers/STM32F1xx_HAL_Driver/Inc/Legacy -I../Drivers/STM32F1xx_HAL_Driver/Inc -O0 -ffunction-sections -fdata-sections -Wall -fstack-usage -MMD -MP -MF"Drivers/STM32F1xx_HAL_Driver/Src/stm32f1xx_hal_rcc_ex.d" -MT"Drivers/STM32F1xx_HAL_Driver/Src/stm32f1xx_hal_rcc_ex.o" --specs=nano.specs -mfloat-abi=soft -mthumb -o "Drivers/STM32F1xx_HAL_Driver/Src/stm32f1xx_hal_rcc_ex.o"
arm-none-eabi-gcc "../Drivers/STM32F1xx_HAL_Driver/Src/stm32f1xx_hal_tim.c" -mcpu=cortex-m3 -std=gnu11 -g3 -DUSE_HAL_DRIVER -DSTM32F103xB -DDEBUG -c -I../Drivers/CMSIS/Device/ST/STM32F1xx/Include -I../Drivers/CMSIS/Include -I../Core/Inc -I../Drivers/STM32F1xx_HAL_Driver/Inc/Legacy -I../Drivers/STM32F1xx_HAL_Driver/Inc -O0 -ffunction-sections -fdata-sections -Wall -fstack-usage -MMD -MP -MF"Drivers/STM32F1xx_HAL_Driver/Src/stm32f1xx_hal_tim.d" -MT"Drivers/STM32F1xx_HAL_Driver/Src/stm32f1xx_hal_tim.o" --specs=nano.specs -mfloat-abi=soft -mthumb -o "Drivers/STM32F1xx_HAL_Driver/Src/stm32f1xx_hal_tim.o"
arm-none-eabi-gcc "../Drivers/STM32F1xx_HAL_Driver/Src/stm32f1xx_hal_tim_ex.c" -mcpu=cortex-m3 -std=gnu11 -g3 -DUSE_HAL_DRIVER -DSTM32F103xB -DDEBUG -c -I../Drivers/CMSIS/Device/ST/STM32F1xx/Include -I../Drivers/CMSIS/Include -I../Core/Inc -I../Drivers/STM32F1xx_HAL_Driver/Inc/Legacy -I../Drivers/STM32F1xx_HAL_Driver/Inc -O0 -ffunction-sections -fdata-sections -Wall -fstack-usage -MMD -MP -MF"Drivers/STM32F1xx_HAL_Driver/Src/stm32f1xx_hal_tim_ex.d" -MT"Drivers/STM32F1xx_HAL_Driver/Src/stm32f1xx_hal_tim_ex.o" --specs=nano.specs -mfloat-abi=soft -mthumb -o "Drivers/STM32F1xx_HAL_Driver/Src/stm32f1xx_hal_tim_ex.o"
arm-none-eabi-gcc -mcpu=cortex-m3 -g3 -c -x assembler-with-cpp --specs=nano.specs -mfloat-abi=soft -mthumb -o "Core/Startup/startup_stm32f103c8tx.o" "../Core/Startup/startup_stm32f103c8tx.s"
arm-none-eabi-gcc "../Core/Src/TJ_MPU6050.c" -mcpu=cortex-m3 -std=gnu11 -g3 -DUSE_HAL_DRIVER -DSTM32F103xB -DDEBUG -c -I../Drivers/CMSIS/Device/ST/STM32F1xx/Include -I../Drivers/CMSIS/Include -I../Core/Inc -I../Drivers/STM32F1xx_HAL_Driver/Inc/Legacy -I../Drivers/STM32F1xx_HAL_Driver/Inc -O0 -ffunction-sections -fdata-sections -Wall -fstack-usage -MMD -MP -MF"Core/Src/TJ_MPU6050.d" -MT"Core/Src/TJ_MPU6050.o" --specs=nano.specs -mfloat-abi=soft -mthumb -o "Core/Src/TJ_MPU6050.o"
In file included from ../Core/Src/TJ_MPU6050.c:21:0:
../Core/Inc/TJ_MPU6050.h:21:10: fatal error: stm32f4xx_hal.h: No such file or directory
 #include "stm32f4xx_hal.h"  //dpending on your board
          ^~~~~~~~~~~~~~~~~
compilation terminated.
make: *** [Core/Src/subdir.mk:36: Core/Src/TJ_MPU6050.o] Error 1
make: *** Waiting for unfinished jobs....
"make -j8 all" terminated with exit code 2. Build might be incomplete.
15:25:41 **** Incremental Build of configuration Debug for project Acelerometro ****
make -j8 all 
arm-none-eabi-gcc "../Core/Src/TJ_MPU6050.c" -mcpu=cortex-m3 -std=gnu11 -g3 -DUSE_HAL_DRIVER -DSTM32F103xB -DDEBUG -c -I../Drivers/CMSIS/Device/ST/STM32F1xx/Include -I../Drivers/CMSIS/Include -I../Core/Inc -I../Drivers/STM32F1xx_HAL_Driver/Inc/Legacy -I../Drivers/STM32F1xx_HAL_Driver/Inc -O0 -ffunction-sections -fdata-sections -Wall -fstack-usage -MMD -MP -MF"Core/Src/TJ_MPU6050.d" -MT"Core/Src/TJ_MPU6050.o" --specs=nano.specs -mfloat-abi=soft -mthumb -o "Core/Src/TJ_MPU6050.o"
arm-none-eabi-gcc "../Core/Src/main.c" -mcpu=cortex-m3 -std=gnu11 -g3 -DUSE_HAL_DRIVER -DSTM32F103xB -DDEBUG -c -I../Drivers/CMSIS/Device/ST/STM32F1xx/Include -I../Drivers/CMSIS/Include -I../Core/Inc -I../Drivers/STM32F1xx_HAL_Driver/Inc/Legacy -I../Drivers/STM32F1xx_HAL_Driver/Inc -O0 -ffunction-sections -fdata-sections -Wall -fstack-usage -MMD -MP -MF"Core/Src/main.d" -MT"Core/Src/main.o" --specs=nano.specs -mfloat-abi=soft -mthumb -o "Core/Src/main.o"
arm-none-eabi-gcc "../Core/Src/stm32f1xx_hal_msp.c" -mcpu=cortex-m3 -std=gnu11 -g3 -DUSE_HAL_DRIVER -DSTM32F103xB -DDEBUG -c -I../Drivers/CMSIS/Device/ST/STM32F1xx/Include -I../Drivers/CMSIS/Include -I../Core/Inc -I../Drivers/STM32F1xx_HAL_Driver/Inc/Legacy -I../Drivers/STM32F1xx_HAL_Driver/Inc -O0 -ffunction-sections -fdata-sections -Wall -fstack-usage -MMD -MP -MF"Core/Src/stm32f1xx_hal_msp.d" -MT"Core/Src/stm32f1xx_hal_msp.o" --specs=nano.specs -mfloat-abi=soft -mthumb -o "Core/Src/stm32f1xx_hal_msp.o"
arm-none-eabi-gcc "../Core/Src/stm32f1xx_it.c" -mcpu=cortex-m3 -std=gnu11 -g3 -DUSE_HAL_DRIVER -DSTM32F103xB -DDEBUG -c -I../Drivers/CMSIS/Device/ST/STM32F1xx/Include -I../Drivers/CMSIS/Include -I../Core/Inc -I../Drivers/STM32F1xx_HAL_Driver/Inc/Legacy -I../Drivers/STM32F1xx_HAL_Driver/Inc -O0 -ffunction-sections -fdata-sections -Wall -fstack-usage -MMD -MP -MF"Core/Src/stm32f1xx_it.d" -MT"Core/Src/stm32f1xx_it.o" --specs=nano.specs -mfloat-abi=soft -mthumb -o "Core/Src/stm32f1xx_it.o"
arm-none-eabi-gcc "../Core/Src/syscalls.c" -mcpu=cortex-m3 -std=gnu11 -g3 -DUSE_HAL_DRIVER -DSTM32F103xB -DDEBUG -c -I../Drivers/CMSIS/Device/ST/STM32F1xx/Include -I../Drivers/CMSIS/Include -I../Core/Inc -I../Drivers/STM32F1xx_HAL_Driver/Inc/Legacy -I../Drivers/STM32F1xx_HAL_Driver/Inc -O0 -ffunction-sections -fdata-sections -Wall -fstack-usage -MMD -MP -MF"Core/Src/syscalls.d" -MT"Core/Src/syscalls.o" --specs=nano.specs -mfloat-abi=soft -mthumb -o "Core/Src/syscalls.o"
arm-none-eabi-gcc "../Core/Src/sysmem.c" -mcpu=cortex-m3 -std=gnu11 -g3 -DUSE_HAL_DRIVER -DSTM32F103xB -DDEBUG -c -I../Drivers/CMSIS/Device/ST/STM32F1xx/Include -I../Drivers/CMSIS/Include -I../Core/Inc -I../Drivers/STM32F1xx_HAL_Driver/Inc/Legacy -I../Drivers/STM32F1xx_HAL_Driver/Inc -O0 -ffunction-sections -fdata-sections -Wall -fstack-usage -MMD -MP -MF"Core/Src/sysmem.d" -MT"Core/Src/sysmem.o" --specs=nano.specs -mfloat-abi=soft -mthumb -o "Core/Src/sysmem.o"
arm-none-eabi-gcc "../Core/Src/system_stm32f1xx.c" -mcpu=cortex-m3 -std=gnu11 -g3 -DUSE_HAL_DRIVER -DSTM32F103xB -DDEBUG -c -I../Drivers/CMSIS/Device/ST/STM32F1xx/Include -I../Drivers/CMSIS/Include -I../Core/Inc -I../Drivers/STM32F1xx_HAL_Driver/Inc/Legacy -I../Drivers/STM32F1xx_HAL_Driver/Inc -O0 -ffunction-sections -fdata-sections -Wall -fstack-usage -MMD -MP -MF"Core/Src/system_stm32f1xx.d" -MT"Core/Src/system_stm32f1xx.o" --specs=nano.specs -mfloat-abi=soft -mthumb -o "Core/Src/system_stm32f1xx.o"
In file included from ../Core/Src/TJ_MPU6050.c:21:0:
../Core/Inc/TJ_MPU6050.h:21:10: fatal error: stm32f4xx_hal.h: No such file or directory
 #include <stm32f4xx_hal.h>  //dpending on your board
          ^~~~~~~~~~~~~~~~~
compilation terminated.
make: *** [Core/Src/subdir.mk:36: Core/Src/TJ_MPU6050.o] Error 1
make: *** Waiting for unfinished jobs....
"make -j8 all" terminated with exit code 2. Build might be incomplete.
15:27:00 **** Incremental Build of configuration Debug for project Acelerometro ****
make -j8 all 
arm-none-eabi-gcc "../Core/Src/TJ_MPU6050.c" -mcpu=cortex-m3 -std=gnu11 -g3 -DUSE_HAL_DRIVER -DSTM32F103xB -DDEBUG -c -I../Drivers/CMSIS/Device/ST/STM32F1xx/Include -I../Drivers/CMSIS/Include -I../Core/Inc -I../Drivers/STM32F1xx_HAL_Driver/Inc/Legacy -I../Drivers/STM32F1xx_HAL_Driver/Inc -O0 -ffunction-sections -fdata-sections -Wall -fstack-usage -MMD -MP -MF"Core/Src/TJ_MPU6050.d" -MT"Core/Src/TJ_MPU6050.o" --specs=nano.specs -mfloat-abi=soft -mthumb -o "Core/Src/TJ_MPU6050.o"
In file included from ../Core/Src/TJ_MPU6050.c:21:0:
../Core/Inc/TJ_MPU6050.h:21:10: fatal error: stm32f4xx_hal.h: No such file or directory
 #include <stm32f4xx_hal.h>  //dpending on your board
          ^~~~~~~~~~~~~~~~~
compilation terminated.
make: *** [Core/Src/subdir.mk:36: Core/Src/TJ_MPU6050.o] Error 1
"make -j8 all" terminated with exit code 2. Build might be incomplete.
15:27:49 **** Incremental Build of configuration Debug for project Acelerometro ****
make -j8 all 
arm-none-eabi-gcc "../Core/Src/TJ_MPU6050.c" -mcpu=cortex-m3 -std=gnu11 -g3 -DUSE_HAL_DRIVER -DSTM32F103xB -DDEBUG -c -I../Drivers/CMSIS/Device/ST/STM32F1xx/Include -I../Drivers/CMSIS/Include -I../Core/Inc -I../Drivers/STM32F1xx_HAL_Driver/Inc/Legacy -I../Drivers/STM32F1xx_HAL_Driver/Inc -O0 -ffunction-sections -fdata-sections -Wall -fstack-usage -MMD -MP -MF"Core/Src/TJ_MPU6050.d" -MT"Core/Src/TJ_MPU6050.o" --specs=nano.specs -mfloat-abi=soft -mthumb -o "Core/Src/TJ_MPU6050.o"
In file included from ../Core/Src/TJ_MPU6050.c:21:0:
../Core/Inc/TJ_MPU6050.h:48:2: error: unknown type name 'uint8_t'
  uint8_t ClockSource;
  ^~~~~~~
../Core/Inc/TJ_MPU6050.h:49:2: error: unknown type name 'uint8_t'
  uint8_t Gyro_Full_Scale;
  ^~~~~~~
../Core/Inc/TJ_MPU6050.h:50:2: error: unknown type name 'uint8_t'
  uint8_t Accel_Full_Scale;
  ^~~~~~~
../Core/Inc/TJ_MPU6050.h:51:2: error: unknown type name 'uint8_t'
  uint8_t CONFIG_DLPF;
  ^~~~~~~
../Core/Inc/TJ_MPU6050.h:109:2: error: unknown type name 'int16_t'
  int16_t x;
  ^~~~~~~
../Core/Inc/TJ_MPU6050.h:110:2: error: unknown type name 'int16_t'
  int16_t y;
  ^~~~~~~
../Core/Inc/TJ_MPU6050.h:111:2: error: unknown type name 'int16_t'
  int16_t z;
  ^~~~~~~
../Core/Inc/TJ_MPU6050.h:125:19: error: unknown type name 'I2C_HandleTypeDef'; did you mean 'MPU_ConfigTypeDef'?
 void MPU6050_Init(I2C_HandleTypeDef *I2Chnd);
                   ^~~~~~~~~~~~~~~~~
                   MPU_ConfigTypeDef
../Core/Inc/TJ_MPU6050.h:127:15: error: unknown type name 'uint8_t'; did you mean 'wint_t'?
 void I2C_Read(uint8_t ADDR, uint8_t *i2cBuf, uint8_t NofData);
               ^~~~~~~
               wint_t
../Core/Inc/TJ_MPU6050.h:127:29: error: unknown type name 'uint8_t'; did you mean 'wint_t'?
 void I2C_Read(uint8_t ADDR, uint8_t *i2cBuf, uint8_t NofData);
                             ^~~~~~~
                             wint_t
../Core/Inc/TJ_MPU6050.h:127:46: error: unknown type name 'uint8_t'; did you mean 'wint_t'?
 void I2C_Read(uint8_t ADDR, uint8_t *i2cBuf, uint8_t NofData);
                                              ^~~~~~~
                                              wint_t
../Core/Inc/TJ_MPU6050.h:129:17: error: unknown type name 'uint8_t'; did you mean 'wint_t'?
 void I2C_Write8(uint8_t ADDR, uint8_t data);
                 ^~~~~~~
                 wint_t
../Core/Inc/TJ_MPU6050.h:129:31: error: unknown type name 'uint8_t'; did you mean 'wint_t'?
 void I2C_Write8(uint8_t ADDR, uint8_t data);
                               ^~~~~~~
                               wint_t
../Core/Inc/TJ_MPU6050.h:133:1: error: unknown type name 'uint8_t'; did you mean 'wint_t'?
 uint8_t MPU6050_Get_SMPRT_DIV(void);
 ^~~~~~~
 wint_t
../Core/Inc/TJ_MPU6050.h:135:28: error: unknown type name 'uint8_t'; did you mean 'wint_t'?
 void MPU6050_Set_SMPRT_DIV(uint8_t SMPRTvalue);
                            ^~~~~~~
                            wint_t
../Core/Inc/TJ_MPU6050.h:137:1: error: unknown type name 'uint8_t'; did you mean 'wint_t'?
 uint8_t MPU6050_Get_FSYNC(void);
 ^~~~~~~
 wint_t
../Core/Src/TJ_MPU6050.c:25:8: error: unknown type name 'I2C_HandleTypeDef'
 static I2C_HandleTypeDef i2cHandler;
        ^~~~~~~~~~~~~~~~~
../Core/Src/TJ_MPU6050.c:33:8: error: unknown type name 'int16_t'
 static int16_t GyroRW[3];
        ^~~~~~~
../Core/Src/TJ_MPU6050.c:37:19: error: unknown type name 'I2C_HandleTypeDef'; did you mean 'MPU_ConfigTypeDef'?
 void MPU6050_Init(I2C_HandleTypeDef *I2Chnd)
                   ^~~~~~~~~~~~~~~~~
                   MPU_ConfigTypeDef
../Core/Src/TJ_MPU6050.c:44:15: error: unknown type name 'uint8_t'; did you mean 'wint_t'?
 void I2C_Read(uint8_t ADDR, uint8_t *i2cBif, uint8_t NofData)
               ^~~~~~~
               wint_t
../Core/Src/TJ_MPU6050.c:44:29: error: unknown type name 'uint8_t'; did you mean 'wint_t'?
 void I2C_Read(uint8_t ADDR, uint8_t *i2cBif, uint8_t NofData)
                             ^~~~~~~
                             wint_t
../Core/Src/TJ_MPU6050.c:44:46: error: unknown type name 'uint8_t'; did you mean 'wint_t'?
 void I2C_Read(uint8_t ADDR, uint8_t *i2cBif, uint8_t NofData)
                                              ^~~~~~~
                                              wint_t
../Core/Src/TJ_MPU6050.c:56:17: error: unknown type name 'uint8_t'; did you mean 'wint_t'?
 void I2C_Write8(uint8_t ADDR, uint8_t data)
                 ^~~~~~~
                 wint_t
../Core/Src/TJ_MPU6050.c:56:31: error: unknown type name 'uint8_t'; did you mean 'wint_t'?
 void I2C_Write8(uint8_t ADDR, uint8_t data)
                               ^~~~~~~
                               wint_t
../Core/Src/TJ_MPU6050.c: In function 'MPU6050_Config':
../Core/Src/TJ_MPU6050.c:68:2: error: unknown type name 'uint8_t'; did you mean 'wint_t'?
  uint8_t Buffer = 0;
  ^~~~~~~
  wint_t
../Core/Src/TJ_MPU6050.c:71:2: warning: implicit declaration of function 'I2C_Write8' [-Wimplicit-function-declaration]
  I2C_Write8(PWR_MAGT_1_REG, 0x80);
  ^~~~~~~~~~
../Core/Src/TJ_MPU6050.c:72:2: warning: implicit declaration of function 'HAL_Delay' [-Wimplicit-function-declaration]
  HAL_Delay(100);
  ^~~~~~~~~
../Core/Src/TJ_MPU6050.c:93:2: warning: implicit declaration of function 'MPU6050_Set_SMPRT_DIV'; did you mean 'MPU6050_Get_SMPRT_DIV'? [-Wimplicit-function-declaration]
  MPU6050_Set_SMPRT_DIV(0x04);
  ^~~~~~~~~~~~~~~~~~~~~
  MPU6050_Get_SMPRT_DIV
../Core/Src/TJ_MPU6050.c: At top level:
../Core/Src/TJ_MPU6050.c:144:1: error: unknown type name 'uint8_t'; did you mean 'wint_t'?
 uint8_t MPU6050_Get_SMPRT_DIV(void)
 ^~~~~~~
 wint_t
../Core/Src/TJ_MPU6050.c: In function 'MPU6050_Get_SMPRT_DIV':
../Core/Src/TJ_MPU6050.c:146:2: error: unknown type name 'uint8_t'; did you mean 'wint_t'?
  uint8_t Buffer = 0;
  ^~~~~~~
  wint_t
../Core/Src/TJ_MPU6050.c:148:2: warning: implicit declaration of function 'I2C_Read' [-Wimplicit-function-declaration]
  I2C_Read(SMPLRT_DIV_REG, &Buffer, 1);
  ^~~~~~~~
../Core/Src/TJ_MPU6050.c: At top level:
../Core/Src/TJ_MPU6050.c:153:28: error: unknown type name 'uint8_t'; did you mean 'wint_t'?
 void MPU6050_Set_SMPRT_DIV(uint8_t SMPRTvalue)
                            ^~~~~~~
                            wint_t
../Core/Src/TJ_MPU6050.c:159:1: error: unknown type name 'uint8_t'; did you mean 'wint_t'?
 uint8_t MPU6050_Get_FSYNC(void)
 ^~~~~~~
 wint_t
../Core/Src/TJ_MPU6050.c: In function 'MPU6050_Get_FSYNC':
../Core/Src/TJ_MPU6050.c:161:2: error: unknown type name 'uint8_t'; did you mean 'wint_t'?
  uint8_t Buffer = 0;
  ^~~~~~~
  wint_t
../Core/Src/TJ_MPU6050.c: In function 'MPU6050_Set_FSYNC':
../Core/Src/TJ_MPU6050.c:171:2: error: unknown type name 'uint8_t'; did you mean 'wint_t'?
  uint8_t Buffer = 0;
  ^~~~~~~
  wint_t
../Core/Src/TJ_MPU6050.c: In function 'MPU6050_Get_Accel_RawData':
../Core/Src/TJ_MPU6050.c:183:2: error: unknown type name 'uint8_t'; did you mean 'wint_t'?
  uint8_t i2cBuf[2];
  ^~~~~~~
  wint_t
../Core/Src/TJ_MPU6050.c:184:2: error: unknown type name 'uint8_t'; did you mean 'wint_t'?
  uint8_t AcceArr[6], GyroArr[6];
  ^~~~~~~
  wint_t
At top level:
../Core/Src/TJ_MPU6050.c:25:26: warning: 'i2cHandler' defined but not used [-Wunused-variable]
 static I2C_HandleTypeDef i2cHandler;
                          ^~~~~~~~~~
make: *** [Core/Src/subdir.mk:36: Core/Src/TJ_MPU6050.o] Error 1
"make -j8 all" terminated with exit code 2. Build might be incomplete.
15:27:51 **** Incremental Build of configuration Debug for project Cronometro ****
make -j8 all 
arm-none-eabi-size   Cronometro.elf 
   text	   data	    bss	    dec	    hex	filename
  14708	     28	   2684	  17420	   440c	Cronometro.elf
Finished building: default.size.stdout
 
15:28:36 **** Incremental Build of configuration Debug for project Acelerometro ****
make -j8 all 
arm-none-eabi-gcc "../Core/Src/TJ_MPU6050.c" -mcpu=cortex-m3 -std=gnu11 -g3 -DUSE_HAL_DRIVER -DSTM32F103xB -DDEBUG -c -I../Drivers/CMSIS/Device/ST/STM32F1xx/Include -I../Drivers/CMSIS/Include -I../Core/Inc -I../Drivers/STM32F1xx_HAL_Driver/Inc/Legacy -I../Drivers/STM32F1xx_HAL_Driver/Inc -O0 -ffunction-sections -fdata-sections -Wall -fstack-usage -MMD -MP -MF"Core/Src/TJ_MPU6050.d" -MT"Core/Src/TJ_MPU6050.o" --specs=nano.specs -mfloat-abi=soft -mthumb -o "Core/Src/TJ_MPU6050.o"
arm-none-eabi-gcc -o "Acelerometro.elf" @"objects.list"   -mcpu=cortex-m3 -T"C:\Users\cesar\STM32CubeIDE\workspace_1.2.0\Projeto-stm32\Acelerometro\STM32F103C8TX_FLASH.ld" --specs=nosys.specs -Wl,-Map="Acelerometro.map" -Wl,--gc-sections -static --specs=nano.specs -mfloat-abi=soft -mthumb -Wl,--start-group -lc -lm -Wl,--end-group
Finished building target: Acelerometro.elf
 
arm-none-eabi-size   Acelerometro.elf 
arm-none-eabi-objdump -h -S  Acelerometro.elf  > "Acelerometro.list"
   text	   data	    bss	    dec	    hex	filename
   5652	     20	   1740	   7412	   1cf4	Acelerometro.elf
arm-none-eabi-objcopy  -O binary  Acelerometro.elf  "Acelerometro.bin"
Finished building: default.size.stdout
 
Finished building: Acelerometro.bin
Finished building: Acelerometro.list
 
 
15:28:40 **** Incremental Build of configuration Debug for project Cronometro ****
make -j8 all 
arm-none-eabi-size   Cronometro.elf 
   text	   data	    bss	    dec	    hex	filename
  14708	     28	   2684	  17420	   440c	Cronometro.elf
Finished building: default.size.stdout
 
16:37:06 **** Incremental Build of configuration Debug for project Acelerometro ****
make -j8 all 
arm-none-eabi-gcc "../Core/Src/main.c" -mcpu=cortex-m3 -std=gnu11 -g3 -DUSE_HAL_DRIVER -DSTM32F103xB -DDEBUG -c -I../Drivers/CMSIS/Device/ST/STM32F1xx/Include -I../Drivers/CMSIS/Include -I../Core/Inc -I../Drivers/STM32F1xx_HAL_Driver/Inc/Legacy -I../Drivers/STM32F1xx_HAL_Driver/Inc -O0 -ffunction-sections -fdata-sections -Wall -fstack-usage -MMD -MP -MF"Core/Src/main.d" -MT"Core/Src/main.o" --specs=nano.specs -mfloat-abi=soft -mthumb -o "Core/Src/main.o"
../Core/Src/main.c: In function 'main':
../Core/Src/main.c:73:2: error: unknown type name 'MPU6050_ConfigTypeDef'; did you mean 'MPU_ConfigTypeDef'?
  MPU6050_ConfigTypeDef myMpuConfig;
  ^~~~~~~~~~~~~~~~~~~~~
  MPU_ConfigTypeDef
../Core/Src/main.c:100:14: error: request for member 'Accel_Full_Scale' in something not a structure or union
   myMpuConfig.Accel_Full_Scale = AFS_SEL_4g;
              ^
../Core/Src/main.c:101:14: error: request for member 'ClockSource' in something not a structure or union
   myMpuConfig.ClockSource = Internal_8MHz;
              ^
../Core/Src/main.c:102:14: error: request for member 'CONFIG_DLPF' in something not a structure or union
   myMpuConfig.CONFIG_DLPF = DLPF_184A_188G_Hz;
              ^
../Core/Src/main.c:103:14: error: request for member 'Gyro_Full_Scale' in something not a structure or union
   myMpuConfig.Gyro_Full_Scale = FS_SEL_500;
              ^
../Core/Src/main.c:104:14: error: request for member 'Sleep_Mode_Bit' in something not a structure or union
   myMpuConfig.Sleep_Mode_Bit = 0;
              ^
../Core/Src/main.c:105:18: warning: passing argument 1 of 'MPU6050_Config' from incompatible pointer type [-Wincompatible-pointer-types]
   MPU6050_Config(&myMpuConfig);
                  ^
In file included from ../Core/Src/main.c:26:0:
../Core/Inc/TJ_MPU6050.h:132:6: note: expected 'MPU_ConfigTypeDef * {aka struct <anonymous> *}' but argument is of type 'int *'
 void MPU6050_Config(MPU_ConfigTypeDef *config);
      ^~~~~~~~~~~~~~
../Core/Src/main.c:123:4: error: expected ';' before 'HAL_Delay'
    HAL_Delay(10);
    ^~~~~~~~~
make: *** [Core/Src/subdir.mk:38: Core/Src/main.o] Error 1
"make -j8 all" terminated with exit code 2. Build might be incomplete.
16:37:09 **** Incremental Build of configuration Debug for project Cronometro ****
make -j8 all 
arm-none-eabi-size   Cronometro.elf 
   text	   data	    bss	    dec	    hex	filename
  14708	     28	   2684	  17420	   440c	Cronometro.elf
Finished building: default.size.stdout
 
16:37:17 **** Incremental Build of configuration Debug for project Cronometro ****
make -j8 all 
arm-none-eabi-size   Cronometro.elf 
   text	   data	    bss	    dec	    hex	filename
  14708	     28	   2684	  17420	   440c	Cronometro.elf
Finished building: default.size.stdout
 
16:37:32 **** Incremental Build of configuration Debug for project Cronometro ****
make -j8 all 
arm-none-eabi-size   Cronometro.elf 
   text	   data	    bss	    dec	    hex	filename
  14708	     28	   2684	  17420	   440c	Cronometro.elf
Finished building: default.size.stdout
 
16:39:58 **** Incremental Build of configuration Debug for project Acelerometro ****
make -j8 all 
arm-none-eabi-gcc "../Core/Src/main.c" -mcpu=cortex-m3 -std=gnu11 -g3 -DUSE_HAL_DRIVER -DSTM32F103xB -DDEBUG -c -I../Drivers/CMSIS/Device/ST/STM32F1xx/Include -I../Drivers/CMSIS/Include -I../Core/Inc -I../Drivers/STM32F1xx_HAL_Driver/Inc/Legacy -I../Drivers/STM32F1xx_HAL_Driver/Inc -O0 -ffunction-sections -fdata-sections -Wall -fstack-usage -MMD -MP -MF"Core/Src/main.d" -MT"Core/Src/main.o" --specs=nano.specs -mfloat-abi=soft -mthumb -o "Core/Src/main.o"
../Core/Src/main.c: In function 'main':
../Core/Src/main.c:73:2: error: unknown type name 'MPU6050_ConfigTypeDef'; did you mean 'MPU_ConfigTypeDef'?
  MPU6050_ConfigTypeDef myMpuConfig;
  ^~~~~~~~~~~~~~~~~~~~~
  MPU_ConfigTypeDef
../Core/Src/main.c:100:14: error: request for member 'Accel_Full_Scale' in something not a structure or union
   myMpuConfig.Accel_Full_Scale = AFS_SEL_4g;
              ^
../Core/Src/main.c:101:14: error: request for member 'ClockSource' in something not a structure or union
   myMpuConfig.ClockSource = Internal_8MHz;
              ^
../Core/Src/main.c:102:14: error: request for member 'CONFIG_DLPF' in something not a structure or union
   myMpuConfig.CONFIG_DLPF = DLPF_184A_188G_Hz;
              ^
../Core/Src/main.c:103:14: error: request for member 'Gyro_Full_Scale' in something not a structure or union
   myMpuConfig.Gyro_Full_Scale = FS_SEL_500;
              ^
../Core/Src/main.c:104:14: error: request for member 'Sleep_Mode_Bit' in something not a structure or union
   myMpuConfig.Sleep_Mode_Bit = 0;
              ^
../Core/Src/main.c:105:18: warning: passing argument 1 of 'MPU6050_Config' from incompatible pointer type [-Wincompatible-pointer-types]
   MPU6050_Config(&myMpuConfig);
                  ^
In file included from ../Core/Src/main.c:26:0:
../Core/Inc/TJ_MPU6050.h:132:6: note: expected 'MPU_ConfigTypeDef * {aka struct <anonymous> *}' but argument is of type 'int *'
 void MPU6050_Config(MPU_ConfigTypeDef *config);
      ^~~~~~~~~~~~~~
../Core/Src/main.c:123:4: error: expected ';' before 'HAL_Delay'
    HAL_Delay(10);
    ^~~~~~~~~
make: *** [Core/Src/subdir.mk:38: Core/Src/main.o] Error 1
"make -j8 all" terminated with exit code 2. Build might be incomplete.
16:40:00 **** Incremental Build of configuration Debug for project Cronometro ****
make -j8 all 
arm-none-eabi-size   Cronometro.elf 
   text	   data	    bss	    dec	    hex	filename
  14708	     28	   2684	  17420	   440c	Cronometro.elf
Finished building: default.size.stdout
 
16:41:20 **** Incremental Build of configuration Debug for project Acelerometro ****
make -j8 all 
arm-none-eabi-gcc "../Drivers/STM32F1xx_HAL_Driver/Src/stm32f1xx_hal.c" -mcpu=cortex-m3 -std=gnu11 -g3 -DUSE_HAL_DRIVER -DSTM32F103xB -DDEBUG -c -I../Drivers/CMSIS/Device/ST/STM32F1xx/Include -I../Drivers/CMSIS/Include -I../Core/Inc -I../Drivers/STM32F1xx_HAL_Driver/Inc/Legacy -I../Drivers/STM32F1xx_HAL_Driver/Inc -O0 -ffunction-sections -fdata-sections -Wall -fstack-usage -MMD -MP -MF"Drivers/STM32F1xx_HAL_Driver/Src/stm32f1xx_hal.d" -MT"Drivers/STM32F1xx_HAL_Driver/Src/stm32f1xx_hal.o" --specs=nano.specs -mfloat-abi=soft -mthumb -o "Drivers/STM32F1xx_HAL_Driver/Src/stm32f1xx_hal.o"
arm-none-eabi-gcc "../Drivers/STM32F1xx_HAL_Driver/Src/stm32f1xx_hal_cortex.c" -mcpu=cortex-m3 -std=gnu11 -g3 -DUSE_HAL_DRIVER -DSTM32F103xB -DDEBUG -c -I../Drivers/CMSIS/Device/ST/STM32F1xx/Include -I../Drivers/CMSIS/Include -I../Core/Inc -I../Drivers/STM32F1xx_HAL_Driver/Inc/Legacy -I../Drivers/STM32F1xx_HAL_Driver/Inc -O0 -ffunction-sections -fdata-sections -Wall -fstack-usage -MMD -MP -MF"Drivers/STM32F1xx_HAL_Driver/Src/stm32f1xx_hal_cortex.d" -MT"Drivers/STM32F1xx_HAL_Driver/Src/stm32f1xx_hal_cortex.o" --specs=nano.specs -mfloat-abi=soft -mthumb -o "Drivers/STM32F1xx_HAL_Driver/Src/stm32f1xx_hal_cortex.o"
arm-none-eabi-gcc "../Drivers/STM32F1xx_HAL_Driver/Src/stm32f1xx_hal_dma.c" -mcpu=cortex-m3 -std=gnu11 -g3 -DUSE_HAL_DRIVER -DSTM32F103xB -DDEBUG -c -I../Drivers/CMSIS/Device/ST/STM32F1xx/Include -I../Drivers/CMSIS/Include -I../Core/Inc -I../Drivers/STM32F1xx_HAL_Driver/Inc/Legacy -I../Drivers/STM32F1xx_HAL_Driver/Inc -O0 -ffunction-sections -fdata-sections -Wall -fstack-usage -MMD -MP -MF"Drivers/STM32F1xx_HAL_Driver/Src/stm32f1xx_hal_dma.d" -MT"Drivers/STM32F1xx_HAL_Driver/Src/stm32f1xx_hal_dma.o" --specs=nano.specs -mfloat-abi=soft -mthumb -o "Drivers/STM32F1xx_HAL_Driver/Src/stm32f1xx_hal_dma.o"
arm-none-eabi-gcc "../Drivers/STM32F1xx_HAL_Driver/Src/stm32f1xx_hal_exti.c" -mcpu=cortex-m3 -std=gnu11 -g3 -DUSE_HAL_DRIVER -DSTM32F103xB -DDEBUG -c -I../Drivers/CMSIS/Device/ST/STM32F1xx/Include -I../Drivers/CMSIS/Include -I../Core/Inc -I../Drivers/STM32F1xx_HAL_Driver/Inc/Legacy -I../Drivers/STM32F1xx_HAL_Driver/Inc -O0 -ffunction-sections -fdata-sections -Wall -fstack-usage -MMD -MP -MF"Drivers/STM32F1xx_HAL_Driver/Src/stm32f1xx_hal_exti.d" -MT"Drivers/STM32F1xx_HAL_Driver/Src/stm32f1xx_hal_exti.o" --specs=nano.specs -mfloat-abi=soft -mthumb -o "Drivers/STM32F1xx_HAL_Driver/Src/stm32f1xx_hal_exti.o"
arm-none-eabi-gcc "../Drivers/STM32F1xx_HAL_Driver/Src/stm32f1xx_hal_flash.c" -mcpu=cortex-m3 -std=gnu11 -g3 -DUSE_HAL_DRIVER -DSTM32F103xB -DDEBUG -c -I../Drivers/CMSIS/Device/ST/STM32F1xx/Include -I../Drivers/CMSIS/Include -I../Core/Inc -I../Drivers/STM32F1xx_HAL_Driver/Inc/Legacy -I../Drivers/STM32F1xx_HAL_Driver/Inc -O0 -ffunction-sections -fdata-sections -Wall -fstack-usage -MMD -MP -MF"Drivers/STM32F1xx_HAL_Driver/Src/stm32f1xx_hal_flash.d" -MT"Drivers/STM32F1xx_HAL_Driver/Src/stm32f1xx_hal_flash.o" --specs=nano.specs -mfloat-abi=soft -mthumb -o "Drivers/STM32F1xx_HAL_Driver/Src/stm32f1xx_hal_flash.o"
arm-none-eabi-gcc "../Drivers/STM32F1xx_HAL_Driver/Src/stm32f1xx_hal_flash_ex.c" -mcpu=cortex-m3 -std=gnu11 -g3 -DUSE_HAL_DRIVER -DSTM32F103xB -DDEBUG -c -I../Drivers/CMSIS/Device/ST/STM32F1xx/Include -I../Drivers/CMSIS/Include -I../Core/Inc -I../Drivers/STM32F1xx_HAL_Driver/Inc/Legacy -I../Drivers/STM32F1xx_HAL_Driver/Inc -O0 -ffunction-sections -fdata-sections -Wall -fstack-usage -MMD -MP -MF"Drivers/STM32F1xx_HAL_Driver/Src/stm32f1xx_hal_flash_ex.d" -MT"Drivers/STM32F1xx_HAL_Driver/Src/stm32f1xx_hal_flash_ex.o" --specs=nano.specs -mfloat-abi=soft -mthumb -o "Drivers/STM32F1xx_HAL_Driver/Src/stm32f1xx_hal_flash_ex.o"
arm-none-eabi-gcc "../Drivers/STM32F1xx_HAL_Driver/Src/stm32f1xx_hal_gpio.c" -mcpu=cortex-m3 -std=gnu11 -g3 -DUSE_HAL_DRIVER -DSTM32F103xB -DDEBUG -c -I../Drivers/CMSIS/Device/ST/STM32F1xx/Include -I../Drivers/CMSIS/Include -I../Core/Inc -I../Drivers/STM32F1xx_HAL_Driver/Inc/Legacy -I../Drivers/STM32F1xx_HAL_Driver/Inc -O0 -ffunction-sections -fdata-sections -Wall -fstack-usage -MMD -MP -MF"Drivers/STM32F1xx_HAL_Driver/Src/stm32f1xx_hal_gpio.d" -MT"Drivers/STM32F1xx_HAL_Driver/Src/stm32f1xx_hal_gpio.o" --specs=nano.specs -mfloat-abi=soft -mthumb -o "Drivers/STM32F1xx_HAL_Driver/Src/stm32f1xx_hal_gpio.o"
arm-none-eabi-gcc "../Drivers/STM32F1xx_HAL_Driver/Src/stm32f1xx_hal_gpio_ex.c" -mcpu=cortex-m3 -std=gnu11 -g3 -DUSE_HAL_DRIVER -DSTM32F103xB -DDEBUG -c -I../Drivers/CMSIS/Device/ST/STM32F1xx/Include -I../Drivers/CMSIS/Include -I../Core/Inc -I../Drivers/STM32F1xx_HAL_Driver/Inc/Legacy -I../Drivers/STM32F1xx_HAL_Driver/Inc -O0 -ffunction-sections -fdata-sections -Wall -fstack-usage -MMD -MP -MF"Drivers/STM32F1xx_HAL_Driver/Src/stm32f1xx_hal_gpio_ex.d" -MT"Drivers/STM32F1xx_HAL_Driver/Src/stm32f1xx_hal_gpio_ex.o" --specs=nano.specs -mfloat-abi=soft -mthumb -o "Drivers/STM32F1xx_HAL_Driver/Src/stm32f1xx_hal_gpio_ex.o"
arm-none-eabi-gcc "../Drivers/STM32F1xx_HAL_Driver/Src/stm32f1xx_hal_i2c.c" -mcpu=cortex-m3 -std=gnu11 -g3 -DUSE_HAL_DRIVER -DSTM32F103xB -DDEBUG -c -I../Drivers/CMSIS/Device/ST/STM32F1xx/Include -I../Drivers/CMSIS/Include -I../Core/Inc -I../Drivers/STM32F1xx_HAL_Driver/Inc/Legacy -I../Drivers/STM32F1xx_HAL_Driver/Inc -O0 -ffunction-sections -fdata-sections -Wall -fstack-usage -MMD -MP -MF"Drivers/STM32F1xx_HAL_Driver/Src/stm32f1xx_hal_i2c.d" -MT"Drivers/STM32F1xx_HAL_Driver/Src/stm32f1xx_hal_i2c.o" --specs=nano.specs -mfloat-abi=soft -mthumb -o "Drivers/STM32F1xx_HAL_Driver/Src/stm32f1xx_hal_i2c.o"
arm-none-eabi-gcc "../Drivers/STM32F1xx_HAL_Driver/Src/stm32f1xx_hal_pwr.c" -mcpu=cortex-m3 -std=gnu11 -g3 -DUSE_HAL_DRIVER -DSTM32F103xB -DDEBUG -c -I../Drivers/CMSIS/Device/ST/STM32F1xx/Include -I../Drivers/CMSIS/Include -I../Core/Inc -I../Drivers/STM32F1xx_HAL_Driver/Inc/Legacy -I../Drivers/STM32F1xx_HAL_Driver/Inc -O0 -ffunction-sections -fdata-sections -Wall -fstack-usage -MMD -MP -MF"Drivers/STM32F1xx_HAL_Driver/Src/stm32f1xx_hal_pwr.d" -MT"Drivers/STM32F1xx_HAL_Driver/Src/stm32f1xx_hal_pwr.o" --specs=nano.specs -mfloat-abi=soft -mthumb -o "Drivers/STM32F1xx_HAL_Driver/Src/stm32f1xx_hal_pwr.o"
arm-none-eabi-gcc "../Drivers/STM32F1xx_HAL_Driver/Src/stm32f1xx_hal_rcc.c" -mcpu=cortex-m3 -std=gnu11 -g3 -DUSE_HAL_DRIVER -DSTM32F103xB -DDEBUG -c -I../Drivers/CMSIS/Device/ST/STM32F1xx/Include -I../Drivers/CMSIS/Include -I../Core/Inc -I../Drivers/STM32F1xx_HAL_Driver/Inc/Legacy -I../Drivers/STM32F1xx_HAL_Driver/Inc -O0 -ffunction-sections -fdata-sections -Wall -fstack-usage -MMD -MP -MF"Drivers/STM32F1xx_HAL_Driver/Src/stm32f1xx_hal_rcc.d" -MT"Drivers/STM32F1xx_HAL_Driver/Src/stm32f1xx_hal_rcc.o" --specs=nano.specs -mfloat-abi=soft -mthumb -o "Drivers/STM32F1xx_HAL_Driver/Src/stm32f1xx_hal_rcc.o"
arm-none-eabi-gcc "../Drivers/STM32F1xx_HAL_Driver/Src/stm32f1xx_hal_rcc_ex.c" -mcpu=cortex-m3 -std=gnu11 -g3 -DUSE_HAL_DRIVER -DSTM32F103xB -DDEBUG -c -I../Drivers/CMSIS/Device/ST/STM32F1xx/Include -I../Drivers/CMSIS/Include -I../Core/Inc -I../Drivers/STM32F1xx_HAL_Driver/Inc/Legacy -I../Drivers/STM32F1xx_HAL_Driver/Inc -O0 -ffunction-sections -fdata-sections -Wall -fstack-usage -MMD -MP -MF"Drivers/STM32F1xx_HAL_Driver/Src/stm32f1xx_hal_rcc_ex.d" -MT"Drivers/STM32F1xx_HAL_Driver/Src/stm32f1xx_hal_rcc_ex.o" --specs=nano.specs -mfloat-abi=soft -mthumb -o "Drivers/STM32F1xx_HAL_Driver/Src/stm32f1xx_hal_rcc_ex.o"
arm-none-eabi-gcc "../Drivers/STM32F1xx_HAL_Driver/Src/stm32f1xx_hal_tim.c" -mcpu=cortex-m3 -std=gnu11 -g3 -DUSE_HAL_DRIVER -DSTM32F103xB -DDEBUG -c -I../Drivers/CMSIS/Device/ST/STM32F1xx/Include -I../Drivers/CMSIS/Include -I../Core/Inc -I../Drivers/STM32F1xx_HAL_Driver/Inc/Legacy -I../Drivers/STM32F1xx_HAL_Driver/Inc -O0 -ffunction-sections -fdata-sections -Wall -fstack-usage -MMD -MP -MF"Drivers/STM32F1xx_HAL_Driver/Src/stm32f1xx_hal_tim.d" -MT"Drivers/STM32F1xx_HAL_Driver/Src/stm32f1xx_hal_tim.o" --specs=nano.specs -mfloat-abi=soft -mthumb -o "Drivers/STM32F1xx_HAL_Driver/Src/stm32f1xx_hal_tim.o"
arm-none-eabi-gcc "../Drivers/STM32F1xx_HAL_Driver/Src/stm32f1xx_hal_tim_ex.c" -mcpu=cortex-m3 -std=gnu11 -g3 -DUSE_HAL_DRIVER -DSTM32F103xB -DDEBUG -c -I../Drivers/CMSIS/Device/ST/STM32F1xx/Include -I../Drivers/CMSIS/Include -I../Core/Inc -I../Drivers/STM32F1xx_HAL_Driver/Inc/Legacy -I../Drivers/STM32F1xx_HAL_Driver/Inc -O0 -ffunction-sections -fdata-sections -Wall -fstack-usage -MMD -MP -MF"Drivers/STM32F1xx_HAL_Driver/Src/stm32f1xx_hal_tim_ex.d" -MT"Drivers/STM32F1xx_HAL_Driver/Src/stm32f1xx_hal_tim_ex.o" --specs=nano.specs -mfloat-abi=soft -mthumb -o "Drivers/STM32F1xx_HAL_Driver/Src/stm32f1xx_hal_tim_ex.o"
arm-none-eabi-gcc "../Core/Src/TJ_MPU6050.c" -mcpu=cortex-m3 -std=gnu11 -g3 -DUSE_HAL_DRIVER -DSTM32F103xB -DDEBUG -c -I../Drivers/CMSIS/Device/ST/STM32F1xx/Include -I../Drivers/CMSIS/Include -I../Core/Inc -I../Drivers/STM32F1xx_HAL_Driver/Inc/Legacy -I../Drivers/STM32F1xx_HAL_Driver/Inc -O0 -ffunction-sections -fdata-sections -Wall -fstack-usage -MMD -MP -MF"Core/Src/TJ_MPU6050.d" -MT"Core/Src/TJ_MPU6050.o" --specs=nano.specs -mfloat-abi=soft -mthumb -o "Core/Src/TJ_MPU6050.o"
arm-none-eabi-gcc "../Core/Src/main.c" -mcpu=cortex-m3 -std=gnu11 -g3 -DUSE_HAL_DRIVER -DSTM32F103xB -DDEBUG -c -I../Drivers/CMSIS/Device/ST/STM32F1xx/Include -I../Drivers/CMSIS/Include -I../Core/Inc -I../Drivers/STM32F1xx_HAL_Driver/Inc/Legacy -I../Drivers/STM32F1xx_HAL_Driver/Inc -O0 -ffunction-sections -fdata-sections -Wall -fstack-usage -MMD -MP -MF"Core/Src/main.d" -MT"Core/Src/main.o" --specs=nano.specs -mfloat-abi=soft -mthumb -o "Core/Src/main.o"
../Core/Src/main.c: In function 'main':
../Core/Src/main.c:73:2: error: unknown type name 'MPU6050_ConfigTypeDef'; did you mean 'MPU_ConfigTypeDef'?
  MPU6050_ConfigTypeDef myMpuConfig;
  ^~~~~~~~~~~~~~~~~~~~~
  MPU_ConfigTypeDef
../Core/Src/main.c:100:14: error: request for member 'Accel_Full_Scale' in something not a structure or union
   myMpuConfig.Accel_Full_Scale = AFS_SEL_4g;
              ^
../Core/Src/main.c:101:14: error: request for member 'ClockSource' in something not a structure or union
   myMpuConfig.ClockSource = Internal_8MHz;
              ^
../Core/Src/main.c:102:14: error: request for member 'CONFIG_DLPF' in something not a structure or union
   myMpuConfig.CONFIG_DLPF = DLPF_184A_188G_Hz;
              ^
../Core/Src/main.c:103:14: error: request for member 'Gyro_Full_Scale' in something not a structure or union
   myMpuConfig.Gyro_Full_Scale = FS_SEL_500;
              ^
../Core/Src/main.c:104:14: error: request for member 'Sleep_Mode_Bit' in something not a structure or union
   myMpuConfig.Sleep_Mode_Bit = 0;
              ^
../Core/Src/main.c:105:18: warning: passing argument 1 of 'MPU6050_Config' from incompatible pointer type [-Wincompatible-pointer-types]
   MPU6050_Config(&myMpuConfig);
                  ^
In file included from ../Core/Src/main.c:26:0:
../Core/Inc/TJ_MPU6050.h:132:6: note: expected 'MPU_ConfigTypeDef * {aka struct <anonymous> *}' but argument is of type 'int *'
 void MPU6050_Config(MPU_ConfigTypeDef *config);
      ^~~~~~~~~~~~~~
make: *** [Core/Src/subdir.mk:38: Core/Src/main.o] Error 1
make: *** Waiting for unfinished jobs....
"make -j8 all" terminated with exit code 2. Build might be incomplete.
16:41:23 **** Incremental Build of configuration Debug for project Cronometro ****
make -j8 all 
arm-none-eabi-size   Cronometro.elf 
   text	   data	    bss	    dec	    hex	filename
  14708	     28	   2684	  17420	   440c	Cronometro.elf
Finished building: default.size.stdout
 
16:42:39 **** Incremental Build of configuration Debug for project Acelerometro ****
make -j8 all 
arm-none-eabi-gcc "../Core/Src/main.c" -mcpu=cortex-m3 -std=gnu11 -g3 -DUSE_HAL_DRIVER -DSTM32F103xB -DDEBUG -c -I../Drivers/CMSIS/Device/ST/STM32F1xx/Include -I../Drivers/CMSIS/Include -I../Core/Inc -I../Drivers/STM32F1xx_HAL_Driver/Inc/Legacy -I../Drivers/STM32F1xx_HAL_Driver/Inc -O0 -ffunction-sections -fdata-sections -Wall -fstack-usage -MMD -MP -MF"Core/Src/main.d" -MT"Core/Src/main.o" --specs=nano.specs -mfloat-abi=soft -mthumb -o "Core/Src/main.o"
arm-none-eabi-gcc "../Core/Src/stm32f1xx_hal_msp.c" -mcpu=cortex-m3 -std=gnu11 -g3 -DUSE_HAL_DRIVER -DSTM32F103xB -DDEBUG -c -I../Drivers/CMSIS/Device/ST/STM32F1xx/Include -I../Drivers/CMSIS/Include -I../Core/Inc -I../Drivers/STM32F1xx_HAL_Driver/Inc/Legacy -I../Drivers/STM32F1xx_HAL_Driver/Inc -O0 -ffunction-sections -fdata-sections -Wall -fstack-usage -MMD -MP -MF"Core/Src/stm32f1xx_hal_msp.d" -MT"Core/Src/stm32f1xx_hal_msp.o" --specs=nano.specs -mfloat-abi=soft -mthumb -o "Core/Src/stm32f1xx_hal_msp.o"
arm-none-eabi-gcc "../Core/Src/stm32f1xx_it.c" -mcpu=cortex-m3 -std=gnu11 -g3 -DUSE_HAL_DRIVER -DSTM32F103xB -DDEBUG -c -I../Drivers/CMSIS/Device/ST/STM32F1xx/Include -I../Drivers/CMSIS/Include -I../Core/Inc -I../Drivers/STM32F1xx_HAL_Driver/Inc/Legacy -I../Drivers/STM32F1xx_HAL_Driver/Inc -O0 -ffunction-sections -fdata-sections -Wall -fstack-usage -MMD -MP -MF"Core/Src/stm32f1xx_it.d" -MT"Core/Src/stm32f1xx_it.o" --specs=nano.specs -mfloat-abi=soft -mthumb -o "Core/Src/stm32f1xx_it.o"
arm-none-eabi-gcc "../Core/Src/system_stm32f1xx.c" -mcpu=cortex-m3 -std=gnu11 -g3 -DUSE_HAL_DRIVER -DSTM32F103xB -DDEBUG -c -I../Drivers/CMSIS/Device/ST/STM32F1xx/Include -I../Drivers/CMSIS/Include -I../Core/Inc -I../Drivers/STM32F1xx_HAL_Driver/Inc/Legacy -I../Drivers/STM32F1xx_HAL_Driver/Inc -O0 -ffunction-sections -fdata-sections -Wall -fstack-usage -MMD -MP -MF"Core/Src/system_stm32f1xx.d" -MT"Core/Src/system_stm32f1xx.o" --specs=nano.specs -mfloat-abi=soft -mthumb -o "Core/Src/system_stm32f1xx.o"
arm-none-eabi-gcc -o "Acelerometro.elf" @"objects.list"   -mcpu=cortex-m3 -T"C:\Users\cesar\STM32CubeIDE\workspace_1.2.0\Projeto-stm32\Acelerometro\STM32F103C8TX_FLASH.ld" --specs=nosys.specs -Wl,-Map="Acelerometro.map" -Wl,--gc-sections -static --specs=nano.specs -mfloat-abi=soft -mthumb -Wl,--start-group -lc -lm -Wl,--end-group
Finished building target: Acelerometro.elf
 
arm-none-eabi-objdump -h -S  Acelerometro.elf  > "Acelerometro.list"
arm-none-eabi-objcopy  -O binary  Acelerometro.elf  "Acelerometro.bin"
arm-none-eabi-size   Acelerometro.elf 
   text	   data	    bss	    dec	    hex	filename
   9844	     20	   1876	  11740	   2ddc	Acelerometro.elf
Finished building: default.size.stdout
 
Finished building: Acelerometro.bin
 
Finished building: Acelerometro.list
 
16:42:42 **** Incremental Build of configuration Debug for project Cronometro ****
make -j8 all 
arm-none-eabi-size   Cronometro.elf 
   text	   data	    bss	    dec	    hex	filename
  14708	     28	   2684	  17420	   440c	Cronometro.elf
Finished building: default.size.stdout
 
16:43:41 **** Incremental Build of configuration Debug for project Acelerometro ****
make -j8 all 
arm-none-eabi-size   Acelerometro.elf 
   text	   data	    bss	    dec	    hex	filename
   9844	     20	   1876	  11740	   2ddc	Acelerometro.elf
Finished building: default.size.stdout
 
16:45:27 **** Incremental Build of configuration Debug for project Acelerometro ****
make -j8 all 
arm-none-eabi-size   Acelerometro.elf 
   text	   data	    bss	    dec	    hex	filename
   9844	     20	   1876	  11740	   2ddc	Acelerometro.elf
Finished building: default.size.stdout
 
16:46:17 **** Incremental Build of configuration Debug for project Acelerometro ****
make -j8 all 
arm-none-eabi-size   Acelerometro.elf 
   text	   data	    bss	    dec	    hex	filename
   9844	     20	   1876	  11740	   2ddc	Acelerometro.elf
Finished building: default.size.stdout
 
16:49:10 **** Incremental Build of configuration Debug for project Acelerometro ****
make -j8 all 
arm-none-eabi-size   Acelerometro.elf 
   text	   data	    bss	    dec	    hex	filename
   9844	     20	   1876	  11740	   2ddc	Acelerometro.elf
Finished building: default.size.stdout
 
16:51:26 **** Incremental Build of configuration Debug for project Acelerometro ****
make -j8 all 
arm-none-eabi-size   Acelerometro.elf 
   text	   data	    bss	    dec	    hex	filename
   9844	     20	   1876	  11740	   2ddc	Acelerometro.elf
Finished building: default.size.stdout
 
16:53:58 **** Incremental Build of configuration Debug for project Acelerometro ****
make -j8 all 
arm-none-eabi-size   Acelerometro.elf 
   text	   data	    bss	    dec	    hex	filename
   9844	     20	   1876	  11740	   2ddc	Acelerometro.elf
Finished building: default.size.stdout
 
18:00:28 **** Incremental Build of configuration Debug for project Acelerometro ****
make -j8 all 
arm-none-eabi-size   Acelerometro.elf 
   text	   data	    bss	    dec	    hex	filename
   9844	     20	   1876	  11740	   2ddc	Acelerometro.elf
Finished building: default.size.stdout
 
18:06:45 **** Incremental Build of configuration Debug for project Acelerometro ****
make -j8 all 
arm-none-eabi-size   Acelerometro.elf 
   text	   data	    bss	    dec	    hex	filename
   9844	     20	   1876	  11740	   2ddc	Acelerometro.elf
Finished building: default.size.stdout
 
18:08:53 **** Incremental Build of configuration Debug for project Acelerometro ****
make -j8 all 
arm-none-eabi-size   Acelerometro.elf 
   text	   data	    bss	    dec	    hex	filename
   9844	     20	   1876	  11740	   2ddc	Acelerometro.elf
Finished building: default.size.stdout
 
18:13:20 **** Incremental Build of configuration Debug for project Acelerometro ****
make -j8 all 
arm-none-eabi-gcc "../Core/Src/main.c" -mcpu=cortex-m3 -std=gnu11 -g3 -DUSE_HAL_DRIVER -DSTM32F103xB -DDEBUG -c -I../Drivers/CMSIS/Device/ST/STM32F1xx/Include -I../Drivers/CMSIS/Include -I../Core/Inc -I../Drivers/STM32F1xx_HAL_Driver/Inc/Legacy -I../Drivers/STM32F1xx_HAL_Driver/Inc -O0 -ffunction-sections -fdata-sections -Wall -fstack-usage -MMD -MP -MF"Core/Src/main.d" -MT"Core/Src/main.o" --specs=nano.specs -mfloat-abi=soft -mthumb -o "Core/Src/main.o"
arm-none-eabi-gcc -o "Acelerometro.elf" @"objects.list"   -mcpu=cortex-m3 -T"C:\Users\cesar\STM32CubeIDE\workspace_1.2.0\Projeto-stm32\Acelerometro\STM32F103C8TX_FLASH.ld" --specs=nosys.specs -Wl,-Map="Acelerometro.map" -Wl,--gc-sections -static --specs=nano.specs -mfloat-abi=soft -mthumb -Wl,--start-group -lc -lm -Wl,--end-group
Finished building target: Acelerometro.elf
 
arm-none-eabi-objdump -h -S  Acelerometro.elf  > "Acelerometro.list"
arm-none-eabi-objcopy  -O binary  Acelerometro.elf  "Acelerometro.bin"
arm-none-eabi-size   Acelerometro.elf 
   text	   data	    bss	    dec	    hex	filename
  11352	     20	   1876	  13248	   33c0	Acelerometro.elf
Finished building: default.size.stdout
 
Finished building: Acelerometro.bin
 
Finished building: Acelerometro.list
 
18:19:38 **** Incremental Build of configuration Debug for project Acelerometro ****
make -j8 all 
arm-none-eabi-size   Acelerometro.elf 
   text	   data	    bss	    dec	    hex	filename
  11352	     20	   1876	  13248	   33c0	Acelerometro.elf
Finished building: default.size.stdout
 
21:36:22 **** Incremental Build of configuration Debug for project Acelerometro ****
make -j8 all 
arm-none-eabi-gcc "../Core/Src/main.c" -mcpu=cortex-m3 -std=gnu11 -g3 -DUSE_HAL_DRIVER -DSTM32F103xB -DDEBUG -c -I../Drivers/CMSIS/Device/ST/STM32F1xx/Include -I../Drivers/CMSIS/Include -I../Core/Inc -I../Drivers/STM32F1xx_HAL_Driver/Inc/Legacy -I../Drivers/STM32F1xx_HAL_Driver/Inc -O0 -ffunction-sections -fdata-sections -Wall -fstack-usage -MMD -MP -MF"Core/Src/main.d" -MT"Core/Src/main.o" --specs=nano.specs -mfloat-abi=soft -mthumb -o "Core/Src/main.o"
../Core/Src/main.c:65:21: error: redefinition of 'acc_error_x'
 float acc_error_x=0,acc_error_x=0;
                     ^~~~~~~~~~~
../Core/Src/main.c:65:7: note: previous definition of 'acc_error_x' was here
 float acc_error_x=0,acc_error_x=0;
       ^~~~~~~~~~~
../Core/Src/main.c: In function 'main':
../Core/Src/main.c:126:6: error: 'acc_error_y' undeclared (first use in this function); did you mean 'acc_error_x'?
      acc_error_y+=(-1*atan(myAccelRaw.x/sqrt(pow(myAccelRaw.y,2)+pow(myAccelRaw.z,2))))*(180/3.141592654);
      ^~~~~~~~~~~
      acc_error_x
../Core/Src/main.c:126:6: note: each undeclared identifier is reported only once for each function it appears in
../Core/Src/main.c:129:8: error: 'i' undeclared (first use in this function)
     if(i=199){
        ^
../Core/Src/main.c:140:6: error: 'gyro_error_x' undeclared (first use in this function); did you mean 'gyro_error'?
      gyro_error_x+=myGyroRaw.x/65.5;
      ^~~~~~~~~~~~
      gyro_error
../Core/Src/main.c:141:6: error: 'gyro_error_y' undeclared (first use in this function); did you mean 'gyro_error_x'?
      gyro_error_y+=myGyroRaw.y/65.5;
      ^~~~~~~~~~~~
      gyro_error_x
make: *** [Core/Src/subdir.mk:38: Core/Src/main.o] Error 1
"make -j8 all" terminated with exit code 2. Build might be incomplete.
21:37:26 **** Incremental Build of configuration Debug for project Acelerometro ****
make -j8 all 
arm-none-eabi-gcc "../Core/Src/main.c" -mcpu=cortex-m3 -std=gnu11 -g3 -DUSE_HAL_DRIVER -DSTM32F103xB -DDEBUG -c -I../Drivers/CMSIS/Device/ST/STM32F1xx/Include -I../Drivers/CMSIS/Include -I../Core/Inc -I../Drivers/STM32F1xx_HAL_Driver/Inc/Legacy -I../Drivers/STM32F1xx_HAL_Driver/Inc -O0 -ffunction-sections -fdata-sections -Wall -fstack-usage -MMD -MP -MF"Core/Src/main.d" -MT"Core/Src/main.o" --specs=nano.specs -mfloat-abi=soft -mthumb -o "Core/Src/main.o"
../Core/Src/main.c:65:21: error: redefinition of 'acc_error_x'
 float acc_error_x=0,acc_error_x=0;
                     ^~~~~~~~~~~
../Core/Src/main.c:65:7: note: previous definition of 'acc_error_x' was here
 float acc_error_x=0,acc_error_x=0;
       ^~~~~~~~~~~
../Core/Src/main.c: In function 'main':
../Core/Src/main.c:126:6: error: 'acc_error_y' undeclared (first use in this function); did you mean 'acc_error_x'?
      acc_error_y+=(-1*atan(myAccelRaw.x/sqrt(pow(myAccelRaw.y,2)+pow(myAccelRaw.z,2))))*(180/3.141592654));
      ^~~~~~~~~~~
      acc_error_x
../Core/Src/main.c:126:6: note: each undeclared identifier is reported only once for each function it appears in
../Core/Src/main.c:126:106: error: expected ';' before ')' token
      acc_error_y+=(-1*atan(myAccelRaw.x/sqrt(pow(myAccelRaw.y,2)+pow(myAccelRaw.z,2))))*(180/3.141592654));
                                                                                                          ^
../Core/Src/main.c:126:106: error: expected statement before ')' token
../Core/Src/main.c:129:8: error: 'i' undeclared (first use in this function)
     if(i==199){
        ^
../Core/Src/main.c:140:6: error: 'gyro_error_x' undeclared (first use in this function); did you mean 'gyro_error'?
      gyro_error_x+=(myGyroRaw.x/65.5);
      ^~~~~~~~~~~~
      gyro_error
../Core/Src/main.c:141:6: error: 'gyro_error_y' undeclared (first use in this function); did you mean 'gyro_error_x'?
      gyro_error_y+=(myGyroRaw.y/65.5);
      ^~~~~~~~~~~~
      gyro_error_x
make: *** [Core/Src/subdir.mk:38: Core/Src/main.o] Error 1
"make -j8 all" terminated with exit code 2. Build might be incomplete.
21:37:34 **** Incremental Build of configuration Debug for project Acelerometro ****
make -j8 all 
arm-none-eabi-gcc "../Core/Src/main.c" -mcpu=cortex-m3 -std=gnu11 -g3 -DUSE_HAL_DRIVER -DSTM32F103xB -DDEBUG -c -I../Drivers/CMSIS/Device/ST/STM32F1xx/Include -I../Drivers/CMSIS/Include -I../Core/Inc -I../Drivers/STM32F1xx_HAL_Driver/Inc/Legacy -I../Drivers/STM32F1xx_HAL_Driver/Inc -O0 -ffunction-sections -fdata-sections -Wall -fstack-usage -MMD -MP -MF"Core/Src/main.d" -MT"Core/Src/main.o" --specs=nano.specs -mfloat-abi=soft -mthumb -o "Core/Src/main.o"
../Core/Src/main.c:65:21: error: redefinition of 'acc_error_x'
 float acc_error_x=0,acc_error_x=0;
                     ^~~~~~~~~~~
../Core/Src/main.c:65:7: note: previous definition of 'acc_error_x' was here
 float acc_error_x=0,acc_error_x=0;
       ^~~~~~~~~~~
../Core/Src/main.c: In function 'main':
../Core/Src/main.c:126:6: error: 'acc_error_y' undeclared (first use in this function); did you mean 'acc_error_x'?
      acc_error_y+=(-1*atan(myAccelRaw.x/sqrt(pow(myAccelRaw.y,2)+pow(myAccelRaw.z,2))))*(180/3.141592654));
      ^~~~~~~~~~~
      acc_error_x
../Core/Src/main.c:126:6: note: each undeclared identifier is reported only once for each function it appears in
../Core/Src/main.c:126:106: error: expected ';' before ')' token
      acc_error_y+=(-1*atan(myAccelRaw.x/sqrt(pow(myAccelRaw.y,2)+pow(myAccelRaw.z,2))))*(180/3.141592654));
                                                                                                          ^
../Core/Src/main.c:126:106: error: expected statement before ')' token
../Core/Src/main.c:129:8: error: 'i' undeclared (first use in this function)
     if(i==199){
        ^
../Core/Src/main.c:140:6: error: 'gyro_error_x' undeclared (first use in this function); did you mean 'gyro_error'?
      gyro_error_x+=(myGyroRaw.x/65.5);
      ^~~~~~~~~~~~
      gyro_error
../Core/Src/main.c:141:6: error: 'gyro_error_y' undeclared (first use in this function); did you mean 'gyro_error_x'?
      gyro_error_y+=(myGyroRaw.y/65.5);
      ^~~~~~~~~~~~
      gyro_error_x
make: *** [Core/Src/subdir.mk:38: Core/Src/main.o] Error 1
"make -j8 all" terminated with exit code 2. Build might be incomplete.
21:38:36 **** Incremental Build of configuration Debug for project Acelerometro ****
make -j8 all 
arm-none-eabi-gcc "../Core/Src/main.c" -mcpu=cortex-m3 -std=gnu11 -g3 -DUSE_HAL_DRIVER -DSTM32F103xB -DDEBUG -c -I../Drivers/CMSIS/Device/ST/STM32F1xx/Include -I../Drivers/CMSIS/Include -I../Core/Inc -I../Drivers/STM32F1xx_HAL_Driver/Inc/Legacy -I../Drivers/STM32F1xx_HAL_Driver/Inc -O0 -ffunction-sections -fdata-sections -Wall -fstack-usage -MMD -MP -MF"Core/Src/main.d" -MT"Core/Src/main.o" --specs=nano.specs -mfloat-abi=soft -mthumb -o "Core/Src/main.o"
../Core/Src/main.c:65:21: error: redefinition of 'acc_error_x'
 float acc_error_x=0,acc_error_x=0;
                     ^~~~~~~~~~~
../Core/Src/main.c:65:7: note: previous definition of 'acc_error_x' was here
 float acc_error_x=0,acc_error_x=0;
       ^~~~~~~~~~~
../Core/Src/main.c: In function 'main':
../Core/Src/main.c:126:6: error: 'acc_error_y' undeclared (first use in this function); did you mean 'acc_error_x'?
      acc_error_y+=atan(myAccelRaw.x/sqrt(pow(myAccelRaw.y,2)+pow(myAccelRaw.z,2)))*(180/3.141592654)*-1);
      ^~~~~~~~~~~
      acc_error_x
../Core/Src/main.c:126:6: note: each undeclared identifier is reported only once for each function it appears in
../Core/Src/main.c:126:104: error: expected ';' before ')' token
      acc_error_y+=atan(myAccelRaw.x/sqrt(pow(myAccelRaw.y,2)+pow(myAccelRaw.z,2)))*(180/3.141592654)*-1);
                                                                                                        ^
../Core/Src/main.c:126:104: error: expected statement before ')' token
../Core/Src/main.c:129:8: error: 'i' undeclared (first use in this function)
     if(i==199){
        ^
../Core/Src/main.c:140:6: error: 'gyro_error_x' undeclared (first use in this function); did you mean 'gyro_error'?
      gyro_error_x+=(myGyroRaw.x/65.5);
      ^~~~~~~~~~~~
      gyro_error
../Core/Src/main.c:141:6: error: 'gyro_error_y' undeclared (first use in this function); did you mean 'gyro_error_x'?
      gyro_error_y+=(myGyroRaw.y/65.5);
      ^~~~~~~~~~~~
      gyro_error_x
make: *** [Core/Src/subdir.mk:38: Core/Src/main.o] Error 1
"make -j8 all" terminated with exit code 2. Build might be incomplete.
21:39:42 **** Incremental Build of configuration Debug for project Acelerometro ****
make -j8 all 
arm-none-eabi-gcc "../Core/Src/main.c" -mcpu=cortex-m3 -std=gnu11 -g3 -DUSE_HAL_DRIVER -DSTM32F103xB -DDEBUG -c -I../Drivers/CMSIS/Device/ST/STM32F1xx/Include -I../Drivers/CMSIS/Include -I../Core/Inc -I../Drivers/STM32F1xx_HAL_Driver/Inc/Legacy -I../Drivers/STM32F1xx_HAL_Driver/Inc -O0 -ffunction-sections -fdata-sections -Wall -fstack-usage -MMD -MP -MF"Core/Src/main.d" -MT"Core/Src/main.o" --specs=nano.specs -mfloat-abi=soft -mthumb -o "Core/Src/main.o"
../Core/Src/main.c: In function 'main':
../Core/Src/main.c:74:24: error: redefinition of 'acc_error_x'
  float acc_error_x = 0,acc_error_x = 0;
                        ^~~~~~~~~~~
../Core/Src/main.c:74:8: note: previous definition of 'acc_error_x' was here
  float acc_error_x = 0,acc_error_x = 0;
        ^~~~~~~~~~~
../Core/Src/main.c:126:6: error: 'acc_error_y' undeclared (first use in this function); did you mean 'acc_error_x'?
      acc_error_y+=atan(myAccelRaw.x/sqrt(pow(myAccelRaw.y,2)+pow(myAccelRaw.z,2)))*(180/3.141592654)*-1);
      ^~~~~~~~~~~
      acc_error_x
../Core/Src/main.c:126:6: note: each undeclared identifier is reported only once for each function it appears in
../Core/Src/main.c:126:104: error: expected ';' before ')' token
      acc_error_y+=atan(myAccelRaw.x/sqrt(pow(myAccelRaw.y,2)+pow(myAccelRaw.z,2)))*(180/3.141592654)*-1);
                                                                                                        ^
../Core/Src/main.c:126:104: error: expected statement before ')' token
../Core/Src/main.c:129:8: error: 'i' undeclared (first use in this function)
     if(i==199){
        ^
../Core/Src/main.c:140:6: error: 'gyro_error_x' undeclared (first use in this function); did you mean 'gyro_error'?
      gyro_error_x+=(myGyroRaw.x/65.5);
      ^~~~~~~~~~~~
      gyro_error
../Core/Src/main.c:141:6: error: 'gyro_error_y' undeclared (first use in this function); did you mean 'gyro_error_x'?
      gyro_error_y+=(myGyroRaw.y/65.5);
      ^~~~~~~~~~~~
      gyro_error_x
make: *** [Core/Src/subdir.mk:38: Core/Src/main.o] Error 1
"make -j8 all" terminated with exit code 2. Build might be incomplete.
21:40:19 **** Incremental Build of configuration Debug for project Acelerometro ****
make -j8 all 
arm-none-eabi-gcc "../Core/Src/main.c" -mcpu=cortex-m3 -std=gnu11 -g3 -DUSE_HAL_DRIVER -DSTM32F103xB -DDEBUG -c -I../Drivers/CMSIS/Device/ST/STM32F1xx/Include -I../Drivers/CMSIS/Include -I../Core/Inc -I../Drivers/STM32F1xx_HAL_Driver/Inc/Legacy -I../Drivers/STM32F1xx_HAL_Driver/Inc -O0 -ffunction-sections -fdata-sections -Wall -fstack-usage -MMD -MP -MF"Core/Src/main.d" -MT"Core/Src/main.o" --specs=nano.specs -mfloat-abi=soft -mthumb -o "Core/Src/main.o"
../Core/Src/main.c: In function 'main':
../Core/Src/main.c:74:24: error: redefinition of 'acc_error_x'
  float acc_error_x = 0,acc_error_x = 0;
                        ^~~~~~~~~~~
../Core/Src/main.c:74:8: note: previous definition of 'acc_error_x' was here
  float acc_error_x = 0,acc_error_x = 0;
        ^~~~~~~~~~~
../Core/Src/main.c:127:6: error: 'acc_error_y' undeclared (first use in this function); did you mean 'acc_error_x'?
      acc_error_y+=atan(myAccelRaw.x/sqrt(pow(myAccelRaw.y,2)+pow(myAccelRaw.z,2)))*(180/3.141592654)*-1);
      ^~~~~~~~~~~
      acc_error_x
../Core/Src/main.c:127:6: note: each undeclared identifier is reported only once for each function it appears in
../Core/Src/main.c:127:104: error: expected ';' before ')' token
      acc_error_y+=atan(myAccelRaw.x/sqrt(pow(myAccelRaw.y,2)+pow(myAccelRaw.z,2)))*(180/3.141592654)*-1);
                                                                                                        ^
../Core/Src/main.c:127:104: error: expected statement before ')' token
../Core/Src/main.c:130:8: error: expected expression before 'int'
     if(int i==199){
        ^~~
../Core/Src/main.c:141:6: error: 'gyro_error_x' undeclared (first use in this function); did you mean 'gyro_error'?
      gyro_error_x+=(myGyroRaw.x/65.5);
      ^~~~~~~~~~~~
      gyro_error
../Core/Src/main.c:142:6: error: 'gyro_error_y' undeclared (first use in this function); did you mean 'gyro_error_x'?
      gyro_error_y+=(myGyroRaw.y/65.5);
      ^~~~~~~~~~~~
      gyro_error_x
../Core/Src/main.c:144:8: error: expected expression before 'int'
     if(int i==199){
        ^~~
make: *** [Core/Src/subdir.mk:38: Core/Src/main.o] Error 1
"make -j8 all" terminated with exit code 2. Build might be incomplete.
21:41:13 **** Incremental Build of configuration Debug for project Acelerometro ****
make -j8 all 
arm-none-eabi-gcc "../Core/Src/main.c" -mcpu=cortex-m3 -std=gnu11 -g3 -DUSE_HAL_DRIVER -DSTM32F103xB -DDEBUG -c -I../Drivers/CMSIS/Device/ST/STM32F1xx/Include -I../Drivers/CMSIS/Include -I../Core/Inc -I../Drivers/STM32F1xx_HAL_Driver/Inc/Legacy -I../Drivers/STM32F1xx_HAL_Driver/Inc -O0 -ffunction-sections -fdata-sections -Wall -fstack-usage -MMD -MP -MF"Core/Src/main.d" -MT"Core/Src/main.o" --specs=nano.specs -mfloat-abi=soft -mthumb -o "Core/Src/main.o"
../Core/Src/main.c: In function 'main':
../Core/Src/main.c:127:104: error: expected ';' before ')' token
      acc_error_y+=atan(myAccelRaw.x/sqrt(pow(myAccelRaw.y,2)+pow(myAccelRaw.z,2)))*(180/3.141592654)*-1);
                                                                                                        ^
../Core/Src/main.c:127:104: error: expected statement before ')' token
../Core/Src/main.c:130:8: error: 'i' undeclared (first use in this function)
     if(i==199){
        ^
../Core/Src/main.c:130:8: note: each undeclared identifier is reported only once for each function it appears in
../Core/Src/main.c:141:6: error: 'gyro_error_x' undeclared (first use in this function); did you mean 'gyro_error'?
      gyro_error_x+=(myGyroRaw.x/65.5);
      ^~~~~~~~~~~~
      gyro_error
../Core/Src/main.c:142:6: error: 'gyro_error_y' undeclared (first use in this function); did you mean 'gyro_error_x'?
      gyro_error_y+=(myGyroRaw.y/65.5);
      ^~~~~~~~~~~~
      gyro_error_x
make: *** [Core/Src/subdir.mk:38: Core/Src/main.o] Error 1
"make -j8 all" terminated with exit code 2. Build might be incomplete.
21:41:46 **** Incremental Build of configuration Debug for project Acelerometro ****
make -j8 all 
arm-none-eabi-gcc "../Core/Src/main.c" -mcpu=cortex-m3 -std=gnu11 -g3 -DUSE_HAL_DRIVER -DSTM32F103xB -DDEBUG -c -I../Drivers/CMSIS/Device/ST/STM32F1xx/Include -I../Drivers/CMSIS/Include -I../Core/Inc -I../Drivers/STM32F1xx_HAL_Driver/Inc/Legacy -I../Drivers/STM32F1xx_HAL_Driver/Inc -O0 -ffunction-sections -fdata-sections -Wall -fstack-usage -MMD -MP -MF"Core/Src/main.d" -MT"Core/Src/main.o" --specs=nano.specs -mfloat-abi=soft -mthumb -o "Core/Src/main.o"
../Core/Src/main.c: In function 'main':
../Core/Src/main.c:127:104: error: expected ';' before ')' token
      acc_error_y+=atan(myAccelRaw.x/sqrt(pow(myAccelRaw.y,2)+pow(myAccelRaw.z,2)))*(180/3.141592654)*-1);
                                                                                                        ^
../Core/Src/main.c:127:104: error: expected statement before ')' token
../Core/Src/main.c:130:8: error: 'i' undeclared (first use in this function)
     if(i==199){
        ^
../Core/Src/main.c:130:8: note: each undeclared identifier is reported only once for each function it appears in
../Core/Src/main.c:141:6: error: 'gyro_error_x' undeclared (first use in this function); did you mean 'gyro_error'?
      gyro_error_x+=(myGyroRaw.x/65.5);
      ^~~~~~~~~~~~
      gyro_error
../Core/Src/main.c:142:6: error: 'gyro_error_y' undeclared (first use in this function); did you mean 'gyro_error_x'?
      gyro_error_y+=(myGyroRaw.y/65.5);
      ^~~~~~~~~~~~
      gyro_error_x
make: *** [Core/Src/subdir.mk:38: Core/Src/main.o] Error 1
"make -j8 all" terminated with exit code 2. Build might be incomplete.
21:45:04 **** Incremental Build of configuration Debug for project Acelerometro ****
make -j8 all 
arm-none-eabi-gcc "../Core/Src/main.c" -mcpu=cortex-m3 -std=gnu11 -g3 -DUSE_HAL_DRIVER -DSTM32F103xB -DDEBUG -c -I../Drivers/CMSIS/Device/ST/STM32F1xx/Include -I../Drivers/CMSIS/Include -I../Core/Inc -I../Drivers/STM32F1xx_HAL_Driver/Inc/Legacy -I../Drivers/STM32F1xx_HAL_Driver/Inc -O0 -ffunction-sections -fdata-sections -Wall -fstack-usage -MMD -MP -MF"Core/Src/main.d" -MT"Core/Src/main.o" --specs=nano.specs -mfloat-abi=soft -mthumb -o "Core/Src/main.o"
../Core/Src/main.c: In function 'main':
../Core/Src/main.c:127:104: error: expected ';' before ')' token
      acc_error_y+=atan(myAccelRaw.x/sqrt(pow(myAccelRaw.y,2)+pow(myAccelRaw.z,2)))*(180/3.141592654)*-1);
                                                                                                        ^
../Core/Src/main.c:127:104: error: expected statement before ')' token
[...]
Finished building target: Acelerometro.elf
 
arm-none-eabi-objdump -h -S  Acelerometro.elf  > "Acelerometro.list"
arm-none-eabi-objcopy  -O binary  Acelerometro.elf  "Acelerometro.bin"
arm-none-eabi-size   Acelerometro.elf 
   text	   data	    bss	    dec	    hex	filename
  32076	    132	   3076	  35284	   89d4	Acelerometro.elf
Finished building: default.size.stdout
 
Finished building: Acelerometro.bin
 
Finished building: Acelerometro.list
 
23:16:03 **** Incremental Build of configuration Debug for project Acelerometro ****
make -j8 all 
arm-none-eabi-gcc "../Core/Src/main.c" -mcpu=cortex-m3 -std=gnu11 -g3 -DUSE_HAL_DRIVER -DSTM32F103xB -DDEBUG -c -I../Drivers/CMSIS/Device/ST/STM32F1xx/Include -I../Drivers/CMSIS/Include -I../Core/Inc -I../Drivers/STM32F1xx_HAL_Driver/Inc/Legacy -I../Drivers/STM32F1xx_HAL_Driver/Inc -O0 -ffunction-sections -fdata-sections -Wall -fstack-usage -MMD -MP -MF"Core/Src/main.d" -MT"Core/Src/main.o" --specs=nano.specs -mfloat-abi=soft -mthumb -o "Core/Src/main.o"
arm-none-eabi-gcc -o "Acelerometro.elf" @"objects.list"   -mcpu=cortex-m3 -T"C:\Users\cesar\STM32CubeIDE\workspace_1.2.0\Projeto-stm32\Acelerometro\STM32F103C8TX_FLASH.ld" --specs=nosys.specs -Wl,-Map="Acelerometro.map" -Wl,--gc-sections -static --specs=nano.specs -mfloat-abi=soft -mthumb -Wl,--start-group -lc -lm -Wl,--end-group
Finished building target: Acelerometro.elf
 
arm-none-eabi-objdump -h -S  Acelerometro.elf  > "Acelerometro.list"
arm-none-eabi-objcopy  -O binary  Acelerometro.elf  "Acelerometro.bin"
arm-none-eabi-size   Acelerometro.elf 
   text	   data	    bss	    dec	    hex	filename
  32084	    132	   3076	  35292	   89dc	Acelerometro.elf
Finished building: default.size.stdout
 
Finished building: Acelerometro.bin
 
Finished building: Acelerometro.list
 
23:17:49 **** Incremental Build of configuration Debug for project Acelerometro ****
make -j8 all 
arm-none-eabi-gcc "../Core/Src/main.c" -mcpu=cortex-m3 -std=gnu11 -g3 -DUSE_HAL_DRIVER -DSTM32F103xB -DDEBUG -c -I../Drivers/CMSIS/Device/ST/STM32F1xx/Include -I../Drivers/CMSIS/Include -I../Core/Inc -I../Drivers/STM32F1xx_HAL_Driver/Inc/Legacy -I../Drivers/STM32F1xx_HAL_Driver/Inc -O0 -ffunction-sections -fdata-sections -Wall -fstack-usage -MMD -MP -MF"Core/Src/main.d" -MT"Core/Src/main.o" --specs=nano.specs -mfloat-abi=soft -mthumb -o "Core/Src/main.o"
arm-none-eabi-gcc -o "Acelerometro.elf" @"objects.list"   -mcpu=cortex-m3 -T"C:\Users\cesar\STM32CubeIDE\workspace_1.2.0\Projeto-stm32\Acelerometro\STM32F103C8TX_FLASH.ld" --specs=nosys.specs -Wl,-Map="Acelerometro.map" -Wl,--gc-sections -static --specs=nano.specs -mfloat-abi=soft -mthumb -Wl,--start-group -lc -lm -Wl,--end-group
Finished building target: Acelerometro.elf
 
arm-none-eabi-objdump -h -S  Acelerometro.elf  > "Acelerometro.list"
arm-none-eabi-objcopy  -O binary  Acelerometro.elf  "Acelerometro.bin"
arm-none-eabi-size   Acelerometro.elf 
   text	   data	    bss	    dec	    hex	filename
  32076	    132	   3076	  35284	   89d4	Acelerometro.elf
Finished building: default.size.stdout
 
Finished building: Acelerometro.bin
 
Finished building: Acelerometro.list
 
23:17:52 **** Incremental Build of configuration Debug for project Acelerometro ****
make -j8 all 
arm-none-eabi-size   Acelerometro.elf 
   text	   data	    bss	    dec	    hex	filename
  32076	    132	   3076	  35284	   89d4	Acelerometro.elf
Finished building: default.size.stdout
 
23:18:16 **** Incremental Build of configuration Debug for project Acelerometro ****
make -j8 all 
arm-none-eabi-size   Acelerometro.elf 
   text	   data	    bss	    dec	    hex	filename
  32076	    132	   3076	  35284	   89d4	Acelerometro.elf
Finished building: default.size.stdout
 
23:19:32 **** Incremental Build of configuration Debug for project Acelerometro ****
make -j8 all 
arm-none-eabi-gcc "../Core/Src/main.c" -mcpu=cortex-m3 -std=gnu11 -g3 -DUSE_HAL_DRIVER -DSTM32F103xB -DDEBUG -c -I../Drivers/CMSIS/Device/ST/STM32F1xx/Include -I../Drivers/CMSIS/Include -I../Core/Inc -I../Drivers/STM32F1xx_HAL_Driver/Inc/Legacy -I../Drivers/STM32F1xx_HAL_Driver/Inc -O0 -ffunction-sections -fdata-sections -Wall -fstack-usage -MMD -MP -MF"Core/Src/main.d" -MT"Core/Src/main.o" --specs=nano.specs -mfloat-abi=soft -mthumb -o "Core/Src/main.o"
arm-none-eabi-gcc -o "Acelerometro.elf" @"objects.list"   -mcpu=cortex-m3 -T"C:\Users\cesar\STM32CubeIDE\workspace_1.2.0\Projeto-stm32\Acelerometro\STM32F103C8TX_FLASH.ld" --specs=nosys.specs -Wl,-Map="Acelerometro.map" -Wl,--gc-sections -static --specs=nano.specs -mfloat-abi=soft -mthumb -Wl,--start-group -lc -lm -Wl,--end-group
Finished building target: Acelerometro.elf
 
arm-none-eabi-objdump -h -S  Acelerometro.elf  > "Acelerometro.list"
arm-none-eabi-objcopy  -O binary  Acelerometro.elf  "Acelerometro.bin"
arm-none-eabi-size   Acelerometro.elf 
   text	   data	    bss	    dec	    hex	filename
  32036	    132	   3076	  35244	   89ac	Acelerometro.elf
Finished building: default.size.stdout
 
Finished building: Acelerometro.bin
 
Finished building: Acelerometro.list
 
23:47:08 **** Incremental Build of configuration Debug for project Acelerometro ****
make -j8 all 
arm-none-eabi-gcc "../Core/Src/main.c" -mcpu=cortex-m3 -std=gnu11 -g3 -DUSE_HAL_DRIVER -DSTM32F103xB -DDEBUG -c -I../Drivers/CMSIS/Device/ST/STM32F1xx/Include -I../Drivers/CMSIS/Include -I../Core/Inc -I../Drivers/STM32F1xx_HAL_Driver/Inc/Legacy -I../Drivers/STM32F1xx_HAL_Driver/Inc -O0 -ffunction-sections -fdata-sections -Wall -fstack-usage -MMD -MP -MF"Core/Src/main.d" -MT"Core/Src/main.o" --specs=nano.specs -mfloat-abi=soft -mthumb -o "Core/Src/main.o"
arm-none-eabi-gcc -o "Acelerometro.elf" @"objects.list"   -mcpu=cortex-m3 -T"C:\Users\cesar\STM32CubeIDE\workspace_1.2.0\Projeto-stm32\Acelerometro\STM32F103C8TX_FLASH.ld" --specs=nosys.specs -Wl,-Map="Acelerometro.map" -Wl,--gc-sections -static --specs=nano.specs -mfloat-abi=soft -mthumb -Wl,--start-group -lc -lm -Wl,--end-group
Finished building target: Acelerometro.elf
 
arm-none-eabi-objdump -h -S  Acelerometro.elf  > "Acelerometro.list"
arm-none-eabi-objcopy  -O binary  Acelerometro.elf  "Acelerometro.bin"
arm-none-eabi-size   Acelerometro.elf 
   text	   data	    bss	    dec	    hex	filename
  32052	    132	   3076	  35260	   89bc	Acelerometro.elf
Finished building: default.size.stdout
 
Finished building: Acelerometro.bin
 
Finished building: Acelerometro.list
 
23:48:34 **** Incremental Build of configuration Debug for project Acelerometro ****
make -j8 all 
arm-none-eabi-gcc "../Core/Src/main.c" -mcpu=cortex-m3 -std=gnu11 -g3 -DUSE_HAL_DRIVER -DSTM32F103xB -DDEBUG -c -I../Drivers/CMSIS/Device/ST/STM32F1xx/Include -I../Drivers/CMSIS/Include -I../Core/Inc -I../Drivers/STM32F1xx_HAL_Driver/Inc/Legacy -I../Drivers/STM32F1xx_HAL_Driver/Inc -O0 -ffunction-sections -fdata-sections -Wall -fstack-usage -MMD -MP -MF"Core/Src/main.d" -MT"Core/Src/main.o" --specs=nano.specs -mfloat-abi=soft -mthumb -o "Core/Src/main.o"
arm-none-eabi-gcc -o "Acelerometro.elf" @"objects.list"   -mcpu=cortex-m3 -T"C:\Users\cesar\STM32CubeIDE\workspace_1.2.0\Projeto-stm32\Acelerometro\STM32F103C8TX_FLASH.ld" --specs=nosys.specs -Wl,-Map="Acelerometro.map" -Wl,--gc-sections -static --specs=nano.specs -mfloat-abi=soft -mthumb -Wl,--start-group -lc -lm -Wl,--end-group
Finished building target: Acelerometro.elf
 
arm-none-eabi-objdump -h -S  Acelerometro.elf  > "Acelerometro.list"
arm-none-eabi-objcopy  -O binary  Acelerometro.elf  "Acelerometro.bin"
arm-none-eabi-size   Acelerometro.elf 
   text	   data	    bss	    dec	    hex	filename
  32060	    132	   3076	  35268	   89c4	Acelerometro.elf
Finished building: default.size.stdout
 
Finished building: Acelerometro.bin
 
Finished building: Acelerometro.list
 
23:49:44 **** Incremental Build of configuration Debug for project Acelerometro ****
make -j8 all 
arm-none-eabi-gcc "../Core/Src/main.c" -mcpu=cortex-m3 -std=gnu11 -g3 -DUSE_HAL_DRIVER -DSTM32F103xB -DDEBUG -c -I../Drivers/CMSIS/Device/ST/STM32F1xx/Include -I../Drivers/CMSIS/Include -I../Core/Inc -I../Drivers/STM32F1xx_HAL_Driver/Inc/Legacy -I../Drivers/STM32F1xx_HAL_Driver/Inc -O0 -ffunction-sections -fdata-sections -Wall -fstack-usage -MMD -MP -MF"Core/Src/main.d" -MT"Core/Src/main.o" --specs=nano.specs -mfloat-abi=soft -mthumb -o "Core/Src/main.o"
arm-none-eabi-gcc -o "Acelerometro.elf" @"objects.list"   -mcpu=cortex-m3 -T"C:\Users\cesar\STM32CubeIDE\workspace_1.2.0\Projeto-stm32\Acelerometro\STM32F103C8TX_FLASH.ld" --specs=nosys.specs -Wl,-Map="Acelerometro.map" -Wl,--gc-sections -static --specs=nano.specs -mfloat-abi=soft -mthumb -Wl,--start-group -lc -lm -Wl,--end-group
Finished building target: Acelerometro.elf
 
arm-none-eabi-objdump -h -S  Acelerometro.elf  > "Acelerometro.list"
arm-none-eabi-objcopy  -O binary  Acelerometro.elf  "Acelerometro.bin"
arm-none-eabi-size   Acelerometro.elf 
   text	   data	    bss	    dec	    hex	filename
  32060	    132	   3076	  35268	   89c4	Acelerometro.elf
Finished building: default.size.stdout
 
Finished building: Acelerometro.bin
 
Finished building: Acelerometro.list
 
23:50:55 **** Incremental Build of configuration Debug for project Acelerometro ****
make -j8 all 
arm-none-eabi-gcc "../Core/Src/main.c" -mcpu=cortex-m3 -std=gnu11 -g3 -DUSE_HAL_DRIVER -DSTM32F103xB -DDEBUG -c -I../Drivers/CMSIS/Device/ST/STM32F1xx/Include -I../Drivers/CMSIS/Include -I../Core/Inc -I../Drivers/STM32F1xx_HAL_Driver/Inc/Legacy -I../Drivers/STM32F1xx_HAL_Driver/Inc -O0 -ffunction-sections -fdata-sections -Wall -fstack-usage -MMD -MP -MF"Core/Src/main.d" -MT"Core/Src/main.o" --specs=nano.specs -mfloat-abi=soft -mthumb -o "Core/Src/main.o"
arm-none-eabi-gcc -o "Acelerometro.elf" @"objects.list"   -mcpu=cortex-m3 -T"C:\Users\cesar\STM32CubeIDE\workspace_1.2.0\Projeto-stm32\Acelerometro\STM32F103C8TX_FLASH.ld" --specs=nosys.specs -Wl,-Map="Acelerometro.map" -Wl,--gc-sections -static --specs=nano.specs -mfloat-abi=soft -mthumb -Wl,--start-group -lc -lm -Wl,--end-group
Finished building target: Acelerometro.elf
 
arm-none-eabi-objdump -h -S  Acelerometro.elf  > "Acelerometro.list"
arm-none-eabi-objcopy  -O binary  Acelerometro.elf  "Acelerometro.bin"
arm-none-eabi-size   Acelerometro.elf 
   text	   data	    bss	    dec	    hex	filename
  32036	    132	   3076	  35244	   89ac	Acelerometro.elf
Finished building: default.size.stdout
 
Finished building: Acelerometro.bin
 
Finished building: Acelerometro.list
 
23:54:11 **** Incremental Build of configuration Debug for project Acelerometro ****
make -j8 all 
arm-none-eabi-gcc "../Core/Src/main.c" -mcpu=cortex-m3 -std=gnu11 -g3 -DUSE_HAL_DRIVER -DSTM32F103xB -DDEBUG -c -I../Drivers/CMSIS/Device/ST/STM32F1xx/Include -I../Drivers/CMSIS/Include -I../Core/Inc -I../Drivers/STM32F1xx_HAL_Driver/Inc/Legacy -I../Drivers/STM32F1xx_HAL_Driver/Inc -O0 -ffunction-sections -fdata-sections -Wall -fstack-usage -MMD -MP -MF"Core/Src/main.d" -MT"Core/Src/main.o" --specs=nano.specs -mfloat-abi=soft -mthumb -o "Core/Src/main.o"
arm-none-eabi-gcc -o "Acelerometro.elf" @"objects.list"   -mcpu=cortex-m3 -T"C:\Users\cesar\STM32CubeIDE\workspace_1.2.0\Projeto-stm32\Acelerometro\STM32F103C8TX_FLASH.ld" --specs=nosys.specs -Wl,-Map="Acelerometro.map" -Wl,--gc-sections -static --specs=nano.specs -mfloat-abi=soft -mthumb -Wl,--start-group -lc -lm -Wl,--end-group
Finished building target: Acelerometro.elf
 
arm-none-eabi-objdump -h -S  Acelerometro.elf  > "Acelerometro.list"
arm-none-eabi-objcopy  -O binary  Acelerometro.elf  "Acelerometro.bin"
arm-none-eabi-size   Acelerometro.elf 
   text	   data	    bss	    dec	    hex	filename
  32108	    132	   3076	  35316	   89f4	Acelerometro.elf
Finished building: default.size.stdout
 
Finished building: Acelerometro.bin
 
Finished building: Acelerometro.list
 
23:56:58 **** Incremental Build of configuration Debug for project Acelerometro ****
make -j8 all 
arm-none-eabi-gcc "../Core/Src/main.c" -mcpu=cortex-m3 -std=gnu11 -g3 -DUSE_HAL_DRIVER -DSTM32F103xB -DDEBUG -c -I../Drivers/CMSIS/Device/ST/STM32F1xx/Include -I../Drivers/CMSIS/Include -I../Core/Inc -I../Drivers/STM32F1xx_HAL_Driver/Inc/Legacy -I../Drivers/STM32F1xx_HAL_Driver/Inc -O0 -ffunction-sections -fdata-sections -Wall -fstack-usage -MMD -MP -MF"Core/Src/main.d" -MT"Core/Src/main.o" --specs=nano.specs -mfloat-abi=soft -mthumb -o "Core/Src/main.o"
arm-none-eabi-gcc -o "Acelerometro.elf" @"objects.list"   -mcpu=cortex-m3 -T"C:\Users\cesar\STM32CubeIDE\workspace_1.2.0\Projeto-stm32\Acelerometro\STM32F103C8TX_FLASH.ld" --specs=nosys.specs -Wl,-Map="Acelerometro.map" -Wl,--gc-sections -static --specs=nano.specs -mfloat-abi=soft -mthumb -Wl,--start-group -lc -lm -Wl,--end-group
Finished building target: Acelerometro.elf
 
arm-none-eabi-objdump -h -S  Acelerometro.elf  > "Acelerometro.list"
arm-none-eabi-objcopy  -O binary  Acelerometro.elf  "Acelerometro.bin"
arm-none-eabi-size   Acelerometro.elf 
   text	   data	    bss	    dec	    hex	filename
  32036	    132	   3076	  35244	   89ac	Acelerometro.elf
Finished building: default.size.stdout
 
Finished building: Acelerometro.bin
 
Finished building: Acelerometro.list
 
00:00:41 **** Incremental Build of configuration Debug for project Acelerometro ****
make -j8 all 
arm-none-eabi-gcc "../Core/Src/main.c" -mcpu=cortex-m3 -std=gnu11 -g3 -DUSE_HAL_DRIVER -DSTM32F103xB -DDEBUG -c -I../Drivers/CMSIS/Device/ST/STM32F1xx/Include -I../Drivers/CMSIS/Include -I../Core/Inc -I../Drivers/STM32F1xx_HAL_Driver/Inc/Legacy -I../Drivers/STM32F1xx_HAL_Driver/Inc -O0 -ffunction-sections -fdata-sections -Wall -fstack-usage -MMD -MP -MF"Core/Src/main.d" -MT"Core/Src/main.o" --specs=nano.specs -mfloat-abi=soft -mthumb -o "Core/Src/main.o"
arm-none-eabi-gcc -o "Acelerometro.elf" @"objects.list"   -mcpu=cortex-m3 -T"C:\Users\cesar\STM32CubeIDE\workspace_1.2.0\Projeto-stm32\Acelerometro\STM32F103C8TX_FLASH.ld" --specs=nosys.specs -Wl,-Map="Acelerometro.map" -Wl,--gc-sections -static --specs=nano.specs -mfloat-abi=soft -mthumb -Wl,--start-group -lc -lm -Wl,--end-group
Finished building target: Acelerometro.elf
 
arm-none-eabi-objdump -h -S  Acelerometro.elf  > "Acelerometro.list"
arm-none-eabi-objcopy  -O binary  Acelerometro.elf  "Acelerometro.bin"
arm-none-eabi-size   Acelerometro.elf 
   text	   data	    bss	    dec	    hex	filename
  32076	    132	   3076	  35284	   89d4	Acelerometro.elf
Finished building: default.size.stdout
 
Finished building: Acelerometro.bin
 
Finished building: Acelerometro.list
 
00:03:39 **** Incremental Build of configuration Debug for project Acelerometro ****
make -j8 all 
arm-none-eabi-gcc "../Core/Src/main.c" -mcpu=cortex-m3 -std=gnu11 -g3 -DUSE_HAL_DRIVER -DSTM32F103xB -DDEBUG -c -I../Drivers/CMSIS/Device/ST/STM32F1xx/Include -I../Drivers/CMSIS/Include -I../Core/Inc -I../Drivers/STM32F1xx_HAL_Driver/Inc/Legacy -I../Drivers/STM32F1xx_HAL_Driver/Inc -O0 -ffunction-sections -fdata-sections -Wall -fstack-usage -MMD -MP -MF"Core/Src/main.d" -MT"Core/Src/main.o" --specs=nano.specs -mfloat-abi=soft -mthumb -o "Core/Src/main.o"
arm-none-eabi-gcc -o "Acelerometro.elf" @"objects.list"   -mcpu=cortex-m3 -T"C:\Users\cesar\STM32CubeIDE\workspace_1.2.0\Projeto-stm32\Acelerometro\STM32F103C8TX_FLASH.ld" --specs=nosys.specs -Wl,-Map="Acelerometro.map" -Wl,--gc-sections -static --specs=nano.specs -mfloat-abi=soft -mthumb -Wl,--start-group -lc -lm -Wl,--end-group
Finished building target: Acelerometro.elf
 
arm-none-eabi-objdump -h -S  Acelerometro.elf  > "Acelerometro.list"
arm-none-eabi-objcopy  -O binary  Acelerometro.elf  "Acelerometro.bin"
arm-none-eabi-size   Acelerometro.elf 
   text	   data	    bss	    dec	    hex	filename
  32116	    132	   3076	  35324	   89fc	Acelerometro.elf
Finished building: default.size.stdout
 
Finished building: Acelerometro.bin
 
Finished building: Acelerometro.list
 
00:05:32 **** Incremental Build of configuration Debug for project Acelerometro ****
make -j8 all 
arm-none-eabi-gcc "../Core/Src/main.c" -mcpu=cortex-m3 -std=gnu11 -g3 -DUSE_HAL_DRIVER -DSTM32F103xB -DDEBUG -c -I../Drivers/CMSIS/Device/ST/STM32F1xx/Include -I../Drivers/CMSIS/Include -I../Core/Inc -I../Drivers/STM32F1xx_HAL_Driver/Inc/Legacy -I../Drivers/STM32F1xx_HAL_Driver/Inc -O0 -ffunction-sections -fdata-sections -Wall -fstack-usage -MMD -MP -MF"Core/Src/main.d" -MT"Core/Src/main.o" --specs=nano.specs -mfloat-abi=soft -mthumb -o "Core/Src/main.o"
arm-none-eabi-gcc -o "Acelerometro.elf" @"objects.list"   -mcpu=cortex-m3 -T"C:\Users\cesar\STM32CubeIDE\workspace_1.2.0\Projeto-stm32\Acelerometro\STM32F103C8TX_FLASH.ld" --specs=nosys.specs -Wl,-Map="Acelerometro.map" -Wl,--gc-sections -static --specs=nano.specs -mfloat-abi=soft -mthumb -Wl,--start-group -lc -lm -Wl,--end-group
Finished building target: Acelerometro.elf
 
arm-none-eabi-objdump -h -S  Acelerometro.elf  > "Acelerometro.list"
arm-none-eabi-objcopy  -O binary  Acelerometro.elf  "Acelerometro.bin"
arm-none-eabi-size   Acelerometro.elf 
   text	   data	    bss	    dec	    hex	filename
  32140	    132	   3076	  35348	   8a14	Acelerometro.elf
Finished building: default.size.stdout
 
Finished building: Acelerometro.bin
 
Finished building: Acelerometro.list
 
00:07:21 **** Incremental Build of configuration Debug for project Acelerometro ****
make -j8 all 
arm-none-eabi-gcc "../Core/Src/main.c" -mcpu=cortex-m3 -std=gnu11 -g3 -DUSE_HAL_DRIVER -DSTM32F103xB -DDEBUG -c -I../Drivers/CMSIS/Device/ST/STM32F1xx/Include -I../Drivers/CMSIS/Include -I../Core/Inc -I../Drivers/STM32F1xx_HAL_Driver/Inc/Legacy -I../Drivers/STM32F1xx_HAL_Driver/Inc -O0 -ffunction-sections -fdata-sections -Wall -fstack-usage -MMD -MP -MF"Core/Src/main.d" -MT"Core/Src/main.o" --specs=nano.specs -mfloat-abi=soft -mthumb -o "Core/Src/main.o"
arm-none-eabi-gcc -o "Acelerometro.elf" @"objects.list"   -mcpu=cortex-m3 -T"C:\Users\cesar\STM32CubeIDE\workspace_1.2.0\Projeto-stm32\Acelerometro\STM32F103C8TX_FLASH.ld" --specs=nosys.specs -Wl,-Map="Acelerometro.map" -Wl,--gc-sections -static --specs=nano.specs -mfloat-abi=soft -mthumb -Wl,--start-group -lc -lm -Wl,--end-group
Finished building target: Acelerometro.elf
 
arm-none-eabi-objdump -h -S  Acelerometro.elf  > "Acelerometro.list"
arm-none-eabi-objcopy  -O binary  Acelerometro.elf  "Acelerometro.bin"
arm-none-eabi-size   Acelerometro.elf 
   text	   data	    bss	    dec	    hex	filename
  32140	    132	   3076	  35348	   8a14	Acelerometro.elf
Finished building: default.size.stdout
 
Finished building: Acelerometro.bin
 
Finished building: Acelerometro.list
 
00:08:31 **** Incremental Build of configuration Debug for project Acelerometro ****
make -j8 all 
arm-none-eabi-gcc "../Core/Src/main.c" -mcpu=cortex-m3 -std=gnu11 -g3 -DUSE_HAL_DRIVER -DSTM32F103xB -DDEBUG -c -I../Drivers/CMSIS/Device/ST/STM32F1xx/Include -I../Drivers/CMSIS/Include -I../Core/Inc -I../Drivers/STM32F1xx_HAL_Driver/Inc/Legacy -I../Drivers/STM32F1xx_HAL_Driver/Inc -O0 -ffunction-sections -fdata-sections -Wall -fstack-usage -MMD -MP -MF"Core/Src/main.d" -MT"Core/Src/main.o" --specs=nano.specs -mfloat-abi=soft -mthumb -o "Core/Src/main.o"
arm-none-eabi-gcc -o "Acelerometro.elf" @"objects.list"   -mcpu=cortex-m3 -T"C:\Users\cesar\STM32CubeIDE\workspace_1.2.0\Projeto-stm32\Acelerometro\STM32F103C8TX_FLASH.ld" --specs=nosys.specs -Wl,-Map="Acelerometro.map" -Wl,--gc-sections -static --specs=nano.specs -mfloat-abi=soft -mthumb -Wl,--start-group -lc -lm -Wl,--end-group
Finished building target: Acelerometro.elf
 
arm-none-eabi-objdump -h -S  Acelerometro.elf  > "Acelerometro.list"
arm-none-eabi-objcopy  -O binary  Acelerometro.elf  "Acelerometro.bin"
arm-none-eabi-size   Acelerometro.elf 
   text	   data	    bss	    dec	    hex	filename
  32116	    132	   3076	  35324	   89fc	Acelerometro.elf
Finished building: default.size.stdout
 
Finished building: Acelerometro.bin
 
Finished building: Acelerometro.list
 
